Archive member included to satisfy reference by file (symbol)

lib/ili9341/libili9341.a(ili9341.c.obj)
                              CMakeFiles/test.dir/main.c.obj (LCD_initDisplay)
lib/gfx/libgfx.a(gfx.c.obj)   CMakeFiles/test.dir/main.c.obj (GFX_clearScreen)
max/libmax30102.a(max30102.c.obj)
                              CMakeFiles/test.dir/main.c.obj (max_init)
/usr/lib/gcc/arm-none-eabi/9.2.1/thumb/v6-m/nofp/libgcc.a(_dvmd_tls.o)
                              CMakeFiles/test.dir/home/sebin/RP/pico/pico-sdk/src/rp2_common/pico_divider/divider.S.obj (__aeabi_idiv0)
/usr/lib/gcc/arm-none-eabi/9.2.1/../../../arm-none-eabi/lib/thumb/v6-m/nofp/libc.a(lib_a-atexit.o)
                              /usr/lib/gcc/arm-none-eabi/9.2.1/../../../arm-none-eabi/lib/thumb/v6-m/nofp/crt0.o (atexit)
/usr/lib/gcc/arm-none-eabi/9.2.1/../../../arm-none-eabi/lib/thumb/v6-m/nofp/libc.a(lib_a-calloc.o)
                              CMakeFiles/test.dir/home/sebin/RP/pico/pico-sdk/src/rp2_common/pico_malloc/pico_malloc.c.obj (calloc)
/usr/lib/gcc/arm-none-eabi/9.2.1/../../../arm-none-eabi/lib/thumb/v6-m/nofp/libc.a(lib_a-callocr.o)
                              /usr/lib/gcc/arm-none-eabi/9.2.1/../../../arm-none-eabi/lib/thumb/v6-m/nofp/libc.a(lib_a-calloc.o) (_calloc_r)
/usr/lib/gcc/arm-none-eabi/9.2.1/../../../arm-none-eabi/lib/thumb/v6-m/nofp/libc.a(lib_a-fini.o)
                              /usr/lib/gcc/arm-none-eabi/9.2.1/../../../arm-none-eabi/lib/thumb/v6-m/nofp/crt0.o (__libc_fini_array)
/usr/lib/gcc/arm-none-eabi/9.2.1/../../../arm-none-eabi/lib/thumb/v6-m/nofp/libc.a(lib_a-impure.o)
                              /usr/lib/gcc/arm-none-eabi/9.2.1/../../../arm-none-eabi/lib/thumb/v6-m/nofp/libc.a(lib_a-calloc.o) (_impure_ptr)
/usr/lib/gcc/arm-none-eabi/9.2.1/../../../arm-none-eabi/lib/thumb/v6-m/nofp/libc.a(lib_a-init.o)
                              /usr/lib/gcc/arm-none-eabi/9.2.1/../../../arm-none-eabi/lib/thumb/v6-m/nofp/crt0.o (__libc_init_array)
/usr/lib/gcc/arm-none-eabi/9.2.1/../../../arm-none-eabi/lib/thumb/v6-m/nofp/libc.a(lib_a-malloc.o)
                              CMakeFiles/test.dir/home/sebin/RP/pico/pico-sdk/src/rp2_common/pico_malloc/pico_malloc.c.obj (malloc)
/usr/lib/gcc/arm-none-eabi/9.2.1/../../../arm-none-eabi/lib/thumb/v6-m/nofp/libc.a(lib_a-mallocr.o)
                              /usr/lib/gcc/arm-none-eabi/9.2.1/../../../arm-none-eabi/lib/thumb/v6-m/nofp/libc.a(lib_a-callocr.o) (_malloc_r)
/usr/lib/gcc/arm-none-eabi/9.2.1/../../../arm-none-eabi/lib/thumb/v6-m/nofp/libc.a(lib_a-mlock.o)
                              /usr/lib/gcc/arm-none-eabi/9.2.1/../../../arm-none-eabi/lib/thumb/v6-m/nofp/libc.a(lib_a-mallocr.o) (__malloc_lock)
/usr/lib/gcc/arm-none-eabi/9.2.1/../../../arm-none-eabi/lib/thumb/v6-m/nofp/libc.a(lib_a-realloc.o)
                              CMakeFiles/test.dir/home/sebin/RP/pico/pico-sdk/src/rp2_common/pico_malloc/pico_malloc.c.obj (realloc)
/usr/lib/gcc/arm-none-eabi/9.2.1/../../../arm-none-eabi/lib/thumb/v6-m/nofp/libc.a(lib_a-reallocr.o)
                              /usr/lib/gcc/arm-none-eabi/9.2.1/../../../arm-none-eabi/lib/thumb/v6-m/nofp/libc.a(lib_a-realloc.o) (_realloc_r)
/usr/lib/gcc/arm-none-eabi/9.2.1/../../../arm-none-eabi/lib/thumb/v6-m/nofp/libc.a(lib_a-sbrkr.o)
                              /usr/lib/gcc/arm-none-eabi/9.2.1/../../../arm-none-eabi/lib/thumb/v6-m/nofp/libc.a(lib_a-mallocr.o) (_sbrk_r)
/usr/lib/gcc/arm-none-eabi/9.2.1/../../../arm-none-eabi/lib/thumb/v6-m/nofp/libc.a(lib_a-strlen-stub.o)
                              CMakeFiles/test.dir/home/sebin/RP/pico/pico-sdk/src/rp2_common/pico_stdio/stdio.c.obj (strlen)
/usr/lib/gcc/arm-none-eabi/9.2.1/../../../arm-none-eabi/lib/thumb/v6-m/nofp/libc.a(lib_a-vsprintf.o)
                              lib/gfx/libgfx.a(gfx.c.obj) (vsprintf)
/usr/lib/gcc/arm-none-eabi/9.2.1/../../../arm-none-eabi/lib/thumb/v6-m/nofp/libc.a(lib_a-__atexit.o)
                              /usr/lib/gcc/arm-none-eabi/9.2.1/../../../arm-none-eabi/lib/thumb/v6-m/nofp/libc.a(lib_a-atexit.o) (__register_exitproc)
/usr/lib/gcc/arm-none-eabi/9.2.1/../../../arm-none-eabi/lib/thumb/v6-m/nofp/libc.a(lib_a-freer.o)
                              /usr/lib/gcc/arm-none-eabi/9.2.1/../../../arm-none-eabi/lib/thumb/v6-m/nofp/libc.a(lib_a-malloc.o) (_free_r)
/usr/lib/gcc/arm-none-eabi/9.2.1/../../../arm-none-eabi/lib/thumb/v6-m/nofp/libc.a(lib_a-memmove.o)
                              /usr/lib/gcc/arm-none-eabi/9.2.1/../../../arm-none-eabi/lib/thumb/v6-m/nofp/libc.a(lib_a-reallocr.o) (memmove)
/usr/lib/gcc/arm-none-eabi/9.2.1/../../../arm-none-eabi/lib/thumb/v6-m/nofp/libc.a(lib_a-reent.o)
                              /usr/lib/gcc/arm-none-eabi/9.2.1/../../../arm-none-eabi/lib/thumb/v6-m/nofp/libc.a(lib_a-sbrkr.o) (errno)
/usr/lib/gcc/arm-none-eabi/9.2.1/../../../arm-none-eabi/lib/thumb/v6-m/nofp/libc.a(lib_a-svfprintf.o)
[...]
Memory Configuration

Name             Origin             Length             Attributes
FLASH            0x0000000010000000 0x0000000000200000 xr
RAM              0x0000000020000000 0x0000000000040000 xrw
SCRATCH_X        0x0000000020040000 0x0000000000001000 xrw
SCRATCH_Y        0x0000000020041000 0x0000000000001000 xrw
*default*        0x0000000000000000 0xffffffffffffffff

Linker script and memory map

LOAD /usr/lib/gcc/arm-none-eabi/9.2.1/thumb/v6-m/nofp/crti.o
LOAD /usr/lib/gcc/arm-none-eabi/9.2.1/thumb/v6-m/nofp/crtbegin.o
LOAD /usr/lib/gcc/arm-none-eabi/9.2.1/../../../arm-none-eabi/lib/thumb/v6-m/nofp/crt0.o

.flash_begin    0x0000000010000000        0x0
                0x0000000010000000                __flash_binary_start = .

.boot2          0x0000000010000000      0x100
                0x0000000010000000                __boot2_start__ = .
 *(.boot2)
 .boot2         0x0000000010000000      0x100 /tmp/ccjwYdqq.o
                0x0000000010000100                __boot2_end__ = .
                0x0000000000000001                ASSERT (((__boot2_end__ - __boot2_start__) == 0x100), ERROR: Pico second stage bootloader must be 256 bytes in size)

.text           0x0000000010000100     0x8e18
                0x0000000010000100                __logical_binary_start = .
 *(.vectors)
 .vectors       0x0000000010000100       0xd4 CMakeFiles/test.dir/home/sebin/RP/pico/pico-sdk/src/rp2_common/pico_standard_link/crt0.S.obj
                0x0000000010000100                __vectors
                0x0000000010000100                __VECTOR_TABLE
                0x00000000100001c0                isr_invalid
                0x00000000100001c0                __default_isrs_start
                0x00000000100001c2                isr_nmi
                0x00000000100001c4                isr_hardfault
                0x00000000100001c6                isr_svcall
                0x00000000100001c8                isr_pendsv
                0x00000000100001ca                isr_systick
                0x00000000100001cc                isr_irq30
                0x00000000100001cc                __unhandled_user_irq
                0x00000000100001cc                isr_irq13
                0x00000000100001cc                isr_irq27
                0x00000000100001cc                isr_irq31
                0x00000000100001cc                isr_irq5
                0x00000000100001cc                isr_irq11
                0x00000000100001cc                isr_irq23
                0x00000000100001cc                isr_irq18
                0x00000000100001cc                isr_irq28
                0x00000000100001cc                isr_irq19
                0x00000000100001cc                isr_irq0
                0x00000000100001cc                isr_irq6
                0x00000000100001cc                isr_irq22
                0x00000000100001cc                isr_irq17
                0x00000000100001cc                isr_irq14
                0x00000000100001cc                isr_irq2
                0x00000000100001cc                isr_irq10
                0x00000000100001cc                isr_irq8
                0x00000000100001cc                isr_irq24
                0x00000000100001cc                isr_irq1
                0x00000000100001cc                isr_irq7
                0x00000000100001cc                isr_irq21
                0x00000000100001cc                isr_irq20
                0x00000000100001cc                isr_irq15
                0x00000000100001cc                isr_irq25
                0x00000000100001cc                isr_irq4
                0x00000000100001cc                isr_irq16
                0x00000000100001cc                isr_irq29
                0x00000000100001cc                isr_irq26
                0x00000000100001cc                __default_isrs_end
                0x00000000100001cc                isr_irq3
                0x00000000100001cc                isr_irq12
                0x00000000100001cc                isr_irq9
                0x00000000100001d2                unhandled_user_irq_num_in_r0
 *(.binary_info_header)
 .binary_info_header
                0x00000000100001d4       0x14 CMakeFiles/test.dir/home/sebin/RP/pico/pico-sdk/src/rp2_common/pico_standard_link/crt0.S.obj
                0x00000000100001e8                __binary_info_header_end = .
 *(.reset)
 .reset         0x00000000100001e8       0xa0 CMakeFiles/test.dir/home/sebin/RP/pico/pico-sdk/src/rp2_common/pico_standard_link/crt0.S.obj
                0x00000000100001e8                _entry_point
 .reset         0x0000000010000288       0x30 CMakeFiles/test.dir/home/sebin/RP/pico/pico-sdk/src/rp2_common/pico_standard_link/binary_info.c.obj
 *(.init)
 .init          0x00000000100002b8        0x4 /usr/lib/gcc/arm-none-eabi/9.2.1/thumb/v6-m/nofp/crti.o
                0x00000000100002b8                _init
 *(EXCLUDE_FILE(*libm.a: *libc.a:*lib_a-mem*.o *libgcc.a:) .text*)
 .text          0x00000000100002bc       0x98 /usr/lib/gcc/arm-none-eabi/9.2.1/thumb/v6-m/nofp/crtbegin.o
 .text.startup.main
                0x0000000010000354      0x200 CMakeFiles/test.dir/main.c.obj
                0x0000000010000354                main
 .text.gpio_set_function
                0x0000000010000554       0x30 CMakeFiles/test.dir/home/sebin/RP/pico/pico-sdk/src/rp2_common/hardware_gpio/gpio.c.obj
                0x0000000010000554                gpio_set_function
 .text.gpio_set_pulls
                0x0000000010000584       0x30 CMakeFiles/test.dir/home/sebin/RP/pico/pico-sdk/src/rp2_common/hardware_gpio/gpio.c.obj
                0x0000000010000584                gpio_set_pulls
 .text.gpio_init
                0x00000000100005b4       0x3c CMakeFiles/test.dir/home/sebin/RP/pico/pico-sdk/src/rp2_common/hardware_gpio/gpio.c.obj
                0x00000000100005b4                gpio_init
 .text.running_on_fpga
                0x00000000100005f0       0x10 CMakeFiles/test.dir/home/sebin/RP/pico/pico-sdk/src/rp2_common/pico_platform/platform.c.obj
                0x00000000100005f0                running_on_fpga
 .text.hw_claim_or_assert
                0x0000000010000600       0x48 CMakeFiles/test.dir/home/sebin/RP/pico/pico-sdk/src/rp2_common/hardware_claim/claim.c.obj
                0x0000000010000600                hw_claim_or_assert
 .text.spin_locks_reset
                0x0000000010000648       0x1c CMakeFiles/test.dir/home/sebin/RP/pico/pico-sdk/src/rp2_common/hardware_sync/sync.c.obj
                0x0000000010000648                spin_locks_reset
 .text.next_striped_spin_lock_num
                0x0000000010000664       0x18 CMakeFiles/test.dir/home/sebin/RP/pico/pico-sdk/src/rp2_common/hardware_sync/sync.c.obj
                0x0000000010000664                next_striped_spin_lock_num
 .text.irq_set_enabled
                0x000000001000067c       0x24 CMakeFiles/test.dir/home/sebin/RP/pico/pico-sdk/src/rp2_common/hardware_irq/irq.c.obj
                0x000000001000067c                irq_set_enabled
 .text.irq_get_vtable_handler
                0x00000000100006a0       0x10 CMakeFiles/test.dir/home/sebin/RP/pico/pico-sdk/src/rp2_common/hardware_irq/irq.c.obj
                0x00000000100006a0                irq_get_vtable_handler
 .text.irq_set_exclusive_handler
                0x00000000100006b0       0x54 CMakeFiles/test.dir/home/sebin/RP/pico/pico-sdk/src/rp2_common/hardware_irq/irq.c.obj
                0x00000000100006b0                irq_set_exclusive_handler
 .text.irq_remove_handler
                0x0000000010000704      0x1b4 CMakeFiles/test.dir/home/sebin/RP/pico/pico-sdk/src/rp2_common/hardware_irq/irq.c.obj
                0x0000000010000704                irq_remove_handler
 .text.irq_add_tail_to_free_list
                0x00000000100008b8       0xb4 CMakeFiles/test.dir/home/sebin/RP/pico/pico-sdk/src/rp2_common/hardware_irq/irq.c.obj
                0x00000000100008b8                irq_add_tail_to_free_list
 .text.irq_init_priorities
                0x000000001000096c       0x24 CMakeFiles/test.dir/home/sebin/RP/pico/pico-sdk/src/rp2_common/hardware_irq/irq.c.obj
                0x000000001000096c                irq_init_priorities
 .text.lock_init
                0x0000000010000990       0x10 CMakeFiles/test.dir/home/sebin/RP/pico/pico-sdk/src/common/pico_sync/lock_core.c.obj
                0x0000000010000990                lock_init
 .text.mutex_init
                0x00000000100009a0       0x1c CMakeFiles/test.dir/home/sebin/RP/pico/pico-sdk/src/common/pico_sync/mutex.c.obj
                0x00000000100009a0                mutex_init
 .text.recursive_mutex_init
                0x00000000100009bc       0x1c CMakeFiles/test.dir/home/sebin/RP/pico/pico-sdk/src/common/pico_sync/mutex.c.obj
                0x00000000100009bc                recursive_mutex_init
 .text.timer_pool_entry_comparator
                0x00000000100009d8       0x34 CMakeFiles/test.dir/home/sebin/RP/pico/pico-sdk/src/common/pico_time/time.c.obj
                0x00000000100009d8                timer_pool_entry_comparator
 .text.sleep_until_callback
                0x0000000010000a0c       0x30 CMakeFiles/test.dir/home/sebin/RP/pico/pico-sdk/src/common/pico_time/time.c.obj
 .text.add_alarm_under_lock
                0x0000000010000a3c      0x108 CMakeFiles/test.dir/home/sebin/RP/pico/pico-sdk/src/common/pico_time/time.c.obj
 .text.alarm_pool_alarm_callback
                0x0000000010000b44      0x1bc CMakeFiles/test.dir/home/sebin/RP/pico/pico-sdk/src/common/pico_time/time.c.obj
 .text.alarm_pool_init_default
                0x0000000010000d00       0x6c CMakeFiles/test.dir/home/sebin/RP/pico/pico-sdk/src/common/pico_time/time.c.obj
                0x0000000010000d00                alarm_pool_init_default
 .text.alarm_pool_add_alarm_at
                0x0000000010000d6c      0x18c CMakeFiles/test.dir/home/sebin/RP/pico/pico-sdk/src/common/pico_time/time.c.obj
                0x0000000010000d6c                alarm_pool_add_alarm_at
 .text.sleep_until
                0x0000000010000ef8       0xc4 CMakeFiles/test.dir/home/sebin/RP/pico/pico-sdk/src/common/pico_time/time.c.obj
                0x0000000010000ef8                sleep_until
 .text.sleep_ms
                0x0000000010000fbc       0x34 CMakeFiles/test.dir/home/sebin/RP/pico/pico-sdk/src/common/pico_time/time.c.obj
                0x0000000010000fbc                sleep_ms
 .text.best_effort_wfe_or_timeout
                0x0000000010000ff0       0xd4 CMakeFiles/test.dir/home/sebin/RP/pico/pico-sdk/src/common/pico_time/time.c.obj
                0x0000000010000ff0                best_effort_wfe_or_timeout
 .text.hardware_alarm_irq_handler
                0x00000000100010c4       0xbc CMakeFiles/test.dir/home/sebin/RP/pico/pico-sdk/src/rp2_common/hardware_timer/timer.c.obj
 .text.hardware_alarm_claim
                0x0000000010001180       0x18 CMakeFiles/test.dir/home/sebin/RP/pico/pico-sdk/src/rp2_common/hardware_timer/timer.c.obj
                0x0000000010001180                hardware_alarm_claim
 .text.time_us_64
                0x0000000010001198       0x14 CMakeFiles/test.dir/home/sebin/RP/pico/pico-sdk/src/rp2_common/hardware_timer/timer.c.obj
                0x0000000010001198                time_us_64
 .text.busy_wait_until
                0x00000000100011ac       0x20 CMakeFiles/test.dir/home/sebin/RP/pico/pico-sdk/src/rp2_common/hardware_timer/timer.c.obj
                0x00000000100011ac                busy_wait_until
 .text.hardware_alarm_set_callback
                0x00000000100011cc       0x8c CMakeFiles/test.dir/home/sebin/RP/pico/pico-sdk/src/rp2_common/hardware_timer/timer.c.obj
                0x00000000100011cc                hardware_alarm_set_callback
 .text.hardware_alarm_set_target
                0x0000000010001258       0xd4 CMakeFiles/test.dir/home/sebin/RP/pico/pico-sdk/src/rp2_common/hardware_timer/timer.c.obj
                0x0000000010001258                hardware_alarm_set_target
 .text.hardware_alarm_cancel
                0x000000001000132c       0x40 CMakeFiles/test.dir/home/sebin/RP/pico/pico-sdk/src/rp2_common/hardware_timer/timer.c.obj
                0x000000001000132c                hardware_alarm_cancel
 .text.ph_merge_nodes
                0x000000001000136c       0x68 CMakeFiles/test.dir/home/sebin/RP/pico/pico-sdk/src/common/pico_util/pheap.c.obj
 .text.ph_post_alloc_init
                0x00000000100013d4       0x3c CMakeFiles/test.dir/home/sebin/RP/pico/pico-sdk/src/common/pico_util/pheap.c.obj
                0x00000000100013d4                ph_post_alloc_init
 .text.ph_merge_two_pass
                0x0000000010001410       0x90 CMakeFiles/test.dir/home/sebin/RP/pico/pico-sdk/src/common/pico_util/pheap.c.obj
                0x0000000010001410                ph_merge_two_pass
 .text.ph_remove_any_head
                0x00000000100014a0      0x100 CMakeFiles/test.dir/home/sebin/RP/pico/pico-sdk/src/common/pico_util/pheap.c.obj
 .text.ph_remove_head
                0x00000000100015a0      0x144 CMakeFiles/test.dir/home/sebin/RP/pico/pico-sdk/src/common/pico_util/pheap.c.obj
                0x00000000100015a0                ph_remove_head
 .text.ph_remove_and_free_node
                0x00000000100016e4       0x7c CMakeFiles/test.dir/home/sebin/RP/pico/pico-sdk/src/common/pico_util/pheap.c.obj
                0x00000000100016e4                ph_remove_and_free_node
 .text.clocks_init
                0x0000000010001760      0x2d0 CMakeFiles/test.dir/home/sebin/RP/pico/pico-sdk/src/rp2_common/hardware_clocks/clocks.c.obj
                0x0000000010001760                clocks_init
 .text.clock_get_hz
                0x0000000010001a30        0xc CMakeFiles/test.dir/home/sebin/RP/pico/pico-sdk/src/rp2_common/hardware_clocks/clocks.c.obj
                0x0000000010001a30                clock_get_hz
 .text.pll_init
                0x0000000010001a3c       0xa0 CMakeFiles/test.dir/home/sebin/RP/pico/pico-sdk/src/rp2_common/hardware_pll/pll.c.obj
                0x0000000010001a3c                pll_init
 .text.watchdog_start_tick
                0x0000000010001adc       0x10 CMakeFiles/test.dir/home/sebin/RP/pico/pico-sdk/src/rp2_common/hardware_watchdog/watchdog.c.obj
                0x0000000010001adc                watchdog_start_tick
 .text.xosc_init
                0x0000000010001aec       0x28 CMakeFiles/test.dir/home/sebin/RP/pico/pico-sdk/src/rp2_common/hardware_xosc/xosc.c.obj
                0x0000000010001aec                xosc_init
 .text.runtime_init
                0x0000000010001b14       0xf0 CMakeFiles/test.dir/home/sebin/RP/pico/pico-sdk/src/rp2_common/pico_runtime/runtime.c.obj
                0x0000000010001b14                runtime_init
 .text._exit    0x0000000010001c04        0x4 CMakeFiles/test.dir/home/sebin/RP/pico/pico-sdk/src/rp2_common/pico_runtime/runtime.c.obj
                0x0000000010001c04                _exit
 .text._sbrk    0x0000000010001c08       0x34 CMakeFiles/test.dir/home/sebin/RP/pico/pico-sdk/src/rp2_common/pico_runtime/runtime.c.obj
                0x0000000010001c08                _sbrk
 .text.exit     0x0000000010001c3c        0x8 CMakeFiles/test.dir/home/sebin/RP/pico/pico-sdk/src/rp2_common/pico_runtime/runtime.c.obj
                0x0000000010001c3c                exit
 .text.__assert_func
                0x0000000010001c44       0x34 CMakeFiles/test.dir/home/sebin/RP/pico/pico-sdk/src/rp2_common/pico_runtime/runtime.c.obj
                0x0000000010001c44                __assert_func
 .text.panic    0x0000000010001c78       0x30 CMakeFiles/test.dir/home/sebin/RP/pico/pico-sdk/src/rp2_common/pico_runtime/runtime.c.obj
                0x0000000010001c78                panic
 .text.hard_assertion_failure
                0x0000000010001ca8        0xc CMakeFiles/test.dir/home/sebin/RP/pico/pico-sdk/src/rp2_common/pico_runtime/runtime.c.obj
                0x0000000010001ca8                hard_assertion_failure
 .text._out_char
                0x0000000010001cb4       0x10 CMakeFiles/test.dir/home/sebin/RP/pico/pico-sdk/src/rp2_common/pico_printf/printf.c.obj
 .text.weak_raw_printf
                0x0000000010001cc4       0x40 CMakeFiles/test.dir/home/sebin/RP/pico/pico-sdk/src/rp2_common/pico_printf/printf.c.obj
                0x0000000010001cc4                weak_raw_printf
 .text.weak_raw_vprintf
                0x0000000010001d04       0x30 CMakeFiles/test.dir/home/sebin/RP/pico/pico-sdk/src/rp2_common/pico_printf/printf.c.obj
                0x0000000010001d04                weak_raw_vprintf
 .text          0x0000000010001d34       0x10 CMakeFiles/test.dir/home/sebin/RP/pico/pico-sdk/src/rp2_common/pico_bit_ops/bit_ops_aeabi.S.obj
 .text.rom_func_lookup
                0x0000000010001d44       0x10 CMakeFiles/test.dir/home/sebin/RP/pico/pico-sdk/src/rp2_common/pico_bootrom/bootrom.c.obj
                0x0000000010001d44                rom_func_lookup
 .text.rom_data_lookup
                0x0000000010001d54       0x10 CMakeFiles/test.dir/home/sebin/RP/pico/pico-sdk/src/rp2_common/pico_bootrom/bootrom.c.obj
                0x0000000010001d54                rom_data_lookup
 .text.rom_funcs_lookup
                0x0000000010001d64       0x3c CMakeFiles/test.dir/home/sebin/RP/pico/pico-sdk/src/rp2_common/pico_bootrom/bootrom.c.obj
                0x0000000010001d64                rom_funcs_lookup
 .text.__wrap___aeabi_idiv
                0x0000000010001da0       0x50 CMakeFiles/test.dir/home/sebin/RP/pico/pico-sdk/src/rp2_common/pico_divider/divider.S.obj
                0x0000000010001da0                __wrap___aeabi_idivmod
                0x0000000010001da0                divmod_s32s32
                0x0000000010001da0                div_s32s32
                0x0000000010001da0                __wrap___aeabi_idiv
                0x0000000010001da8                divmod_s32s32_unsafe
                0x0000000010001dd4                divmod_s32s32_savestate
 .text.__wrap___aeabi_uidiv
                0x0000000010001df0       0x4c CMakeFiles/test.dir/home/sebin/RP/pico/pico-sdk/src/rp2_common/pico_divider/divider.S.obj
                0x0000000010001df0                __wrap___aeabi_uidiv
                0x0000000010001df0                __wrap___aeabi_uidivmod
                0x0000000010001df0                div_u32u32
                0x0000000010001df0                divmod_u32u32
                0x0000000010001df8                divmod_u32u32_unsafe
                0x0000000010001e20                divmod_u32u32_savestate
 .text.__wrap___aeabi_ldiv
                0x0000000010001e3c      0x424 CMakeFiles/test.dir/home/sebin/RP/pico/pico-sdk/src/rp2_common/pico_divider/divider.S.obj
                0x0000000010001e3c                div_s64s64
                0x0000000010001e3c                divmod_s64s64
                0x0000000010001e3c                __wrap___aeabi_ldivmod
                0x0000000010001e6c                div_u64u64
                0x0000000010001e6c                divmod_u64u64
                0x0000000010001e6c                __wrap___aeabi_uldivmod
                0x0000000010001e7c                divmod_u64u64_savestate
                0x0000000010001e9c                divmod_s64s64_unsafe
                0x0000000010001f24                divmod_u64u64_unsafe
 .text.__wrap___aeabi_darithmetic
                0x0000000010002260       0x80 CMakeFiles/test.dir/home/sebin/RP/pico/pico-sdk/src/rp2_common/pico_double/double_aeabi.S.obj
                0x0000000010002260                __wrap___aeabi_drsub
                0x0000000010002266                __wrap___aeabi_dsub
                0x0000000010002278                __wrap___aeabi_dadd
                0x000000001000228a                __wrap___aeabi_ddiv
                0x00000000100022c6                __wrap___aeabi_dmul
 .text.__wrap___aeabi_cdcmple
                0x00000000100022e0       0x6c CMakeFiles/test.dir/home/sebin/RP/pico/pico-sdk/src/rp2_common/pico_double/double_aeabi.S.obj
                0x00000000100022e0                __wrap___aeabi_cdrcmple
                0x00000000100022f0                __wrap___aeabi_cdcmple
                0x00000000100022f0                __wrap___aeabi_cdcmpeq
 .text.__wrap___aeabi_dcmpeq
                0x000000001000234c       0x10 CMakeFiles/test.dir/home/sebin/RP/pico/pico-sdk/src/rp2_common/pico_double/double_aeabi.S.obj
                0x000000001000234c                __wrap___aeabi_dcmpeq
 .text.__wrap___aeabi_dcmplt
                0x000000001000235c        0xc CMakeFiles/test.dir/home/sebin/RP/pico/pico-sdk/src/rp2_common/pico_double/double_aeabi.S.obj
                0x000000001000235c                __wrap___aeabi_dcmplt
 .text.__wrap___aeabi_dcmple
                0x0000000010002368       0x10 CMakeFiles/test.dir/home/sebin/RP/pico/pico-sdk/src/rp2_common/pico_double/double_aeabi.S.obj
                0x0000000010002368                __wrap___aeabi_dcmple
 .text.__wrap___aeabi_dcmpge
                0x0000000010002378       0x10 CMakeFiles/test.dir/home/sebin/RP/pico/pico-sdk/src/rp2_common/pico_double/double_aeabi.S.obj
                0x0000000010002378                __wrap___aeabi_dcmpge
 .text.__wrap___aeabi_dcmpgt
                0x0000000010002388        0xa CMakeFiles/test.dir/home/sebin/RP/pico/pico-sdk/src/rp2_common/pico_double/double_aeabi.S.obj
                0x0000000010002388                __wrap___aeabi_dcmpgt
 .text.__wrap___aeabi_dcmpun
                0x0000000010002392       0x1c CMakeFiles/test.dir/home/sebin/RP/pico/pico-sdk/src/rp2_common/pico_double/double_aeabi.S.obj
                0x0000000010002392                __wrap___aeabi_dcmpun
 *fill*         0x00000000100023ae        0x2 
 .text.__wrap___aeabi_i2d
                0x00000000100023b0       0x38 CMakeFiles/test.dir/home/sebin/RP/pico/pico-sdk/src/rp2_common/pico_double/double_aeabi.S.obj
                0x00000000100023b0                __wrap___aeabi_ui2d
                0x00000000100023b8                __wrap___aeabi_i2d
 .text.__wrap___aeabi_d2iz
                0x00000000100023e8       0x48 CMakeFiles/test.dir/home/sebin/RP/pico/pico-sdk/src/rp2_common/pico_double/double_aeabi.S.obj
                0x00000000100023e8                __wrap___aeabi_d2iz
                0x00000000100023e8                double2int_z
 .text.__aeabi_double_init
                0x0000000010002430       0xc0 CMakeFiles/test.dir/home/sebin/RP/pico/pico-sdk/src/rp2_common/pico_double/double_init_rom.c.obj
                0x0000000010002430                __aeabi_double_init
 .text.double_table_shim_on_use_helper
                0x00000000100024f0       0x2c CMakeFiles/test.dir/home/sebin/RP/pico/pico-sdk/src/rp2_common/pico_double/double_v1_rom_shim.S.obj
                0x00000000100024f0                double_table_shim_on_use_helper
 .text.__wrap___aeabi_dsub
                0x000000001000251c       0x10 CMakeFiles/test.dir/home/sebin/RP/pico/pico-sdk/src/rp2_common/pico_double/double_v1_rom_shim.S.obj
                0x000000001000251c                drsub_shim
                0x0000000010002522                dsub_shim
 .text.dadd_shim
                0x000000001000252c      0x15c CMakeFiles/test.dir/home/sebin/RP/pico/pico-sdk/src/rp2_common/pico_double/double_v1_rom_shim.S.obj
                0x000000001000252c                dadd_shim
 .text.dmul_shim
                0x0000000010002688      0x15c CMakeFiles/test.dir/home/sebin/RP/pico/pico-sdk/src/rp2_common/pico_double/double_v1_rom_shim.S.obj
                0x0000000010002688                dmul_shim
 .text.ddiv_shim
                0x00000000100027e4      0x1b0 CMakeFiles/test.dir/home/sebin/RP/pico/pico-sdk/src/rp2_common/pico_double/double_v1_rom_shim.S.obj
                0x00000000100027e4                ddiv_shim
 .text.__aeabi_lmul
                0x0000000010002994       0x32 CMakeFiles/test.dir/home/sebin/RP/pico/pico-sdk/src/rp2_common/pico_int64_ops/pico_int64_ops_aeabi.S.obj
                0x0000000010002994                __wrap___aeabi_lmul
 *fill*         0x00000000100029c6        0x2 
 .text.__aeabi_float_init
                0x00000000100029c8       0x64 CMakeFiles/test.dir/home/sebin/RP/pico/pico-sdk/src/rp2_common/pico_float/float_init_rom.c.obj
                0x00000000100029c8                __aeabi_float_init
 .text.float_table_shim_on_use_helper
                0x0000000010002a2c       0x2c CMakeFiles/test.dir/home/sebin/RP/pico/pico-sdk/src/rp2_common/pico_float/float_v1_rom_shim.S.obj
                0x0000000010002a2c                float_table_shim_on_use_helper
 .text.__wrap_malloc
                0x0000000010002a58       0x24 CMakeFiles/test.dir/home/sebin/RP/pico/pico-sdk/src/rp2_common/pico_malloc/pico_malloc.c.obj
                0x0000000010002a58                __wrap_malloc
 .text          0x0000000010002a7c       0x10 CMakeFiles/test.dir/home/sebin/RP/pico/pico-sdk/src/rp2_common/pico_mem_ops/mem_ops_aeabi.S.obj
                0x0000000010002a7c                __aeabi_mem_init
 .text.memset   0x0000000010002a8c        0xc CMakeFiles/test.dir/home/sebin/RP/pico/pico-sdk/src/rp2_common/pico_mem_ops/mem_ops_aeabi.S.obj
                0x0000000010002a8c                __wrap_memset
 .text.memcpy   0x0000000010002a98        0xc CMakeFiles/test.dir/home/sebin/RP/pico/pico-sdk/src/rp2_common/pico_mem_ops/mem_ops_aeabi.S.obj
                0x0000000010002a98                __wrap___aeabi_memcpy
                0x0000000010002a98                __wrap_memcpy
 .text.stdio_out_chars_no_crlf
                0x0000000010002aa4       0x10 CMakeFiles/test.dir/home/sebin/RP/pico/pico-sdk/src/rp2_common/pico_stdio/stdio.c.obj
 .text.stdio_out_chars_crlf
                0x0000000010002ab4       0x94 CMakeFiles/test.dir/home/sebin/RP/pico/pico-sdk/src/rp2_common/pico_stdio/stdio.c.obj
 .text.stdio_put_string
                0x0000000010002b48      0x104 CMakeFiles/test.dir/home/sebin/RP/pico/pico-sdk/src/rp2_common/pico_stdio/stdio.c.obj
 .text.__wrap_putchar
                0x0000000010002c4c       0x98 CMakeFiles/test.dir/home/sebin/RP/pico/pico-sdk/src/rp2_common/pico_stdio/stdio.c.obj
                0x0000000010002c4c                __wrap_putchar
 .text.__wrap_puts
                0x0000000010002ce4       0x3c CMakeFiles/test.dir/home/sebin/RP/pico/pico-sdk/src/rp2_common/pico_stdio/stdio.c.obj
                0x0000000010002ce4                __wrap_puts
 .text.startup._retrieve_unique_id_on_boot
                0x0000000010002d20       0x10 CMakeFiles/test.dir/home/sebin/RP/pico/pico-sdk/src/rp2_common/pico_unique_id/unique_id.c.obj
 .text.flash_get_unique_id
                0x0000000010002d30       0x40 CMakeFiles/test.dir/home/sebin/RP/pico/pico-sdk/src/rp2_common/hardware_flash/flash.c.obj
                0x0000000010002d30                flash_get_unique_id
 .text.spi_init
                0x0000000010002d70      0x130 CMakeFiles/test.dir/home/sebin/RP/pico/pico-sdk/src/rp2_common/hardware_spi/spi.c.obj
                0x0000000010002d70                spi_init
 .text.i2c_set_baudrate
                0x0000000010002ea0       0xc4 CMakeFiles/test.dir/home/sebin/RP/pico/pico-sdk/src/rp2_common/hardware_i2c/i2c.c.obj
                0x0000000010002ea0                i2c_set_baudrate
 .text.i2c_init
                0x0000000010002f64       0x54 CMakeFiles/test.dir/home/sebin/RP/pico/pico-sdk/src/rp2_common/hardware_i2c/i2c.c.obj
                0x0000000010002f64                i2c_init
 .text.i2c_write_blocking
                0x0000000010002fb8       0xd8 CMakeFiles/test.dir/home/sebin/RP/pico/pico-sdk/src/rp2_common/hardware_i2c/i2c.c.obj
                0x0000000010002fb8                i2c_write_blocking
 .text.i2c_read_blocking
                0x0000000010003090       0x9c CMakeFiles/test.dir/home/sebin/RP/pico/pico-sdk/src/rp2_common/hardware_i2c/i2c.c.obj
                0x0000000010003090                i2c_read_blocking
 .text.initSPI  0x000000001000312c       0xa8 lib/ili9341/libili9341.a(ili9341.c.obj)
                0x000000001000312c                initSPI
 .text.LCD_initDisplay
                0x00000000100031d4      0x1e4 lib/ili9341/libili9341.a(ili9341.c.obj)
                0x00000000100031d4                LCD_initDisplay
 .text.LCD_setRotation
                0x00000000100033b8      0x12c lib/ili9341/libili9341.a(ili9341.c.obj)
                0x00000000100033b8                LCD_setRotation
 .text.LCD_WriteBitmap
                0x00000000100034e4      0x1f8 lib/ili9341/libili9341.a(ili9341.c.obj)
                0x00000000100034e4                LCD_WriteBitmap
 .text.LCD_WritePixel
                0x00000000100036dc      0x1e4 lib/ili9341/libili9341.a(ili9341.c.obj)
                0x00000000100036dc                LCD_WritePixel
 .text.GFX_clearScreen
                0x00000000100038c0      0x17c lib/gfx/libgfx.a(gfx.c.obj)
                0x00000000100038c0                GFX_clearScreen
 .text.GFX_drawLine
                0x0000000010003a3c      0x14c lib/gfx/libgfx.a(gfx.c.obj)
                0x0000000010003a3c                GFX_drawLine
 .text.GFX_drawFastHLine
                0x0000000010003b88       0x18 lib/gfx/libgfx.a(gfx.c.obj)
                0x0000000010003b88                GFX_drawFastHLine
 .text.GFX_drawChar
                0x0000000010003ba0      0x59c lib/gfx/libgfx.a(gfx.c.obj)
                0x0000000010003ba0                GFX_drawChar
 .text.GFX_setCursor
                0x000000001000413c       0x14 lib/gfx/libgfx.a(gfx.c.obj)
                0x000000001000413c                GFX_setCursor
 .text.GFX_printf
                0x0000000010004150      0x220 lib/gfx/libgfx.a(gfx.c.obj)
                0x0000000010004150                GFX_printf
 .text.GFX_createFramebuf
                0x0000000010004370       0x24 lib/gfx/libgfx.a(gfx.c.obj)
                0x0000000010004370                GFX_createFramebuf
 .text.GFX_flush
                0x0000000010004394       0x38 lib/gfx/libgfx.a(gfx.c.obj)
                0x0000000010004394                GFX_flush
 .text.max_init
                0x00000000100043cc       0x38 max/libmax30102.a(max30102.c.obj)
                0x00000000100043cc                max_init
 .text.get_reg  0x0000000010004404       0x3c max/libmax30102.a(max30102.c.obj)
                0x0000000010004404                get_reg
 .text.set_reg  0x0000000010004440       0x3c max/libmax30102.a(max30102.c.obj)
                0x0000000010004440                set_reg
 .text.getWritePointer
                0x000000001000447c       0x40 max/libmax30102.a(max30102.c.obj)
                0x000000001000447c                getWritePointer
 .text.getReadPointer
                0x00000000100044bc       0x40 max/libmax30102.a(max30102.c.obj)
                0x00000000100044bc                getReadPointer
 .text          0x00000000100044fc       0x5c /usr/lib/gcc/arm-none-eabi/9.2.1/../../../arm-none-eabi/lib/thumb/v6-m/nofp/libc.a(lib_a-callocr.o)
                0x00000000100044fc                _calloc_r
 .text          0x0000000010004558       0x28 /usr/lib/gcc/arm-none-eabi/9.2.1/../../../arm-none-eabi/lib/thumb/v6-m/nofp/libc.a(lib_a-malloc.o)
                0x0000000010004558                malloc
                0x000000001000456c                free
 .text          0x0000000010004580      0x58c /usr/lib/gcc/arm-none-eabi/9.2.1/../../../arm-none-eabi/lib/thumb/v6-m/nofp/libc.a(lib_a-mallocr.o)
                0x0000000010004580                _malloc_r
 .text          0x0000000010004b0c        0x8 /usr/lib/gcc/arm-none-eabi/9.2.1/../../../arm-none-eabi/lib/thumb/v6-m/nofp/libc.a(lib_a-mlock.o)
                0x0000000010004b0c                __malloc_lock
                0x0000000010004b10                __malloc_unlock
 .text          0x0000000010004b14      0x35c /usr/lib/gcc/arm-none-eabi/9.2.1/../../../arm-none-eabi/lib/thumb/v6-m/nofp/libc.a(lib_a-reallocr.o)
                0x0000000010004b14                _realloc_r
 .text          0x0000000010004e70       0x24 /usr/lib/gcc/arm-none-eabi/9.2.1/../../../arm-none-eabi/lib/thumb/v6-m/nofp/libc.a(lib_a-sbrkr.o)
                0x0000000010004e70                _sbrk_r
 .text          0x0000000010004e94       0x68 /usr/lib/gcc/arm-none-eabi/9.2.1/../../../arm-none-eabi/lib/thumb/v6-m/nofp/libc.a(lib_a-strlen-stub.o)
                0x0000000010004e94                strlen
 .text          0x0000000010004efc       0x44 /usr/lib/gcc/arm-none-eabi/9.2.1/../../../arm-none-eabi/lib/thumb/v6-m/nofp/libc.a(lib_a-vsprintf.o)
                0x0000000010004efc                _vsprintf_r
                0x0000000010004f28                vsprintf
 .text          0x0000000010004f40      0x27c /usr/lib/gcc/arm-none-eabi/9.2.1/../../../arm-none-eabi/lib/thumb/v6-m/nofp/libc.a(lib_a-freer.o)
                0x0000000010004f40                _malloc_trim_r
                0x0000000010004fe0                _free_r
 .text          0x00000000100051bc     0x1568 /usr/lib/gcc/arm-none-eabi/9.2.1/../../../arm-none-eabi/lib/thumb/v6-m/nofp/libc.a(lib_a-svfprintf.o)
                0x00000000100051bc                _svfprintf_r
 .text          0x0000000010006724     0x1128 /usr/lib/gcc/arm-none-eabi/9.2.1/../../../arm-none-eabi/lib/thumb/v6-m/nofp/libc.a(lib_a-dtoa.o)
                0x0000000010006878                _dtoa_r
 .text          0x000000001000784c       0x14 /usr/lib/gcc/arm-none-eabi/9.2.1/../../../arm-none-eabi/lib/thumb/v6-m/nofp/libc.a(lib_a-localeconv.o)
                0x000000001000784c                __localeconv_l
                0x0000000010007850                _localeconv_r
                0x0000000010007858                localeconv
 .text          0x0000000010007860      0xa38 /usr/lib/gcc/arm-none-eabi/9.2.1/../../../arm-none-eabi/lib/thumb/v6-m/nofp/libc.a(lib_a-mprec.o)
                0x0000000010007860                _Balloc
                0x00000000100078b0                _Bfree
                0x00000000100078c4                __multadd
                0x0000000010007974                __s2b
                0x0000000010007a20                __hi0bits
                0x0000000010007a58                __lo0bits
                0x0000000010007ab4                __i2b
                0x0000000010007ae0                __multiply
                0x0000000010007c6c                __pow5mult
                0x0000000010007d20                __lshift
                0x0000000010007e04                __mcmp
                0x0000000010007e38                __mdiff
                0x0000000010007f80                __ulp
                0x0000000010007fc8                __b2d
                0x0000000010008080                __d2b
                0x0000000010008158                __ratio
                0x00000000100081cc                _mprec_log10
                0x0000000010008200                __copybits
                0x0000000010008240                __any_on
 .text          0x0000000010008298      0xb7c /usr/lib/gcc/arm-none-eabi/9.2.1/../../../arm-none-eabi/lib/thumb/v6-m/nofp/libc.a(lib_a-svfiprintf.o)
                0x0000000010008298                __ssprint_r
                0x00000000100083ac                _svfiprintf_r
 .text          0x0000000010008e14       0x44 /usr/lib/gcc/arm-none-eabi/9.2.1/../../../arm-none-eabi/lib/thumb/v6-m/nofp/libc.a(lib_a-mbtowc_r.o)
                0x0000000010008e14                _mbtowc_r
                0x0000000010008e2c                __ascii_mbtowc
 .text          0x0000000010008e58       0x2c /usr/lib/gcc/arm-none-eabi/9.2.1/../../../arm-none-eabi/lib/thumb/v6-m/nofp/libc.a(lib_a-wctomb_r.o)
                0x0000000010008e58                _wctomb_r
                0x0000000010008e68                __ascii_wctomb
 *(.fini)
 .fini          0x0000000010008e84        0x4 /usr/lib/gcc/arm-none-eabi/9.2.1/thumb/v6-m/nofp/crti.o
                0x0000000010008e84                _fini
 .fini.__stub   0x0000000010008e88       0x90 linker stubs
 *crtbegin.o(.ctors)
 *crtbegin?.o(.ctors)
 *(EXCLUDE_FILE(*crtend.o *crtend?.o) .ctors)
 *(SORT_BY_NAME(.ctors.*))
 *(.ctors)
 *crtbegin.o(.dtors)
 *crtbegin?.o(.dtors)
 *(EXCLUDE_FILE(*crtend.o *crtend?.o) .dtors)
 *(SORT_BY_NAME(.dtors.*))
 *(.dtors)
 *(.eh_frame*)
 .eh_frame      0x0000000010008f18        0x0 /usr/lib/gcc/arm-none-eabi/9.2.1/thumb/v6-m/nofp/crtbegin.o
                0x0000000010008f18                . = ALIGN (0x4)

.glue_7         0x0000000010008f18        0x0
 .glue_7        0x0000000010008f18        0x0 linker stubs

.glue_7t        0x0000000010008f18        0x0
 .glue_7t       0x0000000010008f18        0x0 linker stubs

.vfp11_veneer   0x0000000010008f18        0x0
 .vfp11_veneer  0x0000000010008f18        0x0 linker stubs

.v4_bx          0x0000000010008f18        0x0
 .v4_bx         0x0000000010008f18        0x0 linker stubs

.iplt           0x0000000010008f18        0x0
 .iplt          0x0000000010008f18        0x0 /usr/lib/gcc/arm-none-eabi/9.2.1/thumb/v6-m/nofp/crtbegin.o

.rodata         0x0000000010008f18      0xd94
 *(EXCLUDE_FILE(*libm.a: *libc.a:*lib_a-mem*.o *libgcc.a:) .rodata*)
 .rodata.main.str1.4
                0x0000000010008f18      0x113 CMakeFiles/test.dir/main.c.obj
 *fill*         0x000000001000902b        0x1 
 .rodata.hardware_alarm_claim.str1.4
                0x000000001000902c       0x22 CMakeFiles/test.dir/home/sebin/RP/pico/pico-sdk/src/rp2_common/hardware_timer/timer.c.obj
 *fill*         0x000000001000904e        0x2 
 .rodata.__assert_func.str1.4
                0x0000000010009050       0x3f CMakeFiles/test.dir/home/sebin/RP/pico/pico-sdk/src/rp2_common/pico_runtime/runtime.c.obj
                                         0x43 (size before relaxing)
 *fill*         0x000000001000908f        0x1 
 .rodata.panic.str1.4
                0x0000000010009090       0x10 CMakeFiles/test.dir/home/sebin/RP/pico/pico-sdk/src/rp2_common/pico_runtime/runtime.c.obj
                                         0x12 (size before relaxing)
 .rodata.hard_assertion_failure.str1.4
                0x00000000100090a0        0xc CMakeFiles/test.dir/home/sebin/RP/pico/pico-sdk/src/rp2_common/pico_runtime/runtime.c.obj
 .rodata.__wrap_malloc.str1.4
                0x00000000100090ac        0xe CMakeFiles/test.dir/home/sebin/RP/pico/pico-sdk/src/rp2_common/pico_malloc/pico_malloc.c.obj
 *fill*         0x00000000100090ba        0x2 
 .rodata.str1.4
                0x00000000100090bc       0x3c CMakeFiles/test.dir/home/sebin/RP/pico/pico-sdk/src/rp2_common/pico_standard_link/binary_info.c.obj
 .rodata.__bi_44
                0x00000000100090f8        0xc CMakeFiles/test.dir/home/sebin/RP/pico/pico-sdk/src/rp2_common/pico_standard_link/binary_info.c.obj
 .rodata.__bi_75
                0x0000000010009104        0xc CMakeFiles/test.dir/home/sebin/RP/pico/pico-sdk/src/rp2_common/pico_standard_link/binary_info.c.obj
 .rodata.__bi_81
                0x0000000010009110        0xc CMakeFiles/test.dir/home/sebin/RP/pico/pico-sdk/src/rp2_common/pico_standard_link/binary_info.c.obj
 .rodata.crlf_str.6236
                0x000000001000911c        0x2 CMakeFiles/test.dir/home/sebin/RP/pico/pico-sdk/src/rp2_common/pico_stdio/stdio.c.obj
 *fill*         0x000000001000911e        0x2 
 .rodata.initcmd
                0x0000000010009120       0x70 lib/ili9341/libili9341.a(ili9341.c.obj)
                0x0000000010009120                initcmd
 .rodata.font   0x0000000010009190      0x500 lib/gfx/libgfx.a(gfx.c.obj)
 .rodata.__bi_15.6327
                0x0000000010009690        0x8 max/libmax30102.a(max30102.c.obj)
 .rodata        0x0000000010009698      0x184 /usr/lib/gcc/arm-none-eabi/9.2.1/../../../arm-none-eabi/lib/thumb/v6-m/nofp/libc.a(lib_a-svfprintf.o)
 .rodata.str1.4
                0x000000001000981c       0x3f /usr/lib/gcc/arm-none-eabi/9.2.1/../../../arm-none-eabi/lib/thumb/v6-m/nofp/libc.a(lib_a-svfprintf.o)
                                         0x42 (size before relaxing)
 *fill*         0x000000001000985b        0x1 
 .rodata.str1.4
                0x000000001000985c       0x56 /usr/lib/gcc/arm-none-eabi/9.2.1/../../../arm-none-eabi/lib/thumb/v6-m/nofp/libc.a(lib_a-dtoa.o)
                                         0x5a (size before relaxing)
 *fill*         0x00000000100098b2        0x6 
 .rodata        0x00000000100098b8      0x128 /usr/lib/gcc/arm-none-eabi/9.2.1/../../../arm-none-eabi/lib/thumb/v6-m/nofp/libc.a(lib_a-mprec.o)
                0x00000000100098c8                __mprec_tinytens
                0x00000000100098f0                __mprec_bigtens
                0x0000000010009918                __mprec_tens
 .rodata.str1.4
                0x00000000100099e0       0x33 /usr/lib/gcc/arm-none-eabi/9.2.1/../../../arm-none-eabi/lib/thumb/v6-m/nofp/libc.a(lib_a-mprec.o)
                                         0x47 (size before relaxing)
 *fill*         0x0000000010009a13        0x1 
 .rodata        0x0000000010009a14      0x184 /usr/lib/gcc/arm-none-eabi/9.2.1/../../../arm-none-eabi/lib/thumb/v6-m/nofp/libc.a(lib_a-svfiprintf.o)
 .rodata.str1.4
                0x0000000010009b98       0x2f /usr/lib/gcc/arm-none-eabi/9.2.1/../../../arm-none-eabi/lib/thumb/v6-m/nofp/libc.a(lib_a-svfiprintf.o)
 .rodata.str1.4
                0x0000000010009b98        0xe /usr/lib/gcc/arm-none-eabi/9.2.1/../../../arm-none-eabi/lib/thumb/v6-m/nofp/libc.a(lib_a-locale.o)
                                         0x12 (size before relaxing)
 *fill*         0x0000000010009ba6        0x2 
 .rodata        0x0000000010009ba8      0x101 /usr/lib/gcc/arm-none-eabi/9.2.1/../../../arm-none-eabi/lib/thumb/v6-m/nofp/libc.a(lib_a-ctype_.o)
                0x0000000010009ba8                _ctype_
                0x0000000010009cac                . = ALIGN (0x4)
 *fill*         0x0000000010009ca9        0x3 
 *(SORT_BY_ALIGNMENT(SORT_BY_NAME(.flashdata*)))
                0x0000000010009cac                . = ALIGN (0x4)

.ARM.extab
 *(.ARM.extab* .gnu.linkonce.armextab.*)
                0x0000000010009cac                __exidx_start = .

.ARM.exidx
 *(.ARM.exidx* .gnu.linkonce.armexidx.*)
                0x0000000010009cac                __exidx_end = .
                0x0000000010009cac                . = ALIGN (0x4)
                0x0000000010009cac                __binary_info_start = .

.binary_info    0x0000000010009cac       0x20
 *(.binary_info.keep.*)
 .binary_info.keep.__bi_ptr22
                0x0000000010009cac        0x4 CMakeFiles/test.dir/home/sebin/RP/pico/pico-sdk/src/rp2_common/pico_standard_link/binary_info.c.obj
 .binary_info.keep.__bi_ptr30
                0x0000000010009cb0        0x4 CMakeFiles/test.dir/home/sebin/RP/pico/pico-sdk/src/rp2_common/pico_standard_link/binary_info.c.obj
 .binary_info.keep.__bi_ptr38
                0x0000000010009cb4        0x4 CMakeFiles/test.dir/home/sebin/RP/pico/pico-sdk/src/rp2_common/pico_standard_link/binary_info.c.obj
 .binary_info.keep.__bi_ptr44
                0x0000000010009cb8        0x4 CMakeFiles/test.dir/home/sebin/RP/pico/pico-sdk/src/rp2_common/pico_standard_link/binary_info.c.obj
 .binary_info.keep.__bi_ptr50
                0x0000000010009cbc        0x4 CMakeFiles/test.dir/home/sebin/RP/pico/pico-sdk/src/rp2_common/pico_standard_link/binary_info.c.obj
 .binary_info.keep.__bi_ptr75
                0x0000000010009cc0        0x4 CMakeFiles/test.dir/home/sebin/RP/pico/pico-sdk/src/rp2_common/pico_standard_link/binary_info.c.obj
 .binary_info.keep.__bi_ptr81
                0x0000000010009cc4        0x4 CMakeFiles/test.dir/home/sebin/RP/pico/pico-sdk/src/rp2_common/pico_standard_link/binary_info.c.obj
 .binary_info.keep.__bi_ptr15
                0x0000000010009cc8        0x4 max/libmax30102.a(max30102.c.obj)
 *(.binary_info.*)
                0x0000000010009ccc                __binary_info_end = .

.rel.dyn        0x0000000010009ccc        0x0
 .rel.iplt      0x0000000010009ccc        0x0 /usr/lib/gcc/arm-none-eabi/9.2.1/thumb/v6-m/nofp/crtbegin.o
                0x0000000010009ccc                . = ALIGN (0x4)

.ram_vector_table
                0x0000000020000000       0xc0
 *(.ram_vector_table)
 .ram_vector_table
                0x0000000020000000       0xc0 CMakeFiles/test.dir/home/sebin/RP/pico/pico-sdk/src/rp2_common/pico_runtime/runtime.c.obj
                0x0000000020000000                ram_vector_table

.data           0x00000000200000c0      0xe8c load address 0x0000000010009ccc
                0x00000000200000c0                __data_start__ = .
 *(vtable)
 *(.time_critical*)
 .time_critical.mutex_try_enter_block_until
                0x00000000200000c0       0xb0 CMakeFiles/test.dir/home/sebin/RP/pico/pico-sdk/src/common/pico_sync/mutex.c.obj
                0x00000000200000c0                mutex_try_enter_block_until
 .time_critical.mutex_exit
                0x0000000020000170       0x28 CMakeFiles/test.dir/home/sebin/RP/pico/pico-sdk/src/common/pico_sync/mutex.c.obj
                0x0000000020000170                mutex_exit
 .time_critical.flash_init_boot2_copyout
                0x0000000020000198       0x30 CMakeFiles/test.dir/home/sebin/RP/pico/pico-sdk/src/rp2_common/hardware_flash/flash.c.obj
 .time_critical.flash_enable_xip_via_boot2
                0x00000000200001c8       0x10 CMakeFiles/test.dir/home/sebin/RP/pico/pico-sdk/src/rp2_common/hardware_flash/flash.c.obj
 .time_critical.flash_cs_force
                0x00000000200001d8       0x38 CMakeFiles/test.dir/home/sebin/RP/pico/pico-sdk/src/rp2_common/hardware_flash/flash.c.obj
 .time_critical.flash_do_cmd
                0x0000000020000210       0xc4 CMakeFiles/test.dir/home/sebin/RP/pico/pico-sdk/src/rp2_common/hardware_flash/flash.c.obj
                0x0000000020000210                flash_do_cmd
 .time_critical.spi_write_blocking
                0x00000000200002d4       0x4c CMakeFiles/test.dir/home/sebin/RP/pico/pico-sdk/src/rp2_common/hardware_spi/spi.c.obj
                0x00000000200002d4                spi_write_blocking
 .time_critical.spi_write16_blocking
                0x0000000020000320       0x50 CMakeFiles/test.dir/home/sebin/RP/pico/pico-sdk/src/rp2_common/hardware_spi/spi.c.obj
                0x0000000020000320                spi_write16_blocking
 *(.text*)
 .text          0x0000000020000370        0x4 /usr/lib/gcc/arm-none-eabi/9.2.1/thumb/v6-m/nofp/libgcc.a(_dvmd_tls.o)
                0x0000000020000370                __aeabi_ldiv0
                0x0000000020000370                __aeabi_idiv0
 .text          0x0000000020000374       0xbc /usr/lib/gcc/arm-none-eabi/9.2.1/../../../arm-none-eabi/lib/thumb/v6-m/nofp/libc.a(lib_a-memmove.o)
                0x0000000020000374                memmove
 .text          0x0000000020000430       0x80 /usr/lib/gcc/arm-none-eabi/9.2.1/../../../arm-none-eabi/lib/thumb/v6-m/nofp/libc.a(lib_a-memchr-stub.o)
                0x0000000020000430                memchr
 .text.__stub   0x00000000200004b0       0x10 linker stubs
                0x00000000200004c0                . = ALIGN (0x4)
 *(.rodata*)
                0x00000000200004c0                . = ALIGN (0x4)
 *(.data*)
 .data.striped_spin_lock_num
                0x00000000200004c0        0x1 CMakeFiles/test.dir/home/sebin/RP/pico/pico-sdk/src/rp2_common/hardware_sync/sync.c.obj
 *fill*         0x00000000200004c1        0x3 
 .data          0x00000000200004c4       0x48 CMakeFiles/test.dir/home/sebin/RP/pico/pico-sdk/src/rp2_common/hardware_irq/irq_handler_chain.S.obj
                0x00000000200004c4                irq_handler_chain_slots
                0x00000000200004f4                irq_handler_chain_first_slot
                0x00000000200004fe                irq_handler_chain_remove_tail
 .data.default_alarm_pool
                0x000000002000050c       0x18 CMakeFiles/test.dir/home/sebin/RP/pico/pico-sdk/src/common/pico_time/time.c.obj
 .data.default_alarm_pool_heap
                0x0000000020000524       0x10 CMakeFiles/test.dir/home/sebin/RP/pico/pico-sdk/src/common/pico_time/time.c.obj
 *fill*         0x0000000020000534        0xc 
 .data.aeabi_bits_funcs
                0x0000000020000540       0x10 CMakeFiles/test.dir/home/sebin/RP/pico/pico-sdk/src/rp2_common/pico_bit_ops/bit_ops_aeabi.S.obj
                0x0000000020000540                aeabi_bits_funcs
                0x0000000020000550                aeabi_bits_funcs_end
 .data.aeabi_mem_funcs
                0x0000000020000550       0x10 CMakeFiles/test.dir/home/sebin/RP/pico/pico-sdk/src/rp2_common/pico_mem_ops/mem_ops_aeabi.S.obj
                0x0000000020000550                aeabi_mem_funcs
                0x0000000020000560                aeabi_mem_funcs_end
 .data.i2c0_inst
                0x0000000020000560        0x8 CMakeFiles/test.dir/home/sebin/RP/pico/pico-sdk/src/rp2_common/hardware_i2c/i2c.c.obj
                0x0000000020000560                i2c0_inst
 .data.ili9341_pinCS
                0x0000000020000568        0x2 lib/ili9341/libili9341.a(ili9341.c.obj)
                0x0000000020000568                ili9341_pinCS
 .data.ili9341_pinDC
                0x000000002000056a        0x2 lib/ili9341/libili9341.a(ili9341.c.obj)
                0x000000002000056a                ili9341_pinDC
 .data.ili9341_pinRST
                0x000000002000056c        0x2 lib/ili9341/libili9341.a(ili9341.c.obj)
                0x000000002000056c                ili9341_pinRST
 .data.ili9341_pinSCK
                0x000000002000056e        0x2 lib/ili9341/libili9341.a(ili9341.c.obj)
                0x000000002000056e                ili9341_pinSCK
 .data.ili9341_pinTX
                0x0000000020000570        0x2 lib/ili9341/libili9341.a(ili9341.c.obj)
                0x0000000020000570                ili9341_pinTX
 *fill*         0x0000000020000572        0x2 
 .data.ili9341_spi
                0x0000000020000574        0x4 lib/ili9341/libili9341.a(ili9341.c.obj)
                0x0000000020000574                ili9341_spi
 .data.textcolor
                0x0000000020000578        0x2 lib/gfx/libgfx.a(gfx.c.obj)
                0x0000000020000578                textcolor
 .data.textsize_x
                0x000000002000057a        0x1 lib/gfx/libgfx.a(gfx.c.obj)
                0x000000002000057a                textsize_x
 .data.textsize_y
                0x000000002000057b        0x1 lib/gfx/libgfx.a(gfx.c.obj)
                0x000000002000057b                textsize_y
 .data.wrap     0x000000002000057c        0x1 lib/gfx/libgfx.a(gfx.c.obj)
                0x000000002000057c                wrap
 *fill*         0x000000002000057d        0x3 
 .data          0x0000000020000580      0x430 /usr/lib/gcc/arm-none-eabi/9.2.1/../../../arm-none-eabi/lib/thumb/v6-m/nofp/libc.a(lib_a-impure.o)
                0x0000000020000580                _impure_ptr
 .data          0x00000000200009b0      0x410 /usr/lib/gcc/arm-none-eabi/9.2.1/../../../arm-none-eabi/lib/thumb/v6-m/nofp/libc.a(lib_a-mallocr.o)
                0x00000000200009b0                __malloc_sbrk_base
                0x00000000200009b4                __malloc_trim_threshold
                0x00000000200009b8                __malloc_av_
 .data          0x0000000020000dc0      0x16c /usr/lib/gcc/arm-none-eabi/9.2.1/../../../arm-none-eabi/lib/thumb/v6-m/nofp/libc.a(lib_a-locale.o)
                0x0000000020000dc0                __global_locale
                0x0000000020000f2c                . = ALIGN (0x4)
 *(.after_data.*)
                0x0000000020000f2c                . = ALIGN (0x4)
                0x0000000020000f2c                PROVIDE (__mutex_array_start = .)
 *(SORT_BY_NAME(.mutex_array.*))
 *(.mutex_array)
 .mutex_array   0x0000000020000f2c        0x8 CMakeFiles/test.dir/home/sebin/RP/pico/pico-sdk/src/rp2_common/pico_stdio/stdio.c.obj
                0x0000000020000f34                PROVIDE (__mutex_array_end = .)
                0x0000000020000f34                . = ALIGN (0x4)
                0x0000000020000f34                PROVIDE (__preinit_array_start = .)
 *(SORT_BY_NAME(.preinit_array.*))
 .preinit_array.00001
                0x0000000020000f34        0x4 CMakeFiles/test.dir/home/sebin/RP/pico/pico-sdk/src/rp2_common/pico_mem_ops/mem_ops_aeabi.S.obj
 .preinit_array.00010
                0x0000000020000f38        0x4 CMakeFiles/test.dir/home/sebin/RP/pico/pico-sdk/src/rp2_common/pico_bit_ops/bit_ops_aeabi.S.obj
 .preinit_array.00020
                0x0000000020000f3c        0x4 CMakeFiles/test.dir/home/sebin/RP/pico/pico-sdk/src/rp2_common/pico_double/double_aeabi.S.obj
 .preinit_array.00020
                0x0000000020000f40        0x4 CMakeFiles/test.dir/home/sebin/RP/pico/pico-sdk/src/rp2_common/pico_float/float_aeabi.S.obj
 *(.preinit_array)
                0x0000000020000f44                PROVIDE (__preinit_array_end = .)
                0x0000000020000f44                . = ALIGN (0x4)
                0x0000000020000f44                PROVIDE (__init_array_start = .)
 *(SORT_BY_NAME(.init_array.*))
 *(.init_array)
 .init_array    0x0000000020000f44        0x4 /usr/lib/gcc/arm-none-eabi/9.2.1/thumb/v6-m/nofp/crtbegin.o
 .init_array    0x0000000020000f48        0x4 CMakeFiles/test.dir/home/sebin/RP/pico/pico-sdk/src/rp2_common/pico_unique_id/unique_id.c.obj
                0x0000000020000f4c                PROVIDE (__init_array_end = .)
                0x0000000020000f4c                . = ALIGN (0x4)
                0x0000000020000f4c                PROVIDE (__fini_array_start = .)
 *(SORT_BY_NAME(.fini_array.*))
 *(.fini_array)
                0x0000000020000f4c                PROVIDE (__fini_array_end = .)
 *(.jcr)
                0x0000000020000f4c                . = ALIGN (0x4)
                0x0000000020000f4c                __data_end__ = .
                0x0000000010009ccc                __etext = LOADADDR (.data)

.tm_clone_table
                0x0000000020000f4c        0x0 load address 0x000000001000ab58
 .tm_clone_table
                0x0000000020000f4c        0x0 /usr/lib/gcc/arm-none-eabi/9.2.1/thumb/v6-m/nofp/crtbegin.o
 .tm_clone_table
                0x0000000020000f4c        0x0 /usr/lib/gcc/arm-none-eabi/9.2.1/thumb/v6-m/nofp/crtend.o

.igot.plt       0x0000000020000f4c        0x0 load address 0x000000001000ab58
 .igot.plt      0x0000000020000f4c        0x0 /usr/lib/gcc/arm-none-eabi/9.2.1/thumb/v6-m/nofp/crtbegin.o

.uninitialized_data
                0x0000000020000f4c        0x0 load address 0x000000001000ab58
                0x0000000020000f4c                . = ALIGN (0x4)
 *(.uninitialized_data*)

.scratch_x      0x0000000020040000        0x0 load address 0x000000001000ab58
                0x0000000020040000                __scratch_x_start__ = .
 *(.scratch_x.*)
                0x0000000020040000                . = ALIGN (0x4)
                0x0000000020040000                __scratch_x_end__ = .
                0x000000001000ab58                __scratch_x_source__ = LOADADDR (.scratch_x)

.scratch_y      0x0000000020041000        0x0 load address 0x000000001000ab58
                0x0000000020041000                __scratch_y_start__ = .
 *(.scratch_y.*)
                0x0000000020041000                . = ALIGN (0x4)
                0x0000000020041000                __scratch_y_end__ = .
                0x000000001000ab58                __scratch_y_source__ = LOADADDR (.scratch_y)

.bss            0x0000000020000f50      0x594
                0x0000000020000f50                . = ALIGN (0x4)
                0x0000000020000f50                __bss_start__ = .
 *(SORT_BY_ALIGNMENT(SORT_BY_NAME(.bss*)))
 .bss.default_alarm_pool_entries
                0x0000000020000f50      0x100 CMakeFiles/test.dir/home/sebin/RP/pico/pico-sdk/src/common/pico_time/time.c.obj
 .bss           0x0000000020001050       0x1c /usr/lib/gcc/arm-none-eabi/9.2.1/thumb/v6-m/nofp/crtbegin.o
 .bss           0x000000002000106c       0x34 /usr/lib/gcc/arm-none-eabi/9.2.1/../../../arm-none-eabi/lib/thumb/v6-m/nofp/libc.a(lib_a-mallocr.o)
                0x000000002000106c                __malloc_top_pad
                0x0000000020001070                __malloc_current_mallinfo
                0x0000000020001098                __malloc_max_sbrked_mem
                0x000000002000109c                __malloc_max_total_mem
 .bss.alarm_callbacks
                0x00000000200010a0       0x10 CMakeFiles/test.dir/home/sebin/RP/pico/pico-sdk/src/rp2_common/hardware_timer/timer.c.obj
 .bss.boot2_copyout
                0x00000000200010b0      0x100 CMakeFiles/test.dir/home/sebin/RP/pico/pico-sdk/src/rp2_common/hardware_flash/flash.c.obj
 .bss.configured_freq
                0x00000000200011b0       0x28 CMakeFiles/test.dir/home/sebin/RP/pico/pico-sdk/src/rp2_common/hardware_clocks/clocks.c.obj
 .bss.default_alarm_pool_entry_ids_high
                0x00000000200011d8       0x10 CMakeFiles/test.dir/home/sebin/RP/pico/pico-sdk/src/common/pico_time/time.c.obj
 .bss.default_alarm_pool_heap_nodes
                0x00000000200011e8       0x30 CMakeFiles/test.dir/home/sebin/RP/pico/pico-sdk/src/common/pico_time/time.c.obj
 .bss.drivers   0x0000000020001218        0x4 CMakeFiles/test.dir/home/sebin/RP/pico/pico-sdk/src/rp2_common/pico_stdio/stdio.c.obj
 .bss.filter    0x000000002000121c        0x4 CMakeFiles/test.dir/home/sebin/RP/pico/pico-sdk/src/rp2_common/pico_stdio/stdio.c.obj
 .bss.gfxFont   0x0000000020001220        0x4 lib/gfx/libgfx.a(gfx.c.obj)
                0x0000000020001220                gfxFont
 .bss.gfxFramebuffer
                0x0000000020001224        0x4 lib/gfx/libgfx.a(gfx.c.obj)
                0x0000000020001224                gfxFramebuffer
 .bss.heap_end.6417
                0x0000000020001228        0x4 CMakeFiles/test.dir/home/sebin/RP/pico/pico-sdk/src/rp2_common/pico_runtime/runtime.c.obj
 .bss.lazy_vsnprintf
                0x000000002000122c        0x4 CMakeFiles/test.dir/home/sebin/RP/pico/pico-sdk/src/rp2_common/pico_printf/printf.c.obj
 .bss.pools     0x0000000020001230       0x10 CMakeFiles/test.dir/home/sebin/RP/pico/pico-sdk/src/common/pico_time/time.c.obj
 .bss.retrieved_id
                0x0000000020001240        0x8 CMakeFiles/test.dir/home/sebin/RP/pico/pico-sdk/src/rp2_common/pico_unique_id/unique_id.c.obj
 .bss.sf_clz_func
                0x0000000020001248        0x4 CMakeFiles/test.dir/home/sebin/RP/pico/pico-sdk/src/rp2_common/pico_double/double_init_rom.c.obj
                0x0000000020001248                sf_clz_func
 .bss.sleep_notifier
                0x000000002000124c        0x4 CMakeFiles/test.dir/home/sebin/RP/pico/pico-sdk/src/common/pico_time/time.c.obj
 .bss.target_hi
                0x0000000020001250       0x10 CMakeFiles/test.dir/home/sebin/RP/pico/pico-sdk/src/rp2_common/hardware_timer/timer.c.obj
 .bss.clearColour
                0x0000000020001260        0x2 lib/gfx/libgfx.a(gfx.c.obj)
                0x0000000020001260                clearColour
 .bss.cursor_x  0x0000000020001262        0x2 lib/gfx/libgfx.a(gfx.c.obj)
                0x0000000020001262                cursor_x
 .bss.cursor_y  0x0000000020001264        0x2 lib/gfx/libgfx.a(gfx.c.obj)
 .bss.textbgcolor
                0x0000000020001266        0x2 lib/gfx/libgfx.a(gfx.c.obj)
                0x0000000020001266                textbgcolor
 .bss.boot2_copyout_valid
                0x0000000020001268        0x1 CMakeFiles/test.dir/home/sebin/RP/pico/pico-sdk/src/rp2_common/hardware_flash/flash.c.obj
 .bss.claimed   0x0000000020001269        0x1 CMakeFiles/test.dir/home/sebin/RP/pico/pico-sdk/src/rp2_common/hardware_timer/timer.c.obj
 .bss.gfxFbUpdated
                0x000000002000126a        0x1 lib/gfx/libgfx.a(gfx.c.obj)
 .bss.irq_hander_chain_free_slot_head
                0x000000002000126b        0x1 CMakeFiles/test.dir/home/sebin/RP/pico/pico-sdk/src/rp2_common/hardware_irq/irq.c.obj
 .bss.timer_callbacks_pending
                0x000000002000126c        0x1 CMakeFiles/test.dir/home/sebin/RP/pico/pico-sdk/src/rp2_common/hardware_timer/timer.c.obj
 *(COMMON)
 *fill*         0x000000002000126d        0x3 
 COMMON         0x0000000020001270        0x4 CMakeFiles/test.dir/main.c.obj
                0x0000000020001270                c
 COMMON         0x0000000020001274      0x100 CMakeFiles/test.dir/home/sebin/RP/pico/pico-sdk/src/rp2_common/pico_double/double_init_rom.c.obj
                0x0000000020001274                sd_table
 COMMON         0x0000000020001374      0x100 CMakeFiles/test.dir/home/sebin/RP/pico/pico-sdk/src/rp2_common/pico_float/float_init_rom.c.obj
                0x0000000020001374                sf_table
 COMMON         0x0000000020001474        0x6 lib/ili9341/libili9341.a(ili9341.c.obj)
                0x0000000020001474                rotation
                0x0000000020001476                _width
                0x0000000020001478                _height
 *fill*         0x000000002000147a        0x2 
 COMMON         0x000000002000147c       0x64 lib/gfx/libgfx.a(gfx.c.obj)
                0x000000002000147c                printBuf
 COMMON         0x00000000200014e0        0x4 /usr/lib/gcc/arm-none-eabi/9.2.1/../../../arm-none-eabi/lib/thumb/v6-m/nofp/libc.a(lib_a-reent.o)
                0x00000000200014e0                errno
                0x00000000200014e4                . = ALIGN (0x4)
                0x00000000200014e4                __bss_end__ = .

.heap           0x00000000200014e4      0x800
                0x00000000200014e4                __end__ = .
                0x00000000200014e4                end = __end__
 *(.heap*)
 .heap          0x00000000200014e4      0x800 CMakeFiles/test.dir/home/sebin/RP/pico/pico-sdk/src/rp2_common/pico_standard_link/crt0.S.obj
                0x0000000020001ce4                __HeapLimit = .

.stack1_dummy   0x0000000020040000        0x0
 *(.stack1*)

.stack_dummy    0x0000000020041000      0x800
 *(.stack*)
 .stack         0x0000000020041000      0x800 CMakeFiles/test.dir/home/sebin/RP/pico/pico-sdk/src/rp2_common/pico_standard_link/crt0.S.obj

.flash_end      0x000000001000ab58        0x0
                0x000000001000ab58                PROVIDE (__flash_binary_end = .)
                0x0000000020040000                __StackLimit = (ORIGIN (RAM) + LENGTH (RAM))
                0x0000000020041000                __StackOneTop = (ORIGIN (SCRATCH_X) + LENGTH (SCRATCH_X))
                0x0000000020042000                __StackTop = (ORIGIN (SCRATCH_Y) + LENGTH (SCRATCH_Y))
                0x0000000020041000                __StackOneBottom = (__StackOneTop - SIZEOF (.stack1_dummy))
                0x0000000020041800                __StackBottom = (__StackTop - SIZEOF (.stack_dummy))
                0x0000000020042000                PROVIDE (__stack = __StackTop)
                0x0000000000000001                ASSERT ((__StackLimit >= __HeapLimit), region RAM overflowed)
                0x0000000000000001                ASSERT (((__binary_info_header_end - __logical_binary_start) <= 0x100), Binary info must be in first 256 bytes of the binary)
LOAD CMakeFiles/test.dir/main.c.obj
LOAD CMakeFiles/test.dir/home/sebin/RP/pico/pico-sdk/src/rp2_common/pico_stdlib/stdlib.c.obj
LOAD CMakeFiles/test.dir/home/sebin/RP/pico/pico-sdk/src/rp2_common/hardware_gpio/gpio.c.obj
LOAD CMakeFiles/test.dir/home/sebin/RP/pico/pico-sdk/src/rp2_common/pico_platform/platform.c.obj
LOAD CMakeFiles/test.dir/home/sebin/RP/pico/pico-sdk/src/rp2_common/hardware_claim/claim.c.obj
LOAD CMakeFiles/test.dir/home/sebin/RP/pico/pico-sdk/src/rp2_common/hardware_sync/sync.c.obj
LOAD CMakeFiles/test.dir/home/sebin/RP/pico/pico-sdk/src/rp2_common/hardware_irq/irq.c.obj
LOAD CMakeFiles/test.dir/home/sebin/RP/pico/pico-sdk/src/rp2_common/hardware_irq/irq_handler_chain.S.obj
LOAD CMakeFiles/test.dir/home/sebin/RP/pico/pico-sdk/src/common/pico_sync/sem.c.obj
LOAD CMakeFiles/test.dir/home/sebin/RP/pico/pico-sdk/src/common/pico_sync/lock_core.c.obj
LOAD CMakeFiles/test.dir/home/sebin/RP/pico/pico-sdk/src/common/pico_sync/mutex.c.obj
LOAD CMakeFiles/test.dir/home/sebin/RP/pico/pico-sdk/src/common/pico_sync/critical_section.c.obj
LOAD CMakeFiles/test.dir/home/sebin/RP/pico/pico-sdk/src/common/pico_time/time.c.obj
LOAD CMakeFiles/test.dir/home/sebin/RP/pico/pico-sdk/src/common/pico_time/timeout_helper.c.obj
LOAD CMakeFiles/test.dir/home/sebin/RP/pico/pico-sdk/src/rp2_common/hardware_timer/timer.c.obj
LOAD CMakeFiles/test.dir/home/sebin/RP/pico/pico-sdk/src/common/pico_util/datetime.c.obj
LOAD CMakeFiles/test.dir/home/sebin/RP/pico/pico-sdk/src/common/pico_util/pheap.c.obj
LOAD CMakeFiles/test.dir/home/sebin/RP/pico/pico-sdk/src/common/pico_util/queue.c.obj
LOAD CMakeFiles/test.dir/home/sebin/RP/pico/pico-sdk/src/rp2_common/hardware_uart/uart.c.obj
LOAD CMakeFiles/test.dir/home/sebin/RP/pico/pico-sdk/src/rp2_common/hardware_clocks/clocks.c.obj
LOAD CMakeFiles/test.dir/home/sebin/RP/pico/pico-sdk/src/rp2_common/hardware_pll/pll.c.obj
LOAD CMakeFiles/test.dir/home/sebin/RP/pico/pico-sdk/src/rp2_common/hardware_vreg/vreg.c.obj
LOAD CMakeFiles/test.dir/home/sebin/RP/pico/pico-sdk/src/rp2_common/hardware_watchdog/watchdog.c.obj
LOAD CMakeFiles/test.dir/home/sebin/RP/pico/pico-sdk/src/rp2_common/hardware_xosc/xosc.c.obj
LOAD CMakeFiles/test.dir/home/sebin/RP/pico/pico-sdk/src/rp2_common/hardware_divider/divider.S.obj
LOAD CMakeFiles/test.dir/home/sebin/RP/pico/pico-sdk/src/rp2_common/pico_runtime/runtime.c.obj
LOAD CMakeFiles/test.dir/home/sebin/RP/pico/pico-sdk/src/rp2_common/pico_printf/printf.c.obj
LOAD CMakeFiles/test.dir/home/sebin/RP/pico/pico-sdk/src/rp2_common/pico_bit_ops/bit_ops_aeabi.S.obj
LOAD CMakeFiles/test.dir/home/sebin/RP/pico/pico-sdk/src/rp2_common/pico_bootrom/bootrom.c.obj
LOAD CMakeFiles/test.dir/home/sebin/RP/pico/pico-sdk/src/rp2_common/pico_divider/divider.S.obj
LOAD CMakeFiles/test.dir/home/sebin/RP/pico/pico-sdk/src/rp2_common/pico_double/double_aeabi.S.obj
LOAD CMakeFiles/test.dir/home/sebin/RP/pico/pico-sdk/src/rp2_common/pico_double/double_init_rom.c.obj
LOAD CMakeFiles/test.dir/home/sebin/RP/pico/pico-sdk/src/rp2_common/pico_double/double_math.c.obj
LOAD CMakeFiles/test.dir/home/sebin/RP/pico/pico-sdk/src/rp2_common/pico_double/double_v1_rom_shim.S.obj
LOAD CMakeFiles/test.dir/home/sebin/RP/pico/pico-sdk/src/rp2_common/pico_int64_ops/pico_int64_ops_aeabi.S.obj
LOAD CMakeFiles/test.dir/home/sebin/RP/pico/pico-sdk/src/rp2_common/pico_float/float_aeabi.S.obj
LOAD CMakeFiles/test.dir/home/sebin/RP/pico/pico-sdk/src/rp2_common/pico_float/float_init_rom.c.obj
LOAD CMakeFiles/test.dir/home/sebin/RP/pico/pico-sdk/src/rp2_common/pico_float/float_math.c.obj
LOAD CMakeFiles/test.dir/home/sebin/RP/pico/pico-sdk/src/rp2_common/pico_float/float_v1_rom_shim.S.obj
LOAD CMakeFiles/test.dir/home/sebin/RP/pico/pico-sdk/src/rp2_common/pico_malloc/pico_malloc.c.obj
LOAD CMakeFiles/test.dir/home/sebin/RP/pico/pico-sdk/src/rp2_common/pico_mem_ops/mem_ops_aeabi.S.obj
LOAD CMakeFiles/test.dir/home/sebin/RP/pico/pico-sdk/src/rp2_common/pico_standard_link/crt0.S.obj
LOAD CMakeFiles/test.dir/home/sebin/RP/pico/pico-sdk/src/rp2_common/pico_standard_link/new_delete.cpp.obj
LOAD CMakeFiles/test.dir/home/sebin/RP/pico/pico-sdk/src/rp2_common/pico_standard_link/binary_info.c.obj
LOAD CMakeFiles/test.dir/home/sebin/RP/pico/pico-sdk/src/rp2_common/pico_stdio/stdio.c.obj
LOAD CMakeFiles/test.dir/home/sebin/RP/pico/pico-sdk/src/rp2_common/pico_stdio_uart/stdio_uart.c.obj
LOAD CMakeFiles/test.dir/home/sebin/RP/pico/pico-sdk/src/rp2_common/pico_stdio_usb/reset_interface.c.obj
LOAD CMakeFiles/test.dir/home/sebin/RP/pico/pico-sdk/src/rp2_common/pico_stdio_usb/stdio_usb.c.obj
LOAD CMakeFiles/test.dir/home/sebin/RP/pico/pico-sdk/src/rp2_common/pico_stdio_usb/stdio_usb_descriptors.c.obj
LOAD CMakeFiles/test.dir/home/sebin/RP/pico/pico-sdk/src/rp2_common/pico_unique_id/unique_id.c.obj
LOAD CMakeFiles/test.dir/home/sebin/RP/pico/pico-sdk/src/rp2_common/hardware_flash/flash.c.obj
LOAD CMakeFiles/test.dir/home/sebin/RP/pico/pico-sdk/lib/tinyusb/src/portable/raspberrypi/rp2040/dcd_rp2040.c.obj
LOAD CMakeFiles/test.dir/home/sebin/RP/pico/pico-sdk/lib/tinyusb/src/portable/raspberrypi/rp2040/rp2040_usb.c.obj
LOAD CMakeFiles/test.dir/home/sebin/RP/pico/pico-sdk/lib/tinyusb/src/device/usbd.c.obj
LOAD CMakeFiles/test.dir/home/sebin/RP/pico/pico-sdk/lib/tinyusb/src/device/usbd_control.c.obj
LOAD CMakeFiles/test.dir/home/sebin/RP/pico/pico-sdk/lib/tinyusb/src/class/audio/audio_device.c.obj
LOAD CMakeFiles/test.dir/home/sebin/RP/pico/pico-sdk/lib/tinyusb/src/class/cdc/cdc_device.c.obj
LOAD CMakeFiles/test.dir/home/sebin/RP/pico/pico-sdk/lib/tinyusb/src/class/dfu/dfu_device.c.obj
LOAD CMakeFiles/test.dir/home/sebin/RP/pico/pico-sdk/lib/tinyusb/src/class/dfu/dfu_rt_device.c.obj
LOAD CMakeFiles/test.dir/home/sebin/RP/pico/pico-sdk/lib/tinyusb/src/class/hid/hid_device.c.obj
LOAD CMakeFiles/test.dir/home/sebin/RP/pico/pico-sdk/lib/tinyusb/src/class/midi/midi_device.c.obj
LOAD CMakeFiles/test.dir/home/sebin/RP/pico/pico-sdk/lib/tinyusb/src/class/msc/msc_device.c.obj
LOAD CMakeFiles/test.dir/home/sebin/RP/pico/pico-sdk/lib/tinyusb/src/class/net/ecm_rndis_device.c.obj
LOAD CMakeFiles/test.dir/home/sebin/RP/pico/pico-sdk/lib/tinyusb/src/class/net/ncm_device.c.obj
LOAD CMakeFiles/test.dir/home/sebin/RP/pico/pico-sdk/lib/tinyusb/src/class/usbtmc/usbtmc_device.c.obj
LOAD CMakeFiles/test.dir/home/sebin/RP/pico/pico-sdk/lib/tinyusb/src/class/vendor/vendor_device.c.obj
LOAD CMakeFiles/test.dir/home/sebin/RP/pico/pico-sdk/lib/tinyusb/src/class/video/video_device.c.obj
LOAD CMakeFiles/test.dir/home/sebin/RP/pico/pico-sdk/lib/tinyusb/src/tusb.c.obj
LOAD CMakeFiles/test.dir/home/sebin/RP/pico/pico-sdk/lib/tinyusb/src/common/tusb_fifo.c.obj
LOAD CMakeFiles/test.dir/home/sebin/RP/pico/pico-sdk/src/rp2_common/pico_fix/rp2040_usb_device_enumeration/rp2040_usb_device_enumeration.c.obj
LOAD CMakeFiles/test.dir/home/sebin/RP/pico/pico-sdk/src/rp2_common/hardware_spi/spi.c.obj
LOAD CMakeFiles/test.dir/home/sebin/RP/pico/pico-sdk/src/rp2_common/hardware_dma/dma.c.obj
LOAD CMakeFiles/test.dir/home/sebin/RP/pico/pico-sdk/src/rp2_common/hardware_i2c/i2c.c.obj
LOAD lib/ili9341/libili9341.a
LOAD lib/gfx/libgfx.a
LOAD max/libmax30102.a
LOAD /tmp/ccjwYdqq.o
LOAD /usr/lib/gcc/arm-none-eabi/9.2.1/../../../arm-none-eabi/lib/thumb/v6-m/nofp/libstdc++.a
LOAD /usr/lib/gcc/arm-none-eabi/9.2.1/../../../arm-none-eabi/lib/thumb/v6-m/nofp/libm.a
START GROUP
LOAD /usr/lib/gcc/arm-none-eabi/9.2.1/thumb/v6-m/nofp/libgcc.a
LOAD /usr/lib/gcc/arm-none-eabi/9.2.1/../../../arm-none-eabi/lib/thumb/v6-m/nofp/libc.a
END GROUP
START GROUP
LOAD /usr/lib/gcc/arm-none-eabi/9.2.1/thumb/v6-m/nofp/libgcc.a
LOAD /usr/lib/gcc/arm-none-eabi/9.2.1/../../../arm-none-eabi/lib/thumb/v6-m/nofp/libc.a
LOAD /usr/lib/gcc/arm-none-eabi/9.2.1/../../../arm-none-eabi/lib/thumb/v6-m/nofp/libnosys.a
END GROUP
LOAD /usr/lib/gcc/arm-none-eabi/9.2.1/thumb/v6-m/nofp/crtend.o
LOAD /usr/lib/gcc/arm-none-eabi/9.2.1/thumb/v6-m/nofp/crtn.o
OUTPUT(test.elf elf32-littlearm)
LOAD linker stubs

.ARM.attributes
                0x0000000000000000       0x28
 .ARM.attributes
                0x0000000000000000       0x1e /usr/lib/gcc/arm-none-eabi/9.2.1/thumb/v6-m/nofp/crti.o
 .ARM.attributes
                0x000000000000001e       0x2c /usr/lib/gcc/arm-none-eabi/9.2.1/thumb/v6-m/nofp/crtbegin.o
 .ARM.attributes
                0x000000000000004a       0x2c CMakeFiles/test.dir/main.c.obj
 .ARM.attributes
                0x0000000000000076       0x2c CMakeFiles/test.dir/home/sebin/RP/pico/pico-sdk/src/rp2_common/hardware_gpio/gpio.c.obj
 .ARM.attributes
                0x00000000000000a2       0x2c CMakeFiles/test.dir/home/sebin/RP/pico/pico-sdk/src/rp2_common/pico_platform/platform.c.obj
 .ARM.attributes
                0x00000000000000ce       0x2c CMakeFiles/test.dir/home/sebin/RP/pico/pico-sdk/src/rp2_common/hardware_claim/claim.c.obj
 .ARM.attributes
                0x00000000000000fa       0x2c CMakeFiles/test.dir/home/sebin/RP/pico/pico-sdk/src/rp2_common/hardware_sync/sync.c.obj
 .ARM.attributes
                0x0000000000000126       0x2c CMakeFiles/test.dir/home/sebin/RP/pico/pico-sdk/src/rp2_common/hardware_irq/irq.c.obj
 .ARM.attributes
                0x0000000000000152       0x22 CMakeFiles/test.dir/home/sebin/RP/pico/pico-sdk/src/rp2_common/hardware_irq/irq_handler_chain.S.obj
 .ARM.attributes
                0x0000000000000174       0x2c CMakeFiles/test.dir/home/sebin/RP/pico/pico-sdk/src/common/pico_sync/lock_core.c.obj
 .ARM.attributes
                0x00000000000001a0       0x2c CMakeFiles/test.dir/home/sebin/RP/pico/pico-sdk/src/common/pico_sync/mutex.c.obj
 .ARM.attributes
                0x00000000000001cc       0x2c CMakeFiles/test.dir/home/sebin/RP/pico/pico-sdk/src/common/pico_time/time.c.obj
 .ARM.attributes
                0x00000000000001f8       0x2c CMakeFiles/test.dir/home/sebin/RP/pico/pico-sdk/src/rp2_common/hardware_timer/timer.c.obj
 .ARM.attributes
                0x0000000000000224       0x2c CMakeFiles/test.dir/home/sebin/RP/pico/pico-sdk/src/common/pico_util/pheap.c.obj
 .ARM.attributes
                0x0000000000000250       0x2c CMakeFiles/test.dir/home/sebin/RP/pico/pico-sdk/src/rp2_common/hardware_clocks/clocks.c.obj
 .ARM.attributes
                0x000000000000027c       0x2c CMakeFiles/test.dir/home/sebin/RP/pico/pico-sdk/src/rp2_common/hardware_pll/pll.c.obj
 .ARM.attributes
                0x00000000000002a8       0x2c CMakeFiles/test.dir/home/sebin/RP/pico/pico-sdk/src/rp2_common/hardware_watchdog/watchdog.c.obj
 .ARM.attributes
                0x00000000000002d4       0x2c CMakeFiles/test.dir/home/sebin/RP/pico/pico-sdk/src/rp2_common/hardware_xosc/xosc.c.obj
 .ARM.attributes
                0x0000000000000300       0x2c CMakeFiles/test.dir/home/sebin/RP/pico/pico-sdk/src/rp2_common/pico_runtime/runtime.c.obj
 .ARM.attributes
                0x000000000000032c       0x2c CMakeFiles/test.dir/home/sebin/RP/pico/pico-sdk/src/rp2_common/pico_printf/printf.c.obj
 .ARM.attributes
                0x0000000000000358       0x22 CMakeFiles/test.dir/home/sebin/RP/pico/pico-sdk/src/rp2_common/pico_bit_ops/bit_ops_aeabi.S.obj
 .ARM.attributes
                0x000000000000037a       0x2c CMakeFiles/test.dir/home/sebin/RP/pico/pico-sdk/src/rp2_common/pico_bootrom/bootrom.c.obj
 .ARM.attributes
                0x00000000000003a6       0x22 CMakeFiles/test.dir/home/sebin/RP/pico/pico-sdk/src/rp2_common/pico_divider/divider.S.obj
 .ARM.attributes
                0x00000000000003c8       0x22 CMakeFiles/test.dir/home/sebin/RP/pico/pico-sdk/src/rp2_common/pico_double/double_aeabi.S.obj
 .ARM.attributes
                0x00000000000003ea       0x2c CMakeFiles/test.dir/home/sebin/RP/pico/pico-sdk/src/rp2_common/pico_double/double_init_rom.c.obj
 .ARM.attributes
                0x0000000000000416       0x22 CMakeFiles/test.dir/home/sebin/RP/pico/pico-sdk/src/rp2_common/pico_double/double_v1_rom_shim.S.obj
 .ARM.attributes
                0x0000000000000438       0x22 CMakeFiles/test.dir/home/sebin/RP/pico/pico-sdk/src/rp2_common/pico_int64_ops/pico_int64_ops_aeabi.S.obj
 .ARM.attributes
                0x000000000000045a       0x22 CMakeFiles/test.dir/home/sebin/RP/pico/pico-sdk/src/rp2_common/pico_float/float_aeabi.S.obj
 .ARM.attributes
                0x000000000000047c       0x2c CMakeFiles/test.dir/home/sebin/RP/pico/pico-sdk/src/rp2_common/pico_float/float_init_rom.c.obj
 .ARM.attributes
                0x00000000000004a8       0x22 CMakeFiles/test.dir/home/sebin/RP/pico/pico-sdk/src/rp2_common/pico_float/float_v1_rom_shim.S.obj
 .ARM.attributes
                0x00000000000004ca       0x2c CMakeFiles/test.dir/home/sebin/RP/pico/pico-sdk/src/rp2_common/pico_malloc/pico_malloc.c.obj
 .ARM.attributes
                0x00000000000004f6       0x22 CMakeFiles/test.dir/home/sebin/RP/pico/pico-sdk/src/rp2_common/pico_mem_ops/mem_ops_aeabi.S.obj
 .ARM.attributes
                0x0000000000000518       0x22 CMakeFiles/test.dir/home/sebin/RP/pico/pico-sdk/src/rp2_common/pico_standard_link/crt0.S.obj
 .ARM.attributes
                0x000000000000053a       0x32 CMakeFiles/test.dir/home/sebin/RP/pico/pico-sdk/src/rp2_common/pico_standard_link/binary_info.c.obj
 .ARM.attributes
                0x000000000000056c       0x2c CMakeFiles/test.dir/home/sebin/RP/pico/pico-sdk/src/rp2_common/pico_stdio/stdio.c.obj
 .ARM.attributes
                0x0000000000000598       0x2c CMakeFiles/test.dir/home/sebin/RP/pico/pico-sdk/src/rp2_common/pico_unique_id/unique_id.c.obj
 .ARM.attributes
                0x00000000000005c4       0x2c CMakeFiles/test.dir/home/sebin/RP/pico/pico-sdk/src/rp2_common/hardware_flash/flash.c.obj
 .ARM.attributes
                0x00000000000005f0       0x2c CMakeFiles/test.dir/home/sebin/RP/pico/pico-sdk/src/rp2_common/hardware_spi/spi.c.obj
 .ARM.attributes
                0x000000000000061c       0x2c CMakeFiles/test.dir/home/sebin/RP/pico/pico-sdk/src/rp2_common/hardware_i2c/i2c.c.obj
 .ARM.attributes
                0x0000000000000648       0x2c lib/ili9341/libili9341.a(ili9341.c.obj)
 .ARM.attributes
                0x0000000000000674       0x2c lib/gfx/libgfx.a(gfx.c.obj)
 .ARM.attributes
                0x00000000000006a0       0x2c max/libmax30102.a(max30102.c.obj)
 .ARM.attributes
                0x00000000000006cc       0x22 /tmp/ccjwYdqq.o
 .ARM.attributes
                0x00000000000006ee       0x1e /usr/lib/gcc/arm-none-eabi/9.2.1/thumb/v6-m/nofp/libgcc.a(_dvmd_tls.o)
 .ARM.attributes
                0x000000000000070c       0x2c /usr/lib/gcc/arm-none-eabi/9.2.1/../../../arm-none-eabi/lib/thumb/v6-m/nofp/libc.a(lib_a-callocr.o)
 .ARM.attributes
                0x0000000000000738       0x2c /usr/lib/gcc/arm-none-eabi/9.2.1/../../../arm-none-eabi/lib/thumb/v6-m/nofp/libc.a(lib_a-impure.o)
 .ARM.attributes
                0x0000000000000764       0x2c /usr/lib/gcc/arm-none-eabi/9.2.1/../../../arm-none-eabi/lib/thumb/v6-m/nofp/libc.a(lib_a-malloc.o)
 .ARM.attributes
                0x0000000000000790       0x2c /usr/lib/gcc/arm-none-eabi/9.2.1/../../../arm-none-eabi/lib/thumb/v6-m/nofp/libc.a(lib_a-mallocr.o)
 .ARM.attributes
                0x00000000000007bc       0x2c /usr/lib/gcc/arm-none-eabi/9.2.1/../../../arm-none-eabi/lib/thumb/v6-m/nofp/libc.a(lib_a-mlock.o)
 .ARM.attributes
                0x00000000000007e8       0x2c /usr/lib/gcc/arm-none-eabi/9.2.1/../../../arm-none-eabi/lib/thumb/v6-m/nofp/libc.a(lib_a-reallocr.o)
 .ARM.attributes
                0x0000000000000814       0x2c /usr/lib/gcc/arm-none-eabi/9.2.1/../../../arm-none-eabi/lib/thumb/v6-m/nofp/libc.a(lib_a-sbrkr.o)
 .ARM.attributes
                0x0000000000000840       0x2c /usr/lib/gcc/arm-none-eabi/9.2.1/../../../arm-none-eabi/lib/thumb/v6-m/nofp/libc.a(lib_a-strlen-stub.o)
 .ARM.attributes
                0x000000000000086c       0x2c /usr/lib/gcc/arm-none-eabi/9.2.1/../../../arm-none-eabi/lib/thumb/v6-m/nofp/libc.a(lib_a-vsprintf.o)
 .ARM.attributes
                0x0000000000000898       0x2c /usr/lib/gcc/arm-none-eabi/9.2.1/../../../arm-none-eabi/lib/thumb/v6-m/nofp/libc.a(lib_a-freer.o)
 .ARM.attributes
                0x00000000000008c4       0x2c /usr/lib/gcc/arm-none-eabi/9.2.1/../../../arm-none-eabi/lib/thumb/v6-m/nofp/libc.a(lib_a-memmove.o)
 .ARM.attributes
                0x00000000000008f0       0x2c /usr/lib/gcc/arm-none-eabi/9.2.1/../../../arm-none-eabi/lib/thumb/v6-m/nofp/libc.a(lib_a-reent.o)
 .ARM.attributes
                0x000000000000091c       0x2c /usr/lib/gcc/arm-none-eabi/9.2.1/../../../arm-none-eabi/lib/thumb/v6-m/nofp/libc.a(lib_a-svfprintf.o)
 .ARM.attributes
                0x0000000000000948       0x2c /usr/lib/gcc/arm-none-eabi/9.2.1/../../../arm-none-eabi/lib/thumb/v6-m/nofp/libc.a(lib_a-dtoa.o)
 .ARM.attributes
                0x0000000000000974       0x2c /usr/lib/gcc/arm-none-eabi/9.2.1/../../../arm-none-eabi/lib/thumb/v6-m/nofp/libc.a(lib_a-localeconv.o)
 .ARM.attributes
                0x00000000000009a0       0x2c /usr/lib/gcc/arm-none-eabi/9.2.1/../../../arm-none-eabi/lib/thumb/v6-m/nofp/libc.a(lib_a-memchr-stub.o)
 .ARM.attributes
                0x00000000000009cc       0x2c /usr/lib/gcc/arm-none-eabi/9.2.1/../../../arm-none-eabi/lib/thumb/v6-m/nofp/libc.a(lib_a-mprec.o)
 .ARM.attributes
                0x00000000000009f8       0x2c /usr/lib/gcc/arm-none-eabi/9.2.1/../../../arm-none-eabi/lib/thumb/v6-m/nofp/libc.a(lib_a-svfiprintf.o)
 .ARM.attributes
                0x0000000000000a24       0x2c /usr/lib/gcc/arm-none-eabi/9.2.1/../../../arm-none-eabi/lib/thumb/v6-m/nofp/libc.a(lib_a-locale.o)
 .ARM.attributes
                0x0000000000000a50       0x2c /usr/lib/gcc/arm-none-eabi/9.2.1/../../../arm-none-eabi/lib/thumb/v6-m/nofp/libc.a(lib_a-mbtowc_r.o)
 .ARM.attributes
                0x0000000000000a7c       0x2c /usr/lib/gcc/arm-none-eabi/9.2.1/../../../arm-none-eabi/lib/thumb/v6-m/nofp/libc.a(lib_a-wctomb_r.o)
 .ARM.attributes
                0x0000000000000aa8       0x2c /usr/lib/gcc/arm-none-eabi/9.2.1/../../../arm-none-eabi/lib/thumb/v6-m/nofp/libc.a(lib_a-ctype_.o)
 .ARM.attributes
                0x0000000000000ad4       0x2c /usr/lib/gcc/arm-none-eabi/9.2.1/thumb/v6-m/nofp/crtend.o

.comment        0x0000000000000000       0xa7
 .comment       0x0000000000000000       0x59 /usr/lib/gcc/arm-none-eabi/9.2.1/thumb/v6-m/nofp/crtbegin.o
                                         0x5a (size before relaxing)
 .comment       0x0000000000000059       0x5a CMakeFiles/test.dir/main.c.obj
 .comment       0x0000000000000059       0x5a CMakeFiles/test.dir/home/sebin/RP/pico/pico-sdk/src/rp2_common/hardware_gpio/gpio.c.obj
 .comment       0x0000000000000059       0x5a CMakeFiles/test.dir/home/sebin/RP/pico/pico-sdk/src/rp2_common/pico_platform/platform.c.obj
 .comment       0x0000000000000059       0x5a CMakeFiles/test.dir/home/sebin/RP/pico/pico-sdk/src/rp2_common/hardware_claim/claim.c.obj
 .comment       0x0000000000000059       0x5a CMakeFiles/test.dir/home/sebin/RP/pico/pico-sdk/src/rp2_common/hardware_sync/sync.c.obj
 .comment       0x0000000000000059       0x5a CMakeFiles/test.dir/home/sebin/RP/pico/pico-sdk/src/rp2_common/hardware_irq/irq.c.obj
 .comment       0x0000000000000059       0x5a CMakeFiles/test.dir/home/sebin/RP/pico/pico-sdk/src/common/pico_sync/lock_core.c.obj
 .comment       0x0000000000000059       0x5a CMakeFiles/test.dir/home/sebin/RP/pico/pico-sdk/src/common/pico_sync/mutex.c.obj
 .comment       0x0000000000000059       0x5a CMakeFiles/test.dir/home/sebin/RP/pico/pico-sdk/src/common/pico_time/time.c.obj
 .comment       0x0000000000000059       0x5a CMakeFiles/test.dir/home/sebin/RP/pico/pico-sdk/src/rp2_common/hardware_timer/timer.c.obj
 .comment       0x0000000000000059       0x5a CMakeFiles/test.dir/home/sebin/RP/pico/pico-sdk/src/common/pico_util/pheap.c.obj
 .comment       0x0000000000000059       0x5a CMakeFiles/test.dir/home/sebin/RP/pico/pico-sdk/src/rp2_common/hardware_clocks/clocks.c.obj
 .comment       0x0000000000000059       0x5a CMakeFiles/test.dir/home/sebin/RP/pico/pico-sdk/src/rp2_common/hardware_pll/pll.c.obj
 .comment       0x0000000000000059       0x5a CMakeFiles/test.dir/home/sebin/RP/pico/pico-sdk/src/rp2_common/hardware_watchdog/watchdog.c.obj
 .comment       0x0000000000000059       0x5a CMakeFiles/test.dir/home/sebin/RP/pico/pico-sdk/src/rp2_common/hardware_xosc/xosc.c.obj
 .comment       0x0000000000000059       0x5a CMakeFiles/test.dir/home/sebin/RP/pico/pico-sdk/src/rp2_common/pico_runtime/runtime.c.obj
 .comment       0x0000000000000059       0x5a CMakeFiles/test.dir/home/sebin/RP/pico/pico-sdk/src/rp2_common/pico_printf/printf.c.obj
 .comment       0x0000000000000059       0x5a CMakeFiles/test.dir/home/sebin/RP/pico/pico-sdk/src/rp2_common/pico_bootrom/bootrom.c.obj
 .comment       0x0000000000000059       0x5a CMakeFiles/test.dir/home/sebin/RP/pico/pico-sdk/src/rp2_common/pico_double/double_init_rom.c.obj
 .comment       0x0000000000000059       0x5a CMakeFiles/test.dir/home/sebin/RP/pico/pico-sdk/src/rp2_common/pico_float/float_init_rom.c.obj
 .comment       0x0000000000000059       0x5a CMakeFiles/test.dir/home/sebin/RP/pico/pico-sdk/src/rp2_common/pico_malloc/pico_malloc.c.obj
 .comment       0x0000000000000059       0x5a CMakeFiles/test.dir/home/sebin/RP/pico/pico-sdk/src/rp2_common/pico_standard_link/binary_info.c.obj
 .comment       0x0000000000000059       0x5a CMakeFiles/test.dir/home/sebin/RP/pico/pico-sdk/src/rp2_common/pico_stdio/stdio.c.obj
 .comment       0x0000000000000059       0x5a CMakeFiles/test.dir/home/sebin/RP/pico/pico-sdk/src/rp2_common/pico_unique_id/unique_id.c.obj
 .comment       0x0000000000000059       0x5a CMakeFiles/test.dir/home/sebin/RP/pico/pico-sdk/src/rp2_common/hardware_flash/flash.c.obj
 .comment       0x0000000000000059       0x5a CMakeFiles/test.dir/home/sebin/RP/pico/pico-sdk/src/rp2_common/hardware_spi/spi.c.obj
 .comment       0x0000000000000059       0x5a CMakeFiles/test.dir/home/sebin/RP/pico/pico-sdk/src/rp2_common/hardware_i2c/i2c.c.obj
 .comment       0x0000000000000059       0x5a lib/ili9341/libili9341.a(ili9341.c.obj)
 .comment       0x0000000000000059       0x5a lib/gfx/libgfx.a(gfx.c.obj)
 .comment       0x0000000000000059       0x5a max/libmax30102.a(max30102.c.obj)
 .comment       0x0000000000000059       0x4e /usr/lib/gcc/arm-none-eabi/9.2.1/../../../arm-none-eabi/lib/thumb/v6-m/nofp/libc.a(lib_a-callocr.o)
                                         0x4f (size before relaxing)
 .comment       0x00000000000000a7       0x4f /usr/lib/gcc/arm-none-eabi/9.2.1/../../../arm-none-eabi/lib/thumb/v6-m/nofp/libc.a(lib_a-impure.o)
 .comment       0x00000000000000a7       0x4f /usr/lib/gcc/arm-none-eabi/9.2.1/../../../arm-none-eabi/lib/thumb/v6-m/nofp/libc.a(lib_a-malloc.o)
 .comment       0x00000000000000a7       0x4f /usr/lib/gcc/arm-none-eabi/9.2.1/../../../arm-none-eabi/lib/thumb/v6-m/nofp/libc.a(lib_a-mallocr.o)
 .comment       0x00000000000000a7       0x4f /usr/lib/gcc/arm-none-eabi/9.2.1/../../../arm-none-eabi/lib/thumb/v6-m/nofp/libc.a(lib_a-mlock.o)
 .comment       0x00000000000000a7       0x4f /usr/lib/gcc/arm-none-eabi/9.2.1/../../../arm-none-eabi/lib/thumb/v6-m/nofp/libc.a(lib_a-reallocr.o)
 .comment       0x00000000000000a7       0x4f /usr/lib/gcc/arm-none-eabi/9.2.1/../../../arm-none-eabi/lib/thumb/v6-m/nofp/libc.a(lib_a-sbrkr.o)
 .comment       0x00000000000000a7       0x4f /usr/lib/gcc/arm-none-eabi/9.2.1/../../../arm-none-eabi/lib/thumb/v6-m/nofp/libc.a(lib_a-strlen-stub.o)
 .comment       0x00000000000000a7       0x4f /usr/lib/gcc/arm-none-eabi/9.2.1/../../../arm-none-eabi/lib/thumb/v6-m/nofp/libc.a(lib_a-vsprintf.o)
 .comment       0x00000000000000a7       0x4f /usr/lib/gcc/arm-none-eabi/9.2.1/../../../arm-none-eabi/lib/thumb/v6-m/nofp/libc.a(lib_a-freer.o)
 .comment       0x00000000000000a7       0x4f /usr/lib/gcc/arm-none-eabi/9.2.1/../../../arm-none-eabi/lib/thumb/v6-m/nofp/libc.a(lib_a-memmove.o)
 .comment       0x00000000000000a7       0x4f /usr/lib/gcc/arm-none-eabi/9.2.1/../../../arm-none-eabi/lib/thumb/v6-m/nofp/libc.a(lib_a-reent.o)
 .comment       0x00000000000000a7       0x4f /usr/lib/gcc/arm-none-eabi/9.2.1/../../../arm-none-eabi/lib/thumb/v6-m/nofp/libc.a(lib_a-svfprintf.o)
 .comment       0x00000000000000a7       0x4f /usr/lib/gcc/arm-none-eabi/9.2.1/../../../arm-none-eabi/lib/thumb/v6-m/nofp/libc.a(lib_a-dtoa.o)
 .comment       0x00000000000000a7       0x4f /usr/lib/gcc/arm-none-eabi/9.2.1/../../../arm-none-eabi/lib/thumb/v6-m/nofp/libc.a(lib_a-localeconv.o)
 .comment       0x00000000000000a7       0x4f /usr/lib/gcc/arm-none-eabi/9.2.1/../../../arm-none-eabi/lib/thumb/v6-m/nofp/libc.a(lib_a-memchr-stub.o)
 .comment       0x00000000000000a7       0x4f /usr/lib/gcc/arm-none-eabi/9.2.1/../../../arm-none-eabi/lib/thumb/v6-m/nofp/libc.a(lib_a-mprec.o)
 .comment       0x00000000000000a7       0x4f /usr/lib/gcc/arm-none-eabi/9.2.1/../../../arm-none-eabi/lib/thumb/v6-m/nofp/libc.a(lib_a-svfiprintf.o)
 .comment       0x00000000000000a7       0x4f /usr/lib/gcc/arm-none-eabi/9.2.1/../../../arm-none-eabi/lib/thumb/v6-m/nofp/libc.a(lib_a-locale.o)
 .comment       0x00000000000000a7       0x4f /usr/lib/gcc/arm-none-eabi/9.2.1/../../../arm-none-eabi/lib/thumb/v6-m/nofp/libc.a(lib_a-mbtowc_r.o)
 .comment       0x00000000000000a7       0x4f /usr/lib/gcc/arm-none-eabi/9.2.1/../../../arm-none-eabi/lib/thumb/v6-m/nofp/libc.a(lib_a-wctomb_r.o)
 .comment       0x00000000000000a7       0x4f /usr/lib/gcc/arm-none-eabi/9.2.1/../../../arm-none-eabi/lib/thumb/v6-m/nofp/libc.a(lib_a-ctype_.o)
 .comment       0x00000000000000a7       0x5a /usr/lib/gcc/arm-none-eabi/9.2.1/thumb/v6-m/nofp/crtend.o

.debug_line     0x0000000000000000     0x8095
 .debug_line    0x0000000000000000       0x60 /usr/lib/gcc/arm-none-eabi/9.2.1/thumb/v6-m/nofp/libgcc.a(_dvmd_tls.o)
 .debug_line    0x0000000000000060      0x1e7 /usr/lib/gcc/arm-none-eabi/9.2.1/../../../arm-none-eabi/lib/thumb/v6-m/nofp/libc.a(lib_a-callocr.o)
 .debug_line    0x0000000000000247       0xe3 /usr/lib/gcc/arm-none-eabi/9.2.1/../../../arm-none-eabi/lib/thumb/v6-m/nofp/libc.a(lib_a-impure.o)
 .debug_line    0x000000000000032a      0x16e /usr/lib/gcc/arm-none-eabi/9.2.1/../../../arm-none-eabi/lib/thumb/v6-m/nofp/libc.a(lib_a-malloc.o)
 .debug_line    0x0000000000000498      0x89d /usr/lib/gcc/arm-none-eabi/9.2.1/../../../arm-none-eabi/lib/thumb/v6-m/nofp/libc.a(lib_a-mallocr.o)
 .debug_line    0x0000000000000d35      0x13d /usr/lib/gcc/arm-none-eabi/9.2.1/../../../arm-none-eabi/lib/thumb/v6-m/nofp/libc.a(lib_a-mlock.o)
 .debug_line    0x0000000000000e72      0x676 /usr/lib/gcc/arm-none-eabi/9.2.1/../../../arm-none-eabi/lib/thumb/v6-m/nofp/libc.a(lib_a-reallocr.o)
 .debug_line    0x00000000000014e8      0x185 /usr/lib/gcc/arm-none-eabi/9.2.1/../../../arm-none-eabi/lib/thumb/v6-m/nofp/libc.a(lib_a-sbrkr.o)
 .debug_line    0x000000000000166d      0x1c2 /usr/lib/gcc/arm-none-eabi/9.2.1/../../../arm-none-eabi/lib/thumb/v6-m/nofp/libc.a(lib_a-strlen-stub.o)
 .debug_line    0x000000000000182f      0x1ca /usr/lib/gcc/arm-none-eabi/9.2.1/../../../arm-none-eabi/lib/thumb/v6-m/nofp/libc.a(lib_a-vsprintf.o)
 .debug_line    0x00000000000019f9      0x482 /usr/lib/gcc/arm-none-eabi/9.2.1/../../../arm-none-eabi/lib/thumb/v6-m/nofp/libc.a(lib_a-freer.o)
 .debug_line    0x0000000000001e7b      0x28a /usr/lib/gcc/arm-none-eabi/9.2.1/../../../arm-none-eabi/lib/thumb/v6-m/nofp/libc.a(lib_a-memmove.o)
 .debug_line    0x0000000000002105      0x20d /usr/lib/gcc/arm-none-eabi/9.2.1/../../../arm-none-eabi/lib/thumb/v6-m/nofp/libc.a(lib_a-reent.o)
 .debug_line    0x0000000000002312     0x1795 /usr/lib/gcc/arm-none-eabi/9.2.1/../../../arm-none-eabi/lib/thumb/v6-m/nofp/libc.a(lib_a-svfprintf.o)
 .debug_line    0x0000000000003aa7     0x14e3 /usr/lib/gcc/arm-none-eabi/9.2.1/../../../arm-none-eabi/lib/thumb/v6-m/nofp/libc.a(lib_a-dtoa.o)
 .debug_line    0x0000000000004f8a      0x1ce /usr/lib/gcc/arm-none-eabi/9.2.1/../../../arm-none-eabi/lib/thumb/v6-m/nofp/libc.a(lib_a-localeconv.o)
 .debug_line    0x0000000000005158      0x212 /usr/lib/gcc/arm-none-eabi/9.2.1/../../../arm-none-eabi/lib/thumb/v6-m/nofp/libc.a(lib_a-memchr-stub.o)
 .debug_line    0x000000000000536a     0x15ce /usr/lib/gcc/arm-none-eabi/9.2.1/../../../arm-none-eabi/lib/thumb/v6-m/nofp/libc.a(lib_a-mprec.o)
 .debug_line    0x0000000000006938      0xfa9 /usr/lib/gcc/arm-none-eabi/9.2.1/../../../arm-none-eabi/lib/thumb/v6-m/nofp/libc.a(lib_a-svfiprintf.o)
 .debug_line    0x00000000000078e1      0x240 /usr/lib/gcc/arm-none-eabi/9.2.1/../../../arm-none-eabi/lib/thumb/v6-m/nofp/libc.a(lib_a-locale.o)
 .debug_line    0x0000000000007b21      0x215 /usr/lib/gcc/arm-none-eabi/9.2.1/../../../arm-none-eabi/lib/thumb/v6-m/nofp/libc.a(lib_a-mbtowc_r.o)
 .debug_line    0x0000000000007d36      0x20b /usr/lib/gcc/arm-none-eabi/9.2.1/../../../arm-none-eabi/lib/thumb/v6-m/nofp/libc.a(lib_a-wctomb_r.o)
 .debug_line    0x0000000000007f41      0x154 /usr/lib/gcc/arm-none-eabi/9.2.1/../../../arm-none-eabi/lib/thumb/v6-m/nofp/libc.a(lib_a-ctype_.o)

.debug_info     0x0000000000000000    0x15bd7
 .debug_info    0x0000000000000000       0x26 /usr/lib/gcc/arm-none-eabi/9.2.1/thumb/v6-m/nofp/libgcc.a(_dvmd_tls.o)
 .debug_info    0x0000000000000026      0xc2f /usr/lib/gcc/arm-none-eabi/9.2.1/../../../arm-none-eabi/lib/thumb/v6-m/nofp/libc.a(lib_a-callocr.o)
 .debug_info    0x0000000000000c55      0x92a /usr/lib/gcc/arm-none-eabi/9.2.1/../../../arm-none-eabi/lib/thumb/v6-m/nofp/libc.a(lib_a-impure.o)
 .debug_info    0x000000000000157f      0x9b6 /usr/lib/gcc/arm-none-eabi/9.2.1/../../../arm-none-eabi/lib/thumb/v6-m/nofp/libc.a(lib_a-malloc.o)
 .debug_info    0x0000000000001f35      0xf1a /usr/lib/gcc/arm-none-eabi/9.2.1/../../../arm-none-eabi/lib/thumb/v6-m/nofp/libc.a(lib_a-mallocr.o)
 .debug_info    0x0000000000002e4f      0x961 /usr/lib/gcc/arm-none-eabi/9.2.1/../../../arm-none-eabi/lib/thumb/v6-m/nofp/libc.a(lib_a-mlock.o)
 .debug_info    0x00000000000037b0      0xef1 /usr/lib/gcc/arm-none-eabi/9.2.1/../../../arm-none-eabi/lib/thumb/v6-m/nofp/libc.a(lib_a-reallocr.o)
 .debug_info    0x00000000000046a1      0x9fb /usr/lib/gcc/arm-none-eabi/9.2.1/../../../arm-none-eabi/lib/thumb/v6-m/nofp/libc.a(lib_a-sbrkr.o)
 .debug_info    0x000000000000509c      0x973 /usr/lib/gcc/arm-none-eabi/9.2.1/../../../arm-none-eabi/lib/thumb/v6-m/nofp/libc.a(lib_a-strlen-stub.o)
 .debug_info    0x0000000000005a0f      0xc65 /usr/lib/gcc/arm-none-eabi/9.2.1/../../../arm-none-eabi/lib/thumb/v6-m/nofp/libc.a(lib_a-vsprintf.o)
 .debug_info    0x0000000000006674      0xd99 /usr/lib/gcc/arm-none-eabi/9.2.1/../../../arm-none-eabi/lib/thumb/v6-m/nofp/libc.a(lib_a-freer.o)
 .debug_info    0x000000000000740d      0xf2b /usr/lib/gcc/arm-none-eabi/9.2.1/../../../arm-none-eabi/lib/thumb/v6-m/nofp/libc.a(lib_a-memmove.o)
 .debug_info    0x0000000000008338      0xac2 /usr/lib/gcc/arm-none-eabi/9.2.1/../../../arm-none-eabi/lib/thumb/v6-m/nofp/libc.a(lib_a-reent.o)
 .debug_info    0x0000000000008dfa     0x1eb2 /usr/lib/gcc/arm-none-eabi/9.2.1/../../../arm-none-eabi/lib/thumb/v6-m/nofp/libc.a(lib_a-svfprintf.o)
 .debug_info    0x000000000000acac     0x1aa5 /usr/lib/gcc/arm-none-eabi/9.2.1/../../../arm-none-eabi/lib/thumb/v6-m/nofp/libc.a(lib_a-dtoa.o)
 .debug_info    0x000000000000c751      0xf49 /usr/lib/gcc/arm-none-eabi/9.2.1/../../../arm-none-eabi/lib/thumb/v6-m/nofp/libc.a(lib_a-localeconv.o)
 .debug_info    0x000000000000d69a      0x9e3 /usr/lib/gcc/arm-none-eabi/9.2.1/../../../arm-none-eabi/lib/thumb/v6-m/nofp/libc.a(lib_a-memchr-stub.o)
 .debug_info    0x000000000000e07d     0x22bb /usr/lib/gcc/arm-none-eabi/9.2.1/../../../arm-none-eabi/lib/thumb/v6-m/nofp/libc.a(lib_a-mprec.o)
 .debug_info    0x0000000000010338     0x1903 /usr/lib/gcc/arm-none-eabi/9.2.1/../../../arm-none-eabi/lib/thumb/v6-m/nofp/libc.a(lib_a-svfiprintf.o)
 .debug_info    0x0000000000011c3b     0x10c7 /usr/lib/gcc/arm-none-eabi/9.2.1/../../../arm-none-eabi/lib/thumb/v6-m/nofp/libc.a(lib_a-locale.o)
 .debug_info    0x0000000000012d02     0x1044 /usr/lib/gcc/arm-none-eabi/9.2.1/../../../arm-none-eabi/lib/thumb/v6-m/nofp/libc.a(lib_a-mbtowc_r.o)