Archive member included to satisfy reference by file (symbol)

lib/ili9341/libili9341.a(ili9341.c.obj)
                              CMakeFiles/test.dir/main.c.obj (LCD_initDisplay)
lib/gfx/libgfx.a(gfx.c.obj)   CMakeFiles/test.dir/main.c.obj (GFX_clearScreen)
max/libmax30102.a(max30102.c.obj)
                              CMakeFiles/test.dir/main.c.obj (max_init)
mlx90614/libmlx90614.a(mlx90614.c.obj)
                              CMakeFiles/test.dir/main.c.obj (mlx_90614_init)
/usr/lib/gcc/arm-none-eabi/9.2.1/thumb/v6-m/nofp/libgcc.a(_dvmd_tls.o)
                              CMakeFiles/test.dir/home/sebin/RP/pico/pico-sdk/src/rp2_common/pico_divider/divider.S.obj (__aeabi_idiv0)
/usr/lib/gcc/arm-none-eabi/9.2.1/../../../arm-none-eabi/lib/thumb/v6-m/nofp/libc.a(lib_a-atexit.o)
                              /usr/lib/gcc/arm-none-eabi/9.2.1/../../../arm-none-eabi/lib/thumb/v6-m/nofp/crt0.o (atexit)
/usr/lib/gcc/arm-none-eabi/9.2.1/../../../arm-none-eabi/lib/thumb/v6-m/nofp/libc.a(lib_a-calloc.o)
                              CMakeFiles/test.dir/home/sebin/RP/pico/pico-sdk/src/rp2_common/pico_malloc/pico_malloc.c.obj (calloc)
/usr/lib/gcc/arm-none-eabi/9.2.1/../../../arm-none-eabi/lib/thumb/v6-m/nofp/libc.a(lib_a-callocr.o)
                              /usr/lib/gcc/arm-none-eabi/9.2.1/../../../arm-none-eabi/lib/thumb/v6-m/nofp/libc.a(lib_a-calloc.o) (_calloc_r)
/usr/lib/gcc/arm-none-eabi/9.2.1/../../../arm-none-eabi/lib/thumb/v6-m/nofp/libc.a(lib_a-fini.o)
                              /usr/lib/gcc/arm-none-eabi/9.2.1/../../../arm-none-eabi/lib/thumb/v6-m/nofp/crt0.o (__libc_fini_array)
/usr/lib/gcc/arm-none-eabi/9.2.1/../../../arm-none-eabi/lib/thumb/v6-m/nofp/libc.a(lib_a-impure.o)
                              /usr/lib/gcc/arm-none-eabi/9.2.1/../../../arm-none-eabi/lib/thumb/v6-m/nofp/libc.a(lib_a-calloc.o) (_impure_ptr)
/usr/lib/gcc/arm-none-eabi/9.2.1/../../../arm-none-eabi/lib/thumb/v6-m/nofp/libc.a(lib_a-init.o)
                              /usr/lib/gcc/arm-none-eabi/9.2.1/../../../arm-none-eabi/lib/thumb/v6-m/nofp/crt0.o (__libc_init_array)
/usr/lib/gcc/arm-none-eabi/9.2.1/../../../arm-none-eabi/lib/thumb/v6-m/nofp/libc.a(lib_a-malloc.o)
                              CMakeFiles/test.dir/home/sebin/RP/pico/pico-sdk/src/rp2_common/pico_malloc/pico_malloc.c.obj (malloc)
/usr/lib/gcc/arm-none-eabi/9.2.1/../../../arm-none-eabi/lib/thumb/v6-m/nofp/libc.a(lib_a-mallocr.o)
                              /usr/lib/gcc/arm-none-eabi/9.2.1/../../../arm-none-eabi/lib/thumb/v6-m/nofp/libc.a(lib_a-callocr.o) (_malloc_r)
/usr/lib/gcc/arm-none-eabi/9.2.1/../../../arm-none-eabi/lib/thumb/v6-m/nofp/libc.a(lib_a-mlock.o)
                              /usr/lib/gcc/arm-none-eabi/9.2.1/../../../arm-none-eabi/lib/thumb/v6-m/nofp/libc.a(lib_a-mallocr.o) (__malloc_lock)
/usr/lib/gcc/arm-none-eabi/9.2.1/../../../arm-none-eabi/lib/thumb/v6-m/nofp/libc.a(lib_a-realloc.o)
                              CMakeFiles/test.dir/home/sebin/RP/pico/pico-sdk/src/rp2_common/pico_malloc/pico_malloc.c.obj (realloc)
/usr/lib/gcc/arm-none-eabi/9.2.1/../../../arm-none-eabi/lib/thumb/v6-m/nofp/libc.a(lib_a-reallocr.o)
                              /usr/lib/gcc/arm-none-eabi/9.2.1/../../../arm-none-eabi/lib/thumb/v6-m/nofp/libc.a(lib_a-realloc.o) (_realloc_r)
/usr/lib/gcc/arm-none-eabi/9.2.1/../../../arm-none-eabi/lib/thumb/v6-m/nofp/libc.a(lib_a-sbrkr.o)
                              /usr/lib/gcc/arm-none-eabi/9.2.1/../../../arm-none-eabi/lib/thumb/v6-m/nofp/libc.a(lib_a-mallocr.o) (_sbrk_r)
/usr/lib/gcc/arm-none-eabi/9.2.1/../../../arm-none-eabi/lib/thumb/v6-m/nofp/libc.a(lib_a-strlen-stub.o)
                              CMakeFiles/test.dir/home/sebin/RP/pico/pico-sdk/src/rp2_common/pico_stdio/stdio.c.obj (strlen)
/usr/lib/gcc/arm-none-eabi/9.2.1/../../../arm-none-eabi/lib/thumb/v6-m/nofp/libc.a(lib_a-vsprintf.o)
                              lib/gfx/libgfx.a(gfx.c.obj) (vsprintf)
/usr/lib/gcc/arm-none-eabi/9.2.1/../../../arm-none-eabi/lib/thumb/v6-m/nofp/libc.a(lib_a-__atexit.o)
                              /usr/lib/gcc/arm-none-eabi/9.2.1/../../../arm-none-eabi/lib/thumb/v6-m/nofp/libc.a(lib_a-atexit.o) (__register_exitproc)
/usr/lib/gcc/arm-none-eabi/9.2.1/../../../arm-none-eabi/lib/thumb/v6-m/nofp/libc.a(lib_a-freer.o)
                              /usr/lib/gcc/arm-none-eabi/9.2.1/../../../arm-none-eabi/lib/thumb/v6-m/nofp/libc.a(lib_a-malloc.o) (_free_r)
/usr/lib/gcc/arm-none-eabi/9.2.1/../../../arm-none-eabi/lib/thumb/v6-m/nofp/libc.a(lib_a-memmove.o)
                              /usr/lib/gcc/arm-none-eabi/9.2.1/../../../arm-none-eabi/lib/thumb/v6-m/nofp/libc.a(lib_a-reallocr.o) (memmove)
/usr/lib/gcc/arm-none-eabi/9.2.1/../../../arm-none-eabi/lib/thumb/v6-m/nofp/libc.a(lib_a-reent.o)
                              /usr/lib/gcc/arm-none-eabi/9.2.1/../../../arm-none-eabi/lib/thumb/v6-m/nofp/libc.a(lib_a-sbrkr.o) (errno)
/usr/lib/gcc/arm-none-eabi/9.2.1/../../../arm-none-eabi/lib/thumb/v6-m/nofp/libc.a(lib_a-svfprintf.o)
[...]
Memory Configuration

Name             Origin             Length             Attributes
FLASH            0x0000000010000000 0x0000000000200000 xr
RAM              0x0000000020000000 0x0000000000040000 xrw
SCRATCH_X        0x0000000020040000 0x0000000000001000 xrw
SCRATCH_Y        0x0000000020041000 0x0000000000001000 xrw
*default*        0x0000000000000000 0xffffffffffffffff

Linker script and memory map

LOAD /usr/lib/gcc/arm-none-eabi/9.2.1/thumb/v6-m/nofp/crti.o
LOAD /usr/lib/gcc/arm-none-eabi/9.2.1/thumb/v6-m/nofp/crtbegin.o
LOAD /usr/lib/gcc/arm-none-eabi/9.2.1/../../../arm-none-eabi/lib/thumb/v6-m/nofp/crt0.o

.flash_begin    0x0000000010000000        0x0
                0x0000000010000000                __flash_binary_start = .

.boot2          0x0000000010000000      0x100
                0x0000000010000000                __boot2_start__ = .
 *(.boot2)
 .boot2         0x0000000010000000      0x100 /tmp/ccsZ6idw.o
                0x0000000010000100                __boot2_end__ = .
                0x0000000000000001                ASSERT (((__boot2_end__ - __boot2_start__) == 0x100), ERROR: Pico second stage bootloader must be 256 bytes in size)

.text           0x0000000010000100     0xb800
                0x0000000010000100                __logical_binary_start = .
 *(.vectors)
 .vectors       0x0000000010000100       0xd4 CMakeFiles/test.dir/home/sebin/RP/pico/pico-sdk/src/rp2_common/pico_standard_link/crt0.S.obj
                0x0000000010000100                __vectors
                0x0000000010000100                __VECTOR_TABLE
                0x00000000100001c0                isr_invalid
                0x00000000100001c0                __default_isrs_start
                0x00000000100001c2                isr_nmi
                0x00000000100001c4                isr_hardfault
                0x00000000100001c6                isr_svcall
                0x00000000100001c8                isr_pendsv
                0x00000000100001ca                isr_systick
                0x00000000100001cc                isr_irq30
                0x00000000100001cc                __unhandled_user_irq
                0x00000000100001cc                isr_irq13
                0x00000000100001cc                isr_irq27
                0x00000000100001cc                isr_irq31
                0x00000000100001cc                isr_irq5
                0x00000000100001cc                isr_irq11
                0x00000000100001cc                isr_irq23
                0x00000000100001cc                isr_irq18
                0x00000000100001cc                isr_irq28
                0x00000000100001cc                isr_irq19
                0x00000000100001cc                isr_irq0
                0x00000000100001cc                isr_irq6
                0x00000000100001cc                isr_irq22
                0x00000000100001cc                isr_irq17
                0x00000000100001cc                isr_irq14
                0x00000000100001cc                isr_irq2
                0x00000000100001cc                isr_irq10
                0x00000000100001cc                isr_irq8
                0x00000000100001cc                isr_irq24
                0x00000000100001cc                isr_irq1
                0x00000000100001cc                isr_irq7
                0x00000000100001cc                isr_irq21
                0x00000000100001cc                isr_irq20
                0x00000000100001cc                isr_irq15
                0x00000000100001cc                isr_irq25
                0x00000000100001cc                isr_irq4
                0x00000000100001cc                isr_irq16
                0x00000000100001cc                isr_irq29
                0x00000000100001cc                isr_irq26
                0x00000000100001cc                __default_isrs_end
                0x00000000100001cc                isr_irq3
                0x00000000100001cc                isr_irq12
                0x00000000100001cc                isr_irq9
                0x00000000100001d2                unhandled_user_irq_num_in_r0
 *(.binary_info_header)
 .binary_info_header
                0x00000000100001d4       0x14 CMakeFiles/test.dir/home/sebin/RP/pico/pico-sdk/src/rp2_common/pico_standard_link/crt0.S.obj
                0x00000000100001e8                __binary_info_header_end = .
 *(.reset)
 .reset         0x00000000100001e8       0xa0 CMakeFiles/test.dir/home/sebin/RP/pico/pico-sdk/src/rp2_common/pico_standard_link/crt0.S.obj
                0x00000000100001e8                _entry_point
 .reset         0x0000000010000288       0x30 CMakeFiles/test.dir/home/sebin/RP/pico/pico-sdk/src/rp2_common/pico_standard_link/binary_info.c.obj
 *(.init)
 .init          0x00000000100002b8        0x4 /usr/lib/gcc/arm-none-eabi/9.2.1/thumb/v6-m/nofp/crti.o
                0x00000000100002b8                _init
 *(EXCLUDE_FILE(*libm.a: *libc.a:*lib_a-mem*.o *libgcc.a:) .text*)
 .text          0x00000000100002bc       0x98 /usr/lib/gcc/arm-none-eabi/9.2.1/thumb/v6-m/nofp/crtbegin.o
 .text.startup.main
                0x0000000010000354       0xa0 CMakeFiles/test.dir/main.c.obj
                0x0000000010000354                main
 .text.gpio_set_function
                0x00000000100003f4       0x30 CMakeFiles/test.dir/home/sebin/RP/pico/pico-sdk/src/rp2_common/hardware_gpio/gpio.c.obj
                0x00000000100003f4                gpio_set_function
 .text.gpio_set_pulls
                0x0000000010000424       0x30 CMakeFiles/test.dir/home/sebin/RP/pico/pico-sdk/src/rp2_common/hardware_gpio/gpio.c.obj
                0x0000000010000424                gpio_set_pulls
 .text.gpio_init
                0x0000000010000454       0x3c CMakeFiles/test.dir/home/sebin/RP/pico/pico-sdk/src/rp2_common/hardware_gpio/gpio.c.obj
                0x0000000010000454                gpio_init
 .text.running_on_fpga
                0x0000000010000490       0x10 CMakeFiles/test.dir/home/sebin/RP/pico/pico-sdk/src/rp2_common/pico_platform/platform.c.obj
                0x0000000010000490                running_on_fpga
 .text.hw_claim_or_assert
                0x00000000100004a0       0x48 CMakeFiles/test.dir/home/sebin/RP/pico/pico-sdk/src/rp2_common/hardware_claim/claim.c.obj
                0x00000000100004a0                hw_claim_or_assert
 .text.hw_claim_unused_from_range
                0x00000000100004e8       0x9c CMakeFiles/test.dir/home/sebin/RP/pico/pico-sdk/src/rp2_common/hardware_claim/claim.c.obj
                0x00000000100004e8                hw_claim_unused_from_range
 .text.spin_locks_reset
                0x0000000010000584       0x1c CMakeFiles/test.dir/home/sebin/RP/pico/pico-sdk/src/rp2_common/hardware_sync/sync.c.obj
                0x0000000010000584                spin_locks_reset
 .text.next_striped_spin_lock_num
                0x00000000100005a0       0x18 CMakeFiles/test.dir/home/sebin/RP/pico/pico-sdk/src/rp2_common/hardware_sync/sync.c.obj
                0x00000000100005a0                next_striped_spin_lock_num
 .text.spin_lock_claim_unused
                0x00000000100005b8       0x20 CMakeFiles/test.dir/home/sebin/RP/pico/pico-sdk/src/rp2_common/hardware_sync/sync.c.obj
                0x00000000100005b8                spin_lock_claim_unused
 .text.irq_set_enabled
                0x00000000100005d8       0x24 CMakeFiles/test.dir/home/sebin/RP/pico/pico-sdk/src/rp2_common/hardware_irq/irq.c.obj
                0x00000000100005d8                irq_set_enabled
 .text.irq_set_pending
                0x00000000100005fc       0x10 CMakeFiles/test.dir/home/sebin/RP/pico/pico-sdk/src/rp2_common/hardware_irq/irq.c.obj
                0x00000000100005fc                irq_set_pending
 .text.irq_has_shared_handler
                0x000000001000060c       0x2c CMakeFiles/test.dir/home/sebin/RP/pico/pico-sdk/src/rp2_common/hardware_irq/irq.c.obj
                0x000000001000060c                irq_has_shared_handler
 .text.irq_get_vtable_handler
                0x0000000010000638       0x10 CMakeFiles/test.dir/home/sebin/RP/pico/pico-sdk/src/rp2_common/hardware_irq/irq.c.obj
                0x0000000010000638                irq_get_vtable_handler
 .text.irq_set_exclusive_handler
                0x0000000010000648       0x54 CMakeFiles/test.dir/home/sebin/RP/pico/pico-sdk/src/rp2_common/hardware_irq/irq.c.obj
                0x0000000010000648                irq_set_exclusive_handler
 .text.irq_add_shared_handler
                0x000000001000069c      0x1c4 CMakeFiles/test.dir/home/sebin/RP/pico/pico-sdk/src/rp2_common/hardware_irq/irq.c.obj
                0x000000001000069c                irq_add_shared_handler
 .text.irq_remove_handler
                0x0000000010000860      0x1b4 CMakeFiles/test.dir/home/sebin/RP/pico/pico-sdk/src/rp2_common/hardware_irq/irq.c.obj
                0x0000000010000860                irq_remove_handler
 .text.irq_add_tail_to_free_list
                0x0000000010000a14       0xb4 CMakeFiles/test.dir/home/sebin/RP/pico/pico-sdk/src/rp2_common/hardware_irq/irq.c.obj
                0x0000000010000a14                irq_add_tail_to_free_list
 .text.irq_init_priorities
                0x0000000010000ac8       0x24 CMakeFiles/test.dir/home/sebin/RP/pico/pico-sdk/src/rp2_common/hardware_irq/irq.c.obj
                0x0000000010000ac8                irq_init_priorities
 .text.user_irq_claim_unused
                0x0000000010000aec       0x28 CMakeFiles/test.dir/home/sebin/RP/pico/pico-sdk/src/rp2_common/hardware_irq/irq.c.obj
                0x0000000010000aec                user_irq_claim_unused
 .text.lock_init
                0x0000000010000b14       0x10 CMakeFiles/test.dir/home/sebin/RP/pico/pico-sdk/src/common/pico_sync/lock_core.c.obj
                0x0000000010000b14                lock_init
 .text.mutex_init
                0x0000000010000b24       0x1c CMakeFiles/test.dir/home/sebin/RP/pico/pico-sdk/src/common/pico_sync/mutex.c.obj
                0x0000000010000b24                mutex_init
 .text.recursive_mutex_init
                0x0000000010000b40       0x1c CMakeFiles/test.dir/home/sebin/RP/pico/pico-sdk/src/common/pico_sync/mutex.c.obj
                0x0000000010000b40                recursive_mutex_init
 .text.critical_section_init
                0x0000000010000b5c       0x1c CMakeFiles/test.dir/home/sebin/RP/pico/pico-sdk/src/common/pico_sync/critical_section.c.obj
                0x0000000010000b5c                critical_section_init
 .text.critical_section_init_with_lock_num
                0x0000000010000b78       0x14 CMakeFiles/test.dir/home/sebin/RP/pico/pico-sdk/src/common/pico_sync/critical_section.c.obj
                0x0000000010000b78                critical_section_init_with_lock_num
 .text.timer_pool_entry_comparator
                0x0000000010000b8c       0x34 CMakeFiles/test.dir/home/sebin/RP/pico/pico-sdk/src/common/pico_time/time.c.obj
                0x0000000010000b8c                timer_pool_entry_comparator
 .text.sleep_until_callback
                0x0000000010000bc0       0x30 CMakeFiles/test.dir/home/sebin/RP/pico/pico-sdk/src/common/pico_time/time.c.obj
 .text.add_alarm_under_lock
                0x0000000010000bf0      0x108 CMakeFiles/test.dir/home/sebin/RP/pico/pico-sdk/src/common/pico_time/time.c.obj
 .text.alarm_pool_alarm_callback
                0x0000000010000cf8      0x1bc CMakeFiles/test.dir/home/sebin/RP/pico/pico-sdk/src/common/pico_time/time.c.obj
 .text.alarm_pool_init_default
                0x0000000010000eb4       0x6c CMakeFiles/test.dir/home/sebin/RP/pico/pico-sdk/src/common/pico_time/time.c.obj
                0x0000000010000eb4                alarm_pool_init_default
 .text.alarm_pool_get_default
                0x0000000010000f20        0x8 CMakeFiles/test.dir/home/sebin/RP/pico/pico-sdk/src/common/pico_time/time.c.obj
                0x0000000010000f20                alarm_pool_get_default
 .text.alarm_pool_add_alarm_at
                0x0000000010000f28      0x18c CMakeFiles/test.dir/home/sebin/RP/pico/pico-sdk/src/common/pico_time/time.c.obj
                0x0000000010000f28                alarm_pool_add_alarm_at
 .text.alarm_pool_core_num
                0x00000000100010b4        0x4 CMakeFiles/test.dir/home/sebin/RP/pico/pico-sdk/src/common/pico_time/time.c.obj
                0x00000000100010b4                alarm_pool_core_num
 .text.sleep_until
                0x00000000100010b8       0xc4 CMakeFiles/test.dir/home/sebin/RP/pico/pico-sdk/src/common/pico_time/time.c.obj
                0x00000000100010b8                sleep_until
 .text.sleep_ms
                0x000000001000117c       0x34 CMakeFiles/test.dir/home/sebin/RP/pico/pico-sdk/src/common/pico_time/time.c.obj
                0x000000001000117c                sleep_ms
 .text.best_effort_wfe_or_timeout
                0x00000000100011b0       0xd4 CMakeFiles/test.dir/home/sebin/RP/pico/pico-sdk/src/common/pico_time/time.c.obj
                0x00000000100011b0                best_effort_wfe_or_timeout
 .text.hardware_alarm_irq_handler
                0x0000000010001284       0xbc CMakeFiles/test.dir/home/sebin/RP/pico/pico-sdk/src/rp2_common/hardware_timer/timer.c.obj
 .text.hardware_alarm_claim
                0x0000000010001340       0x18 CMakeFiles/test.dir/home/sebin/RP/pico/pico-sdk/src/rp2_common/hardware_timer/timer.c.obj
                0x0000000010001340                hardware_alarm_claim
 .text.time_us_64
                0x0000000010001358       0x14 CMakeFiles/test.dir/home/sebin/RP/pico/pico-sdk/src/rp2_common/hardware_timer/timer.c.obj
                0x0000000010001358                time_us_64
 .text.busy_wait_us
                0x000000001000136c       0x54 CMakeFiles/test.dir/home/sebin/RP/pico/pico-sdk/src/rp2_common/hardware_timer/timer.c.obj
                0x000000001000136c                busy_wait_us
 .text.busy_wait_until
                0x00000000100013c0       0x20 CMakeFiles/test.dir/home/sebin/RP/pico/pico-sdk/src/rp2_common/hardware_timer/timer.c.obj
                0x00000000100013c0                busy_wait_until
 .text.hardware_alarm_set_callback
                0x00000000100013e0       0x8c CMakeFiles/test.dir/home/sebin/RP/pico/pico-sdk/src/rp2_common/hardware_timer/timer.c.obj
                0x00000000100013e0                hardware_alarm_set_callback
 .text.hardware_alarm_set_target
                0x000000001000146c       0xd4 CMakeFiles/test.dir/home/sebin/RP/pico/pico-sdk/src/rp2_common/hardware_timer/timer.c.obj
                0x000000001000146c                hardware_alarm_set_target
 .text.hardware_alarm_cancel
                0x0000000010001540       0x40 CMakeFiles/test.dir/home/sebin/RP/pico/pico-sdk/src/rp2_common/hardware_timer/timer.c.obj
                0x0000000010001540                hardware_alarm_cancel
 .text.ph_merge_nodes
                0x0000000010001580       0x68 CMakeFiles/test.dir/home/sebin/RP/pico/pico-sdk/src/common/pico_util/pheap.c.obj
 .text.ph_post_alloc_init
                0x00000000100015e8       0x3c CMakeFiles/test.dir/home/sebin/RP/pico/pico-sdk/src/common/pico_util/pheap.c.obj
                0x00000000100015e8                ph_post_alloc_init
 .text.ph_merge_two_pass
                0x0000000010001624       0x90 CMakeFiles/test.dir/home/sebin/RP/pico/pico-sdk/src/common/pico_util/pheap.c.obj
                0x0000000010001624                ph_merge_two_pass
 .text.ph_remove_any_head
                0x00000000100016b4      0x100 CMakeFiles/test.dir/home/sebin/RP/pico/pico-sdk/src/common/pico_util/pheap.c.obj
 .text.ph_remove_head
                0x00000000100017b4      0x144 CMakeFiles/test.dir/home/sebin/RP/pico/pico-sdk/src/common/pico_util/pheap.c.obj
                0x00000000100017b4                ph_remove_head
 .text.ph_remove_and_free_node
                0x00000000100018f8       0x7c CMakeFiles/test.dir/home/sebin/RP/pico/pico-sdk/src/common/pico_util/pheap.c.obj
                0x00000000100018f8                ph_remove_and_free_node
 .text.uart_init
                0x0000000010001974      0x188 CMakeFiles/test.dir/home/sebin/RP/pico/pico-sdk/src/rp2_common/hardware_uart/uart.c.obj
                0x0000000010001974                uart_init
 .text.clocks_init
                0x0000000010001afc      0x2d0 CMakeFiles/test.dir/home/sebin/RP/pico/pico-sdk/src/rp2_common/hardware_clocks/clocks.c.obj
                0x0000000010001afc                clocks_init
 .text.clock_get_hz
                0x0000000010001dcc        0xc CMakeFiles/test.dir/home/sebin/RP/pico/pico-sdk/src/rp2_common/hardware_clocks/clocks.c.obj
                0x0000000010001dcc                clock_get_hz
 .text.pll_init
                0x0000000010001dd8       0xa0 CMakeFiles/test.dir/home/sebin/RP/pico/pico-sdk/src/rp2_common/hardware_pll/pll.c.obj
                0x0000000010001dd8                pll_init
 .text.watchdog_start_tick
                0x0000000010001e78       0x10 CMakeFiles/test.dir/home/sebin/RP/pico/pico-sdk/src/rp2_common/hardware_watchdog/watchdog.c.obj
                0x0000000010001e78                watchdog_start_tick
 .text.watchdog_reboot
                0x0000000010001e88       0x98 CMakeFiles/test.dir/home/sebin/RP/pico/pico-sdk/src/rp2_common/hardware_watchdog/watchdog.c.obj
                0x0000000010001e88                watchdog_reboot
 .text.xosc_init
                0x0000000010001f20       0x28 CMakeFiles/test.dir/home/sebin/RP/pico/pico-sdk/src/rp2_common/hardware_xosc/xosc.c.obj
                0x0000000010001f20                xosc_init
 .text.runtime_init
                0x0000000010001f48       0xf0 CMakeFiles/test.dir/home/sebin/RP/pico/pico-sdk/src/rp2_common/pico_runtime/runtime.c.obj
                0x0000000010001f48                runtime_init
 .text._exit    0x0000000010002038        0x4 CMakeFiles/test.dir/home/sebin/RP/pico/pico-sdk/src/rp2_common/pico_runtime/runtime.c.obj
                0x0000000010002038                _exit
 .text._sbrk    0x000000001000203c       0x34 CMakeFiles/test.dir/home/sebin/RP/pico/pico-sdk/src/rp2_common/pico_runtime/runtime.c.obj
                0x000000001000203c                _sbrk
 .text.exit     0x0000000010002070        0x8 CMakeFiles/test.dir/home/sebin/RP/pico/pico-sdk/src/rp2_common/pico_runtime/runtime.c.obj
                0x0000000010002070                exit
 .text.__assert_func
                0x0000000010002078       0x34 CMakeFiles/test.dir/home/sebin/RP/pico/pico-sdk/src/rp2_common/pico_runtime/runtime.c.obj
                0x0000000010002078                __assert_func
 .text.panic    0x00000000100020ac       0x30 CMakeFiles/test.dir/home/sebin/RP/pico/pico-sdk/src/rp2_common/pico_runtime/runtime.c.obj
                0x00000000100020ac                panic
 .text.hard_assertion_failure
                0x00000000100020dc        0xc CMakeFiles/test.dir/home/sebin/RP/pico/pico-sdk/src/rp2_common/pico_runtime/runtime.c.obj
                0x00000000100020dc                hard_assertion_failure
 .text._out_char
                0x00000000100020e8       0x10 CMakeFiles/test.dir/home/sebin/RP/pico/pico-sdk/src/rp2_common/pico_printf/printf.c.obj
 .text.weak_raw_printf
                0x00000000100020f8       0x40 CMakeFiles/test.dir/home/sebin/RP/pico/pico-sdk/src/rp2_common/pico_printf/printf.c.obj
                0x00000000100020f8                weak_raw_printf
 .text.weak_raw_vprintf
                0x0000000010002138       0x30 CMakeFiles/test.dir/home/sebin/RP/pico/pico-sdk/src/rp2_common/pico_printf/printf.c.obj
                0x0000000010002138                weak_raw_vprintf
 .text          0x0000000010002168       0x10 CMakeFiles/test.dir/home/sebin/RP/pico/pico-sdk/src/rp2_common/pico_bit_ops/bit_ops_aeabi.S.obj
 .text.rom_func_lookup
                0x0000000010002178       0x10 CMakeFiles/test.dir/home/sebin/RP/pico/pico-sdk/src/rp2_common/pico_bootrom/bootrom.c.obj
                0x0000000010002178                rom_func_lookup
 .text.rom_data_lookup
                0x0000000010002188       0x10 CMakeFiles/test.dir/home/sebin/RP/pico/pico-sdk/src/rp2_common/pico_bootrom/bootrom.c.obj
                0x0000000010002188                rom_data_lookup
 .text.rom_funcs_lookup
                0x0000000010002198       0x3c CMakeFiles/test.dir/home/sebin/RP/pico/pico-sdk/src/rp2_common/pico_bootrom/bootrom.c.obj
                0x0000000010002198                rom_funcs_lookup
 .text.__wrap___aeabi_idiv
                0x00000000100021d4       0x50 CMakeFiles/test.dir/home/sebin/RP/pico/pico-sdk/src/rp2_common/pico_divider/divider.S.obj
                0x00000000100021d4                __wrap___aeabi_idivmod
                0x00000000100021d4                divmod_s32s32
                0x00000000100021d4                div_s32s32
                0x00000000100021d4                __wrap___aeabi_idiv
                0x00000000100021dc                divmod_s32s32_unsafe
                0x0000000010002208                divmod_s32s32_savestate
 .text.__wrap___aeabi_uidiv
                0x0000000010002224       0x4c CMakeFiles/test.dir/home/sebin/RP/pico/pico-sdk/src/rp2_common/pico_divider/divider.S.obj
                0x0000000010002224                __wrap___aeabi_uidiv
                0x0000000010002224                __wrap___aeabi_uidivmod
                0x0000000010002224                div_u32u32
                0x0000000010002224                divmod_u32u32
                0x000000001000222c                divmod_u32u32_unsafe
                0x0000000010002254                divmod_u32u32_savestate
 .text.__wrap___aeabi_ldiv
                0x0000000010002270      0x424 CMakeFiles/test.dir/home/sebin/RP/pico/pico-sdk/src/rp2_common/pico_divider/divider.S.obj
                0x0000000010002270                div_s64s64
                0x0000000010002270                divmod_s64s64
                0x0000000010002270                __wrap___aeabi_ldivmod
                0x00000000100022a0                div_u64u64
                0x00000000100022a0                divmod_u64u64
                0x00000000100022a0                __wrap___aeabi_uldivmod
                0x00000000100022b0                divmod_u64u64_savestate
                0x00000000100022d0                divmod_s64s64_unsafe
                0x0000000010002358                divmod_u64u64_unsafe
 .text.__wrap___aeabi_darithmetic
                0x0000000010002694       0x80 CMakeFiles/test.dir/home/sebin/RP/pico/pico-sdk/src/rp2_common/pico_double/double_aeabi.S.obj
                0x0000000010002694                __wrap___aeabi_drsub
                0x000000001000269a                __wrap___aeabi_dsub
                0x00000000100026ac                __wrap___aeabi_dadd
                0x00000000100026be                __wrap___aeabi_ddiv
                0x00000000100026fa                __wrap___aeabi_dmul
 .text.__wrap___aeabi_cdcmple
                0x0000000010002714       0x6c CMakeFiles/test.dir/home/sebin/RP/pico/pico-sdk/src/rp2_common/pico_double/double_aeabi.S.obj
                0x0000000010002714                __wrap___aeabi_cdrcmple
                0x0000000010002724                __wrap___aeabi_cdcmple
                0x0000000010002724                __wrap___aeabi_cdcmpeq
 .text.__wrap___aeabi_dcmpeq
                0x0000000010002780       0x10 CMakeFiles/test.dir/home/sebin/RP/pico/pico-sdk/src/rp2_common/pico_double/double_aeabi.S.obj
                0x0000000010002780                __wrap___aeabi_dcmpeq
 .text.__wrap___aeabi_dcmplt
                0x0000000010002790        0xc CMakeFiles/test.dir/home/sebin/RP/pico/pico-sdk/src/rp2_common/pico_double/double_aeabi.S.obj
                0x0000000010002790                __wrap___aeabi_dcmplt
 .text.__wrap___aeabi_dcmple
                0x000000001000279c       0x10 CMakeFiles/test.dir/home/sebin/RP/pico/pico-sdk/src/rp2_common/pico_double/double_aeabi.S.obj
                0x000000001000279c                __wrap___aeabi_dcmple
 .text.__wrap___aeabi_dcmpge
                0x00000000100027ac       0x10 CMakeFiles/test.dir/home/sebin/RP/pico/pico-sdk/src/rp2_common/pico_double/double_aeabi.S.obj
                0x00000000100027ac                __wrap___aeabi_dcmpge
 .text.__wrap___aeabi_dcmpgt
                0x00000000100027bc        0xa CMakeFiles/test.dir/home/sebin/RP/pico/pico-sdk/src/rp2_common/pico_double/double_aeabi.S.obj
                0x00000000100027bc                __wrap___aeabi_dcmpgt
 .text.__wrap___aeabi_dcmpun
                0x00000000100027c6       0x1c CMakeFiles/test.dir/home/sebin/RP/pico/pico-sdk/src/rp2_common/pico_double/double_aeabi.S.obj
                0x00000000100027c6                __wrap___aeabi_dcmpun
 *fill*         0x00000000100027e2        0x2 
 .text.__wrap___aeabi_i2d
                0x00000000100027e4       0x38 CMakeFiles/test.dir/home/sebin/RP/pico/pico-sdk/src/rp2_common/pico_double/double_aeabi.S.obj
                0x00000000100027e4                __wrap___aeabi_ui2d
                0x00000000100027ec                __wrap___aeabi_i2d
 .text.__wrap___aeabi_d2iz
                0x000000001000281c       0x48 CMakeFiles/test.dir/home/sebin/RP/pico/pico-sdk/src/rp2_common/pico_double/double_aeabi.S.obj
                0x000000001000281c                __wrap___aeabi_d2iz
                0x000000001000281c                double2int_z
 .text.__aeabi_double_init
                0x0000000010002864       0xc0 CMakeFiles/test.dir/home/sebin/RP/pico/pico-sdk/src/rp2_common/pico_double/double_init_rom.c.obj
                0x0000000010002864                __aeabi_double_init
 .text.double_table_shim_on_use_helper
                0x0000000010002924       0x2c CMakeFiles/test.dir/home/sebin/RP/pico/pico-sdk/src/rp2_common/pico_double/double_v1_rom_shim.S.obj
                0x0000000010002924                double_table_shim_on_use_helper
 .text.__wrap___aeabi_dsub
                0x0000000010002950       0x10 CMakeFiles/test.dir/home/sebin/RP/pico/pico-sdk/src/rp2_common/pico_double/double_v1_rom_shim.S.obj
                0x0000000010002950                drsub_shim
                0x0000000010002956                dsub_shim
 .text.dadd_shim
                0x0000000010002960      0x15c CMakeFiles/test.dir/home/sebin/RP/pico/pico-sdk/src/rp2_common/pico_double/double_v1_rom_shim.S.obj
                0x0000000010002960                dadd_shim
 .text.dmul_shim
                0x0000000010002abc      0x15c CMakeFiles/test.dir/home/sebin/RP/pico/pico-sdk/src/rp2_common/pico_double/double_v1_rom_shim.S.obj
                0x0000000010002abc                dmul_shim
 .text.ddiv_shim
                0x0000000010002c18      0x1b0 CMakeFiles/test.dir/home/sebin/RP/pico/pico-sdk/src/rp2_common/pico_double/double_v1_rom_shim.S.obj
                0x0000000010002c18                ddiv_shim
 .text.__aeabi_lmul
                0x0000000010002dc8       0x32 CMakeFiles/test.dir/home/sebin/RP/pico/pico-sdk/src/rp2_common/pico_int64_ops/pico_int64_ops_aeabi.S.obj
                0x0000000010002dc8                __wrap___aeabi_lmul
 *fill*         0x0000000010002dfa        0x2 
 .text.__aeabi_float_init
                0x0000000010002dfc       0x64 CMakeFiles/test.dir/home/sebin/RP/pico/pico-sdk/src/rp2_common/pico_float/float_init_rom.c.obj
                0x0000000010002dfc                __aeabi_float_init
 .text.float_table_shim_on_use_helper
                0x0000000010002e60       0x2c CMakeFiles/test.dir/home/sebin/RP/pico/pico-sdk/src/rp2_common/pico_float/float_v1_rom_shim.S.obj
                0x0000000010002e60                float_table_shim_on_use_helper
 .text.__wrap_malloc
                0x0000000010002e8c       0x24 CMakeFiles/test.dir/home/sebin/RP/pico/pico-sdk/src/rp2_common/pico_malloc/pico_malloc.c.obj
                0x0000000010002e8c                __wrap_malloc
 .text          0x0000000010002eb0       0x10 CMakeFiles/test.dir/home/sebin/RP/pico/pico-sdk/src/rp2_common/pico_mem_ops/mem_ops_aeabi.S.obj
                0x0000000010002eb0                __aeabi_mem_init
 .text.memset   0x0000000010002ec0        0xc CMakeFiles/test.dir/home/sebin/RP/pico/pico-sdk/src/rp2_common/pico_mem_ops/mem_ops_aeabi.S.obj
                0x0000000010002ec0                __wrap_memset
 .text.memcpy   0x0000000010002ecc        0xc CMakeFiles/test.dir/home/sebin/RP/pico/pico-sdk/src/rp2_common/pico_mem_ops/mem_ops_aeabi.S.obj
                0x0000000010002ecc                __wrap___aeabi_memcpy
                0x0000000010002ecc                __wrap_memcpy
 .text.stdio_out_chars_no_crlf
                0x0000000010002ed8       0x10 CMakeFiles/test.dir/home/sebin/RP/pico/pico-sdk/src/rp2_common/pico_stdio/stdio.c.obj
 .text.stdio_out_chars_crlf
                0x0000000010002ee8       0x94 CMakeFiles/test.dir/home/sebin/RP/pico/pico-sdk/src/rp2_common/pico_stdio/stdio.c.obj
 .text.stdio_put_string
                0x0000000010002f7c      0x104 CMakeFiles/test.dir/home/sebin/RP/pico/pico-sdk/src/rp2_common/pico_stdio/stdio.c.obj
 .text.__wrap_putchar
                0x0000000010003080       0x98 CMakeFiles/test.dir/home/sebin/RP/pico/pico-sdk/src/rp2_common/pico_stdio/stdio.c.obj
                0x0000000010003080                __wrap_putchar
 .text.__wrap_puts
                0x0000000010003118       0x3c CMakeFiles/test.dir/home/sebin/RP/pico/pico-sdk/src/rp2_common/pico_stdio/stdio.c.obj
                0x0000000010003118                __wrap_puts
 .text.stdio_set_driver_enabled
                0x0000000010003154       0x30 CMakeFiles/test.dir/home/sebin/RP/pico/pico-sdk/src/rp2_common/pico_stdio/stdio.c.obj
                0x0000000010003154                stdio_set_driver_enabled
 .text.stdio_init_all
                0x0000000010003184       0x10 CMakeFiles/test.dir/home/sebin/RP/pico/pico-sdk/src/rp2_common/pico_stdio/stdio.c.obj
                0x0000000010003184                stdio_init_all
 .text.stdio_uart_out_chars
                0x0000000010003194       0x4c CMakeFiles/test.dir/home/sebin/RP/pico/pico-sdk/src/rp2_common/pico_stdio_uart/stdio_uart.c.obj
 .text.stdio_uart_in_chars
                0x00000000100031e0       0x84 CMakeFiles/test.dir/home/sebin/RP/pico/pico-sdk/src/rp2_common/pico_stdio_uart/stdio_uart.c.obj
                0x00000000100031e0                stdio_uart_in_chars
 .text.on_uart_rx
                0x0000000010003264       0x28 CMakeFiles/test.dir/home/sebin/RP/pico/pico-sdk/src/rp2_common/pico_stdio_uart/stdio_uart.c.obj
 .text.stdio_uart_set_chars_available_callback
                0x000000001000328c       0x8c CMakeFiles/test.dir/home/sebin/RP/pico/pico-sdk/src/rp2_common/pico_stdio_uart/stdio_uart.c.obj
 .text.stdio_uart_init
                0x0000000010003318       0x48 CMakeFiles/test.dir/home/sebin/RP/pico/pico-sdk/src/rp2_common/pico_stdio_uart/stdio_uart.c.obj
                0x0000000010003318                stdio_uart_init
 .text.resetd_init
                0x0000000010003360        0x4 CMakeFiles/test.dir/home/sebin/RP/pico/pico-sdk/src/rp2_common/pico_stdio_usb/reset_interface.c.obj
 .text.resetd_reset
                0x0000000010003364        0xc CMakeFiles/test.dir/home/sebin/RP/pico/pico-sdk/src/rp2_common/pico_stdio_usb/reset_interface.c.obj
 .text.resetd_open
                0x0000000010003370       0x28 CMakeFiles/test.dir/home/sebin/RP/pico/pico-sdk/src/rp2_common/pico_stdio_usb/reset_interface.c.obj
 .text.resetd_xfer_cb
                0x0000000010003398        0x4 CMakeFiles/test.dir/home/sebin/RP/pico/pico-sdk/src/rp2_common/pico_stdio_usb/reset_interface.c.obj
 .text.resetd_control_xfer_cb
                0x000000001000339c       0x64 CMakeFiles/test.dir/home/sebin/RP/pico/pico-sdk/src/rp2_common/pico_stdio_usb/reset_interface.c.obj
 .text.usbd_app_driver_get_cb
                0x0000000010003400        0xc CMakeFiles/test.dir/home/sebin/RP/pico/pico-sdk/src/rp2_common/pico_stdio_usb/reset_interface.c.obj
                0x0000000010003400                usbd_app_driver_get_cb
 .text.tud_cdc_line_coding_cb
                0x000000001000340c       0x34 CMakeFiles/test.dir/home/sebin/RP/pico/pico-sdk/src/rp2_common/pico_stdio_usb/reset_interface.c.obj
                0x000000001000340c                tud_cdc_line_coding_cb
 .text.stdio_usb_set_chars_available_callback
                0x0000000010003440       0x14 CMakeFiles/test.dir/home/sebin/RP/pico/pico-sdk/src/rp2_common/pico_stdio_usb/stdio_usb.c.obj
                0x0000000010003440                stdio_usb_set_chars_available_callback
 .text.usb_irq  0x0000000010003454       0x10 CMakeFiles/test.dir/home/sebin/RP/pico/pico-sdk/src/rp2_common/pico_stdio_usb/stdio_usb.c.obj
 .text.timer_task
                0x0000000010003464       0x54 CMakeFiles/test.dir/home/sebin/RP/pico/pico-sdk/src/rp2_common/pico_stdio_usb/stdio_usb.c.obj
 .text.stdio_usb_in_chars
                0x00000000100034b8       0x90 CMakeFiles/test.dir/home/sebin/RP/pico/pico-sdk/src/rp2_common/pico_stdio_usb/stdio_usb.c.obj
                0x00000000100034b8                stdio_usb_in_chars
 .text.stdio_usb_out_chars
                0x0000000010003548      0x100 CMakeFiles/test.dir/home/sebin/RP/pico/pico-sdk/src/rp2_common/pico_stdio_usb/stdio_usb.c.obj
 .text.low_priority_worker_irq
                0x0000000010003648       0xa8 CMakeFiles/test.dir/home/sebin/RP/pico/pico-sdk/src/rp2_common/pico_stdio_usb/stdio_usb.c.obj
 .text.tud_cdc_rx_cb
                0x00000000100036f0       0x20 CMakeFiles/test.dir/home/sebin/RP/pico/pico-sdk/src/rp2_common/pico_stdio_usb/stdio_usb.c.obj
                0x00000000100036f0                tud_cdc_rx_cb
 .text.stdio_usb_init
                0x0000000010003710       0xdc CMakeFiles/test.dir/home/sebin/RP/pico/pico-sdk/src/rp2_common/pico_stdio_usb/stdio_usb.c.obj
                0x0000000010003710                stdio_usb_init
 .text.tud_descriptor_device_cb
                0x00000000100037ec        0x8 CMakeFiles/test.dir/home/sebin/RP/pico/pico-sdk/src/rp2_common/pico_stdio_usb/stdio_usb_descriptors.c.obj
                0x00000000100037ec                tud_descriptor_device_cb
 .text.tud_descriptor_configuration_cb
                0x00000000100037f4        0x8 CMakeFiles/test.dir/home/sebin/RP/pico/pico-sdk/src/rp2_common/pico_stdio_usb/stdio_usb_descriptors.c.obj
                0x00000000100037f4                tud_descriptor_configuration_cb
 .text.tud_descriptor_string_cb
                0x00000000100037fc       0x70 CMakeFiles/test.dir/home/sebin/RP/pico/pico-sdk/src/rp2_common/pico_stdio_usb/stdio_usb_descriptors.c.obj
                0x00000000100037fc                tud_descriptor_string_cb
 .text.startup._retrieve_unique_id_on_boot
                0x000000001000386c       0x10 CMakeFiles/test.dir/home/sebin/RP/pico/pico-sdk/src/rp2_common/pico_unique_id/unique_id.c.obj
 .text.pico_get_unique_board_id_string
                0x000000001000387c      0x1bc CMakeFiles/test.dir/home/sebin/RP/pico/pico-sdk/src/rp2_common/pico_unique_id/unique_id.c.obj
                0x000000001000387c                pico_get_unique_board_id_string
 .text.flash_get_unique_id
                0x0000000010003a38       0x40 CMakeFiles/test.dir/home/sebin/RP/pico/pico-sdk/src/rp2_common/hardware_flash/flash.c.obj
                0x0000000010003a38                flash_get_unique_id
 .text.dcd_int_enable
                0x0000000010003a78        0xc CMakeFiles/test.dir/home/sebin/RP/pico/pico-sdk/lib/tinyusb/src/portable/raspberrypi/rp2040/dcd_rp2040.c.obj
                0x0000000010003a78                dcd_int_enable
 .text.dcd_set_address
                0x0000000010003a84       0x14 CMakeFiles/test.dir/home/sebin/RP/pico/pico-sdk/lib/tinyusb/src/portable/raspberrypi/rp2040/dcd_rp2040.c.obj
                0x0000000010003a84                dcd_set_address
 .text.dcd_connect
                0x0000000010003a98       0x10 CMakeFiles/test.dir/home/sebin/RP/pico/pico-sdk/lib/tinyusb/src/portable/raspberrypi/rp2040/dcd_rp2040.c.obj
                0x0000000010003a98                dcd_connect
 .text.dcd_init
                0x0000000010003aa8       0x9c CMakeFiles/test.dir/home/sebin/RP/pico/pico-sdk/lib/tinyusb/src/portable/raspberrypi/rp2040/dcd_rp2040.c.obj
                0x0000000010003aa8                dcd_init
 .text.dcd_edpt0_status_complete
                0x0000000010003b44       0x1c CMakeFiles/test.dir/home/sebin/RP/pico/pico-sdk/lib/tinyusb/src/portable/raspberrypi/rp2040/dcd_rp2040.c.obj
                0x0000000010003b44                dcd_edpt0_status_complete
 .text.dcd_edpt_open
                0x0000000010003b60      0x108 CMakeFiles/test.dir/home/sebin/RP/pico/pico-sdk/lib/tinyusb/src/portable/raspberrypi/rp2040/dcd_rp2040.c.obj
                0x0000000010003b60                dcd_edpt_open
 .text.dcd_edpt_close_all
                0x0000000010003c68        0x8 CMakeFiles/test.dir/home/sebin/RP/pico/pico-sdk/lib/tinyusb/src/portable/raspberrypi/rp2040/dcd_rp2040.c.obj
                0x0000000010003c68                dcd_edpt_close_all
 .text.dcd_edpt_xfer
                0x0000000010003c70       0x24 CMakeFiles/test.dir/home/sebin/RP/pico/pico-sdk/lib/tinyusb/src/portable/raspberrypi/rp2040/dcd_rp2040.c.obj
                0x0000000010003c70                dcd_edpt_xfer
 .text.dcd_edpt_stall
                0x0000000010003c94       0x38 CMakeFiles/test.dir/home/sebin/RP/pico/pico-sdk/lib/tinyusb/src/portable/raspberrypi/rp2040/dcd_rp2040.c.obj
                0x0000000010003c94                dcd_edpt_stall
 .text.dcd_edpt_clear_stall
                0x0000000010003ccc       0x30 CMakeFiles/test.dir/home/sebin/RP/pico/pico-sdk/lib/tinyusb/src/portable/raspberrypi/rp2040/dcd_rp2040.c.obj
                0x0000000010003ccc                dcd_edpt_clear_stall
 .text.rp2040_usb_init
                0x0000000010003cfc       0x4c CMakeFiles/test.dir/home/sebin/RP/pico/pico-sdk/lib/tinyusb/src/portable/raspberrypi/rp2040/rp2040_usb.c.obj
                0x0000000010003cfc                rp2040_usb_init
 .text.hw_endpoint_xfer_start
                0x0000000010003d48       0x54 CMakeFiles/test.dir/home/sebin/RP/pico/pico-sdk/lib/tinyusb/src/portable/raspberrypi/rp2040/rp2040_usb.c.obj
                0x0000000010003d48                hw_endpoint_xfer_start
 .text.tud_mounted
                0x0000000010003d9c       0x10 CMakeFiles/test.dir/home/sebin/RP/pico/pico-sdk/lib/tinyusb/src/device/usbd.c.obj
                0x0000000010003d9c                tud_mounted
 .text.tud_suspended
                0x0000000010003dac       0x10 CMakeFiles/test.dir/home/sebin/RP/pico/pico-sdk/lib/tinyusb/src/device/usbd.c.obj
                0x0000000010003dac                tud_suspended
 .text.tud_inited
                0x0000000010003dbc       0x14 CMakeFiles/test.dir/home/sebin/RP/pico/pico-sdk/lib/tinyusb/src/device/usbd.c.obj
                0x0000000010003dbc                tud_inited
 .text.tud_init
                0x0000000010003dd0       0xe4 CMakeFiles/test.dir/home/sebin/RP/pico/pico-sdk/lib/tinyusb/src/device/usbd.c.obj
                0x0000000010003dd0                tud_init
 .text.tud_task_ext
                0x0000000010003eb4      0x858 CMakeFiles/test.dir/home/sebin/RP/pico/pico-sdk/lib/tinyusb/src/device/usbd.c.obj
                0x0000000010003eb4                tud_task_ext
 .text.usbd_open_edpt_pair
                0x000000001000470c       0x9c CMakeFiles/test.dir/home/sebin/RP/pico/pico-sdk/lib/tinyusb/src/device/usbd.c.obj
                0x000000001000470c                usbd_open_edpt_pair
 .text.usbd_defer_func
                0x00000000100047a8       0x4c CMakeFiles/test.dir/home/sebin/RP/pico/pico-sdk/lib/tinyusb/src/device/usbd.c.obj
                0x00000000100047a8                usbd_defer_func
 .text.usbd_edpt_open
                0x00000000100047f4       0x34 CMakeFiles/test.dir/home/sebin/RP/pico/pico-sdk/lib/tinyusb/src/device/usbd.c.obj
                0x00000000100047f4                usbd_edpt_open
 .text.usbd_edpt_claim
                0x0000000010004828       0x28 CMakeFiles/test.dir/home/sebin/RP/pico/pico-sdk/lib/tinyusb/src/device/usbd.c.obj
                0x0000000010004828                usbd_edpt_claim
 .text.usbd_edpt_release
                0x0000000010004850       0x28 CMakeFiles/test.dir/home/sebin/RP/pico/pico-sdk/lib/tinyusb/src/device/usbd.c.obj
                0x0000000010004850                usbd_edpt_release
 .text.usbd_edpt_xfer
                0x0000000010004878       0x4c CMakeFiles/test.dir/home/sebin/RP/pico/pico-sdk/lib/tinyusb/src/device/usbd.c.obj
                0x0000000010004878                usbd_edpt_xfer
 .text.tud_control_status
                0x00000000100048c4       0x30 CMakeFiles/test.dir/home/sebin/RP/pico/pico-sdk/lib/tinyusb/src/device/usbd_control.c.obj
                0x00000000100048c4                tud_control_status
 .text.tud_control_xfer
                0x00000000100048f4       0xb8 CMakeFiles/test.dir/home/sebin/RP/pico/pico-sdk/lib/tinyusb/src/device/usbd_control.c.obj
                0x00000000100048f4                tud_control_xfer
 .text.usbd_control_reset
                0x00000000100049ac       0x14 CMakeFiles/test.dir/home/sebin/RP/pico/pico-sdk/lib/tinyusb/src/device/usbd_control.c.obj
                0x00000000100049ac                usbd_control_reset
 .text.usbd_control_set_complete_callback
                0x00000000100049c0        0xc CMakeFiles/test.dir/home/sebin/RP/pico/pico-sdk/lib/tinyusb/src/device/usbd_control.c.obj
                0x00000000100049c0                usbd_control_set_complete_callback
 .text.usbd_control_set_request
                0x00000000100049cc       0x1c CMakeFiles/test.dir/home/sebin/RP/pico/pico-sdk/lib/tinyusb/src/device/usbd_control.c.obj
                0x00000000100049cc                usbd_control_set_request
 .text.usbd_control_xfer_cb
                0x00000000100049e8       0xf8 CMakeFiles/test.dir/home/sebin/RP/pico/pico-sdk/lib/tinyusb/src/device/usbd_control.c.obj
                0x00000000100049e8                usbd_control_xfer_cb
 .text.tud_cdc_n_connected
                0x0000000010004ae0       0x30 CMakeFiles/test.dir/home/sebin/RP/pico/pico-sdk/lib/tinyusb/src/class/cdc/cdc_device.c.obj
                0x0000000010004ae0                tud_cdc_n_connected
 .text.tud_cdc_n_available
                0x0000000010004b10       0x18 CMakeFiles/test.dir/home/sebin/RP/pico/pico-sdk/lib/tinyusb/src/class/cdc/cdc_device.c.obj
                0x0000000010004b10                tud_cdc_n_available
 .text.tud_cdc_n_read
                0x0000000010004b28       0x70 CMakeFiles/test.dir/home/sebin/RP/pico/pico-sdk/lib/tinyusb/src/class/cdc/cdc_device.c.obj
                0x0000000010004b28                tud_cdc_n_read
 .text.tud_cdc_n_write_flush
                0x0000000010004b98       0x78 CMakeFiles/test.dir/home/sebin/RP/pico/pico-sdk/lib/tinyusb/src/class/cdc/cdc_device.c.obj
                0x0000000010004b98                tud_cdc_n_write_flush
 .text.tud_cdc_n_write
                0x0000000010004c10       0x34 CMakeFiles/test.dir/home/sebin/RP/pico/pico-sdk/lib/tinyusb/src/class/cdc/cdc_device.c.obj
                0x0000000010004c10                tud_cdc_n_write
 .text.tud_cdc_n_write_available
                0x0000000010004c44       0x18 CMakeFiles/test.dir/home/sebin/RP/pico/pico-sdk/lib/tinyusb/src/class/cdc/cdc_device.c.obj
                0x0000000010004c44                tud_cdc_n_write_available
 .text.cdcd_init
                0x0000000010004c5c       0x7c CMakeFiles/test.dir/home/sebin/RP/pico/pico-sdk/lib/tinyusb/src/class/cdc/cdc_device.c.obj
                0x0000000010004c5c                cdcd_init
 .text.cdcd_reset
                0x0000000010004cd8       0x2c CMakeFiles/test.dir/home/sebin/RP/pico/pico-sdk/lib/tinyusb/src/class/cdc/cdc_device.c.obj
                0x0000000010004cd8                cdcd_reset
 .text.cdcd_open
                0x0000000010004d04       0xe8 CMakeFiles/test.dir/home/sebin/RP/pico/pico-sdk/lib/tinyusb/src/class/cdc/cdc_device.c.obj
                0x0000000010004d04                cdcd_open
 .text.cdcd_control_xfer_cb
                0x0000000010004dec       0xe4 CMakeFiles/test.dir/home/sebin/RP/pico/pico-sdk/lib/tinyusb/src/class/cdc/cdc_device.c.obj
                0x0000000010004dec                cdcd_control_xfer_cb
 .text.cdcd_xfer_cb
                0x0000000010004ed0      0x198 CMakeFiles/test.dir/home/sebin/RP/pico/pico-sdk/lib/tinyusb/src/class/cdc/cdc_device.c.obj
                0x0000000010004ed0                cdcd_xfer_cb
 .text.tusb_init
                0x0000000010005068        0xc CMakeFiles/test.dir/home/sebin/RP/pico/pico-sdk/lib/tinyusb/src/tusb.c.obj
                0x0000000010005068                tusb_init
 .text.tusb_inited
                0x0000000010005074        0x8 CMakeFiles/test.dir/home/sebin/RP/pico/pico-sdk/lib/tinyusb/src/tusb.c.obj
                0x0000000010005074                tusb_inited
 .text.tu_edpt_claim
                0x000000001000507c       0x50 CMakeFiles/test.dir/home/sebin/RP/pico/pico-sdk/lib/tinyusb/src/tusb.c.obj
                0x000000001000507c                tu_edpt_claim
 .text.tu_edpt_release
                0x00000000100050cc       0x38 CMakeFiles/test.dir/home/sebin/RP/pico/pico-sdk/lib/tinyusb/src/tusb.c.obj
                0x00000000100050cc                tu_edpt_release
 .text.tu_edpt_validate
                0x0000000010005104       0x78 CMakeFiles/test.dir/home/sebin/RP/pico/pico-sdk/lib/tinyusb/src/tusb.c.obj
                0x0000000010005104                tu_edpt_validate
 .text.tu_edpt_bind_driver
                0x000000001000517c       0x34 CMakeFiles/test.dir/home/sebin/RP/pico/pico-sdk/lib/tinyusb/src/tusb.c.obj
                0x000000001000517c                tu_edpt_bind_driver
 .text.tu_fifo_config
                0x00000000100051b0       0x70 CMakeFiles/test.dir/home/sebin/RP/pico/pico-sdk/lib/tinyusb/src/common/tusb_fifo.c.obj
                0x00000000100051b0                tu_fifo_config
 .text.tu_fifo_count
                0x0000000010005220       0x2c CMakeFiles/test.dir/home/sebin/RP/pico/pico-sdk/lib/tinyusb/src/common/tusb_fifo.c.obj
                0x0000000010005220                tu_fifo_count
 .text.tu_fifo_empty
                0x000000001000524c       0x10 CMakeFiles/test.dir/home/sebin/RP/pico/pico-sdk/lib/tinyusb/src/common/tusb_fifo.c.obj
                0x000000001000524c                tu_fifo_empty
 .text.tu_fifo_remaining
                0x000000001000525c       0x2c CMakeFiles/test.dir/home/sebin/RP/pico/pico-sdk/lib/tinyusb/src/common/tusb_fifo.c.obj
                0x000000001000525c                tu_fifo_remaining
 .text.tu_fifo_read
                0x0000000010005288       0x9c CMakeFiles/test.dir/home/sebin/RP/pico/pico-sdk/lib/tinyusb/src/common/tusb_fifo.c.obj
                0x0000000010005288                tu_fifo_read
 .text.tu_fifo_read_n
                0x0000000010005324       0xf0 CMakeFiles/test.dir/home/sebin/RP/pico/pico-sdk/lib/tinyusb/src/common/tusb_fifo.c.obj
                0x0000000010005324                tu_fifo_read_n
 .text.tu_fifo_write
                0x0000000010005414       0x88 CMakeFiles/test.dir/home/sebin/RP/pico/pico-sdk/lib/tinyusb/src/common/tusb_fifo.c.obj
                0x0000000010005414                tu_fifo_write
 .text.tu_fifo_write_n
                0x000000001000549c      0x158 CMakeFiles/test.dir/home/sebin/RP/pico/pico-sdk/lib/tinyusb/src/common/tusb_fifo.c.obj
                0x000000001000549c                tu_fifo_write_n
 .text.tu_fifo_clear
                0x00000000100055f4       0x40 CMakeFiles/test.dir/home/sebin/RP/pico/pico-sdk/lib/tinyusb/src/common/tusb_fifo.c.obj
                0x00000000100055f4                tu_fifo_clear
 .text.tu_fifo_set_overwritable
                0x0000000010005634       0x48 CMakeFiles/test.dir/home/sebin/RP/pico/pico-sdk/lib/tinyusb/src/common/tusb_fifo.c.obj
                0x0000000010005634                tu_fifo_set_overwritable
 .text.spi_init
                0x000000001000567c      0x130 CMakeFiles/test.dir/home/sebin/RP/pico/pico-sdk/src/rp2_common/hardware_spi/spi.c.obj
                0x000000001000567c                spi_init
 .text.i2c_set_baudrate
                0x00000000100057ac       0xc4 CMakeFiles/test.dir/home/sebin/RP/pico/pico-sdk/src/rp2_common/hardware_i2c/i2c.c.obj
                0x00000000100057ac                i2c_set_baudrate
 .text.i2c_init
                0x0000000010005870       0x54 CMakeFiles/test.dir/home/sebin/RP/pico/pico-sdk/src/rp2_common/hardware_i2c/i2c.c.obj
                0x0000000010005870                i2c_init
 .text.i2c_write_blocking
                0x00000000100058c4       0xd8 CMakeFiles/test.dir/home/sebin/RP/pico/pico-sdk/src/rp2_common/hardware_i2c/i2c.c.obj
                0x00000000100058c4                i2c_write_blocking
 .text.i2c_read_blocking
                0x000000001000599c       0x9c CMakeFiles/test.dir/home/sebin/RP/pico/pico-sdk/src/rp2_common/hardware_i2c/i2c.c.obj
                0x000000001000599c                i2c_read_blocking
 .text.initSPI  0x0000000010005a38       0xa8 lib/ili9341/libili9341.a(ili9341.c.obj)
                0x0000000010005a38                initSPI
 .text.LCD_initDisplay
                0x0000000010005ae0      0x1e4 lib/ili9341/libili9341.a(ili9341.c.obj)
                0x0000000010005ae0                LCD_initDisplay
 .text.LCD_setRotation
                0x0000000010005cc4      0x12c lib/ili9341/libili9341.a(ili9341.c.obj)
                0x0000000010005cc4                LCD_setRotation
 .text.LCD_WriteBitmap
                0x0000000010005df0      0x1f8 lib/ili9341/libili9341.a(ili9341.c.obj)
                0x0000000010005df0                LCD_WriteBitmap
 .text.LCD_WritePixel
                0x0000000010005fe8      0x1e4 lib/ili9341/libili9341.a(ili9341.c.obj)
                0x0000000010005fe8                LCD_WritePixel
 .text.GFX_clearScreen
                0x00000000100061cc      0x17c lib/gfx/libgfx.a(gfx.c.obj)
                0x00000000100061cc                GFX_clearScreen
 .text.GFX_drawLine
                0x0000000010006348      0x14c lib/gfx/libgfx.a(gfx.c.obj)
                0x0000000010006348                GFX_drawLine
 .text.GFX_drawFastHLine
                0x0000000010006494       0x18 lib/gfx/libgfx.a(gfx.c.obj)
                0x0000000010006494                GFX_drawFastHLine
 .text.GFX_drawChar
                0x00000000100064ac      0x59c lib/gfx/libgfx.a(gfx.c.obj)
                0x00000000100064ac                GFX_drawChar
 .text.GFX_setCursor
                0x0000000010006a48       0x14 lib/gfx/libgfx.a(gfx.c.obj)
                0x0000000010006a48                GFX_setCursor
 .text.GFX_printf
                0x0000000010006a5c      0x220 lib/gfx/libgfx.a(gfx.c.obj)
                0x0000000010006a5c                GFX_printf
 .text.GFX_createFramebuf
                0x0000000010006c7c       0x24 lib/gfx/libgfx.a(gfx.c.obj)
                0x0000000010006c7c                GFX_createFramebuf
 .text.GFX_flush
                0x0000000010006ca0       0x38 lib/gfx/libgfx.a(gfx.c.obj)
                0x0000000010006ca0                GFX_flush
 .text.max_init
                0x0000000010006cd8       0x38 max/libmax30102.a(max30102.c.obj)
                0x0000000010006cd8                max_init
 .text.max_reset
                0x0000000010006d10       0x40 max/libmax30102.a(max30102.c.obj)
                0x0000000010006d10                max_reset
 .text.get_temp
                0x0000000010006d50       0xa4 max/libmax30102.a(max30102.c.obj)
                0x0000000010006d50                get_temp
 .text.get_reg  0x0000000010006df4       0x38 max/libmax30102.a(max30102.c.obj)
                0x0000000010006df4                get_reg
 .text.mlx_90614_init
                0x0000000010006e2c       0x38 mlx90614/libmlx90614.a(mlx90614.c.obj)
                0x0000000010006e2c                mlx_90614_init
 .text          0x0000000010006e64       0x5c /usr/lib/gcc/arm-none-eabi/9.2.1/../../../arm-none-eabi/lib/thumb/v6-m/nofp/libc.a(lib_a-callocr.o)
                0x0000000010006e64                _calloc_r
 .text          0x0000000010006ec0       0x28 /usr/lib/gcc/arm-none-eabi/9.2.1/../../../arm-none-eabi/lib/thumb/v6-m/nofp/libc.a(lib_a-malloc.o)
                0x0000000010006ec0                malloc
                0x0000000010006ed4                free
 .text          0x0000000010006ee8      0x58c /usr/lib/gcc/arm-none-eabi/9.2.1/../../../arm-none-eabi/lib/thumb/v6-m/nofp/libc.a(lib_a-mallocr.o)
                0x0000000010006ee8                _malloc_r
 .text          0x0000000010007474        0x8 /usr/lib/gcc/arm-none-eabi/9.2.1/../../../arm-none-eabi/lib/thumb/v6-m/nofp/libc.a(lib_a-mlock.o)
                0x0000000010007474                __malloc_lock
                0x0000000010007478                __malloc_unlock
 .text          0x000000001000747c      0x35c /usr/lib/gcc/arm-none-eabi/9.2.1/../../../arm-none-eabi/lib/thumb/v6-m/nofp/libc.a(lib_a-reallocr.o)
                0x000000001000747c                _realloc_r
 .text          0x00000000100077d8       0x24 /usr/lib/gcc/arm-none-eabi/9.2.1/../../../arm-none-eabi/lib/thumb/v6-m/nofp/libc.a(lib_a-sbrkr.o)
                0x00000000100077d8                _sbrk_r
 .text          0x00000000100077fc       0x68 /usr/lib/gcc/arm-none-eabi/9.2.1/../../../arm-none-eabi/lib/thumb/v6-m/nofp/libc.a(lib_a-strlen-stub.o)
                0x00000000100077fc                strlen
 .text          0x0000000010007864       0x44 /usr/lib/gcc/arm-none-eabi/9.2.1/../../../arm-none-eabi/lib/thumb/v6-m/nofp/libc.a(lib_a-vsprintf.o)
                0x0000000010007864                _vsprintf_r
                0x0000000010007890                vsprintf
 .text          0x00000000100078a8      0x27c /usr/lib/gcc/arm-none-eabi/9.2.1/../../../arm-none-eabi/lib/thumb/v6-m/nofp/libc.a(lib_a-freer.o)
                0x00000000100078a8                _malloc_trim_r
                0x0000000010007948                _free_r
 .text          0x0000000010007b24     0x1568 /usr/lib/gcc/arm-none-eabi/9.2.1/../../../arm-none-eabi/lib/thumb/v6-m/nofp/libc.a(lib_a-svfprintf.o)
                0x0000000010007b24                _svfprintf_r
 .text          0x000000001000908c     0x1128 /usr/lib/gcc/arm-none-eabi/9.2.1/../../../arm-none-eabi/lib/thumb/v6-m/nofp/libc.a(lib_a-dtoa.o)
                0x00000000100091e0                _dtoa_r
 .text          0x000000001000a1b4       0x14 /usr/lib/gcc/arm-none-eabi/9.2.1/../../../arm-none-eabi/lib/thumb/v6-m/nofp/libc.a(lib_a-localeconv.o)
                0x000000001000a1b4                __localeconv_l
                0x000000001000a1b8                _localeconv_r
                0x000000001000a1c0                localeconv
 .text          0x000000001000a1c8      0xa38 /usr/lib/gcc/arm-none-eabi/9.2.1/../../../arm-none-eabi/lib/thumb/v6-m/nofp/libc.a(lib_a-mprec.o)
                0x000000001000a1c8                _Balloc
                0x000000001000a218                _Bfree
                0x000000001000a22c                __multadd
                0x000000001000a2dc                __s2b
                0x000000001000a388                __hi0bits
                0x000000001000a3c0                __lo0bits
                0x000000001000a41c                __i2b
                0x000000001000a448                __multiply
                0x000000001000a5d4                __pow5mult
                0x000000001000a688                __lshift
                0x000000001000a76c                __mcmp
                0x000000001000a7a0                __mdiff
                0x000000001000a8e8                __ulp
                0x000000001000a930                __b2d
                0x000000001000a9e8                __d2b
                0x000000001000aac0                __ratio
                0x000000001000ab34                _mprec_log10
                0x000000001000ab68                __copybits
                0x000000001000aba8                __any_on
 .text          0x000000001000ac00      0xb7c /usr/lib/gcc/arm-none-eabi/9.2.1/../../../arm-none-eabi/lib/thumb/v6-m/nofp/libc.a(lib_a-svfiprintf.o)
                0x000000001000ac00                __ssprint_r
                0x000000001000ad14                _svfiprintf_r
 .text          0x000000001000b77c       0x44 /usr/lib/gcc/arm-none-eabi/9.2.1/../../../arm-none-eabi/lib/thumb/v6-m/nofp/libc.a(lib_a-mbtowc_r.o)
                0x000000001000b77c                _mbtowc_r
                0x000000001000b794                __ascii_mbtowc
 .text          0x000000001000b7c0       0x2c /usr/lib/gcc/arm-none-eabi/9.2.1/../../../arm-none-eabi/lib/thumb/v6-m/nofp/libc.a(lib_a-wctomb_r.o)
                0x000000001000b7c0                _wctomb_r
                0x000000001000b7d0                __ascii_wctomb
 *(.fini)
 .fini          0x000000001000b7ec        0x4 /usr/lib/gcc/arm-none-eabi/9.2.1/thumb/v6-m/nofp/crti.o
                0x000000001000b7ec                _fini
 .fini.__stub   0x000000001000b7f0      0x110 linker stubs
 *crtbegin.o(.ctors)
 *crtbegin?.o(.ctors)
 *(EXCLUDE_FILE(*crtend.o *crtend?.o) .ctors)
 *(SORT_BY_NAME(.ctors.*))
 *(.ctors)
 *crtbegin.o(.dtors)
 *crtbegin?.o(.dtors)
 *(EXCLUDE_FILE(*crtend.o *crtend?.o) .dtors)
 *(SORT_BY_NAME(.dtors.*))
 *(.dtors)
 *(.eh_frame*)
 .eh_frame      0x000000001000b900        0x0 /usr/lib/gcc/arm-none-eabi/9.2.1/thumb/v6-m/nofp/crtbegin.o
                0x000000001000b900                . = ALIGN (0x4)

.glue_7         0x000000001000b900        0x0
 .glue_7        0x000000001000b900        0x0 linker stubs

.glue_7t        0x000000001000b900        0x0
 .glue_7t       0x000000001000b900        0x0 linker stubs

.vfp11_veneer   0x000000001000b900        0x0
 .vfp11_veneer  0x000000001000b900        0x0 linker stubs

.v4_bx          0x000000001000b900        0x0
 .v4_bx         0x000000001000b900        0x0 linker stubs

.iplt           0x000000001000b900        0x0
 .iplt          0x000000001000b900        0x0 /usr/lib/gcc/arm-none-eabi/9.2.1/thumb/v6-m/nofp/crtbegin.o

.rodata         0x000000001000b900      0xf30
 *(EXCLUDE_FILE(*libm.a: *libc.a:*lib_a-mem*.o *libgcc.a:) .rodata*)
 .rodata.main.str1.4
                0x000000001000b900       0x46 CMakeFiles/test.dir/main.c.obj
 *fill*         0x000000001000b946        0x2 
 .rodata.spin_lock_claim_unused.str1.4
                0x000000001000b948       0x1b CMakeFiles/test.dir/home/sebin/RP/pico/pico-sdk/src/rp2_common/hardware_sync/sync.c.obj
 *fill*         0x000000001000b963        0x1 
 .rodata.user_irq_claim_unused.str1.4
                0x000000001000b964       0x1b CMakeFiles/test.dir/home/sebin/RP/pico/pico-sdk/src/rp2_common/hardware_irq/irq.c.obj
 *fill*         0x000000001000b97f        0x1 
 .rodata.hardware_alarm_claim.str1.4
                0x000000001000b980       0x22 CMakeFiles/test.dir/home/sebin/RP/pico/pico-sdk/src/rp2_common/hardware_timer/timer.c.obj
 *fill*         0x000000001000b9a2        0x2 
 .rodata.__assert_func.str1.4
                0x000000001000b9a4       0x3f CMakeFiles/test.dir/home/sebin/RP/pico/pico-sdk/src/rp2_common/pico_runtime/runtime.c.obj
                                         0x43 (size before relaxing)
 *fill*         0x000000001000b9e3        0x1 
 .rodata.panic.str1.4
                0x000000001000b9e4       0x10 CMakeFiles/test.dir/home/sebin/RP/pico/pico-sdk/src/rp2_common/pico_runtime/runtime.c.obj
                                         0x12 (size before relaxing)
 .rodata.hard_assertion_failure.str1.4
                0x000000001000b9f4        0xc CMakeFiles/test.dir/home/sebin/RP/pico/pico-sdk/src/rp2_common/pico_runtime/runtime.c.obj
 .rodata.__wrap_malloc.str1.4
                0x000000001000ba00        0xe CMakeFiles/test.dir/home/sebin/RP/pico/pico-sdk/src/rp2_common/pico_malloc/pico_malloc.c.obj
 *fill*         0x000000001000ba0e        0x2 
 .rodata.str1.4
                0x000000001000ba10       0x3c CMakeFiles/test.dir/home/sebin/RP/pico/pico-sdk/src/rp2_common/pico_standard_link/binary_info.c.obj
 .rodata.__bi_44
                0x000000001000ba4c        0xc CMakeFiles/test.dir/home/sebin/RP/pico/pico-sdk/src/rp2_common/pico_standard_link/binary_info.c.obj
 .rodata.__bi_75
                0x000000001000ba58        0xc CMakeFiles/test.dir/home/sebin/RP/pico/pico-sdk/src/rp2_common/pico_standard_link/binary_info.c.obj
 .rodata.__bi_81
                0x000000001000ba64        0xc CMakeFiles/test.dir/home/sebin/RP/pico/pico-sdk/src/rp2_common/pico_standard_link/binary_info.c.obj
 .rodata.crlf_str.6236
                0x000000001000ba70        0x2 CMakeFiles/test.dir/home/sebin/RP/pico/pico-sdk/src/rp2_common/pico_stdio/stdio.c.obj
 *fill*         0x000000001000ba72        0x2 
 .rodata.str1.4
                0x000000001000ba74       0x2c CMakeFiles/test.dir/home/sebin/RP/pico/pico-sdk/src/rp2_common/pico_stdio_uart/stdio_uart.c.obj
 .rodata.__bi_33.4876
                0x000000001000baa0        0xc CMakeFiles/test.dir/home/sebin/RP/pico/pico-sdk/src/rp2_common/pico_stdio_uart/stdio_uart.c.obj
 .rodata.__bi_34.4880
                0x000000001000baac        0x8 CMakeFiles/test.dir/home/sebin/RP/pico/pico-sdk/src/rp2_common/pico_stdio_uart/stdio_uart.c.obj
 .rodata._resetd_driver
                0x000000001000bab4       0x18 CMakeFiles/test.dir/home/sebin/RP/pico/pico-sdk/src/rp2_common/pico_stdio_usb/reset_interface.c.obj
 .rodata.str1.4
                0x000000001000bacc       0x13 CMakeFiles/test.dir/home/sebin/RP/pico/pico-sdk/src/rp2_common/pico_stdio_usb/stdio_usb.c.obj
 *fill*         0x000000001000badf        0x1 
 .rodata.__bi_182.7658
                0x000000001000bae0        0xc CMakeFiles/test.dir/home/sebin/RP/pico/pico-sdk/src/rp2_common/pico_stdio_usb/stdio_usb.c.obj
 .rodata.str1.4
                0x000000001000baec       0x2a CMakeFiles/test.dir/home/sebin/RP/pico/pico-sdk/src/rp2_common/pico_stdio_usb/stdio_usb_descriptors.c.obj
 *fill*         0x000000001000bb16        0x2 
 .rodata.usbd_desc_cfg
                0x000000001000bb18       0x54 CMakeFiles/test.dir/home/sebin/RP/pico/pico-sdk/src/rp2_common/pico_stdio_usb/stdio_usb_descriptors.c.obj
 .rodata.usbd_desc_device
                0x000000001000bb6c       0x12 CMakeFiles/test.dir/home/sebin/RP/pico/pico-sdk/src/rp2_common/pico_stdio_usb/stdio_usb_descriptors.c.obj
 *fill*         0x000000001000bb7e        0x2 
 .rodata.usbd_desc_str
                0x000000001000bb80       0x18 CMakeFiles/test.dir/home/sebin/RP/pico/pico-sdk/src/rp2_common/pico_stdio_usb/stdio_usb_descriptors.c.obj
 .rodata.str1.4
                0x000000001000bb98       0x14 CMakeFiles/test.dir/home/sebin/RP/pico/pico-sdk/lib/tinyusb/src/portable/raspberrypi/rp2040/dcd_rp2040.c.obj
 .rodata.str1.4
                0x000000001000bbac       0x49 CMakeFiles/test.dir/home/sebin/RP/pico/pico-sdk/lib/tinyusb/src/portable/raspberrypi/rp2040/rp2040_usb.c.obj
                                         0x53 (size before relaxing)
 *fill*         0x000000001000bbf5        0x3 
 .rodata.tud_task_ext
                0x000000001000bbf8       0x8c CMakeFiles/test.dir/home/sebin/RP/pico/pico-sdk/lib/tinyusb/src/device/usbd.c.obj
 .rodata._usbd_driver
                0x000000001000bc84       0x18 CMakeFiles/test.dir/home/sebin/RP/pico/pico-sdk/lib/tinyusb/src/device/usbd.c.obj
 .rodata.initcmd
                0x000000001000bc9c       0x70 lib/ili9341/libili9341.a(ili9341.c.obj)
                0x000000001000bc9c                initcmd
 .rodata.font   0x000000001000bd0c      0x500 lib/gfx/libgfx.a(gfx.c.obj)
 .rodata.DIE_TEMP_INTEGER
                0x000000001000c20c        0x1 max/libmax30102.a(max30102.c.obj)
 *fill*         0x000000001000c20d        0x3 
 .rodata.__bi_14.6616
                0x000000001000c210        0x8 max/libmax30102.a(max30102.c.obj)
 .rodata.intrpt_status_2
                0x000000001000c218        0x1 max/libmax30102.a(max30102.c.obj)
 *fill*         0x000000001000c219        0x3 
 .rodata.__bi_43.6367
                0x000000001000c21c        0x8 mlx90614/libmlx90614.a(mlx90614.c.obj)
 .rodata        0x000000001000c224      0x184 /usr/lib/gcc/arm-none-eabi/9.2.1/../../../arm-none-eabi/lib/thumb/v6-m/nofp/libc.a(lib_a-svfprintf.o)
 .rodata.str1.4
                0x000000001000c3a8       0x3f /usr/lib/gcc/arm-none-eabi/9.2.1/../../../arm-none-eabi/lib/thumb/v6-m/nofp/libc.a(lib_a-svfprintf.o)
                                         0x42 (size before relaxing)
 *fill*         0x000000001000c3e7        0x1 
 .rodata.str1.4
                0x000000001000c3e8       0x56 /usr/lib/gcc/arm-none-eabi/9.2.1/../../../arm-none-eabi/lib/thumb/v6-m/nofp/libc.a(lib_a-dtoa.o)
                                         0x5a (size before relaxing)
 *fill*         0x000000001000c43e        0x2 
 .rodata        0x000000001000c440      0x128 /usr/lib/gcc/arm-none-eabi/9.2.1/../../../arm-none-eabi/lib/thumb/v6-m/nofp/libc.a(lib_a-mprec.o)
                0x000000001000c450                __mprec_tinytens
                0x000000001000c478                __mprec_bigtens
                0x000000001000c4a0                __mprec_tens
 .rodata.str1.4
                0x000000001000c568       0x33 /usr/lib/gcc/arm-none-eabi/9.2.1/../../../arm-none-eabi/lib/thumb/v6-m/nofp/libc.a(lib_a-mprec.o)
                                         0x47 (size before relaxing)
 *fill*         0x000000001000c59b        0x1 
 .rodata        0x000000001000c59c      0x184 /usr/lib/gcc/arm-none-eabi/9.2.1/../../../arm-none-eabi/lib/thumb/v6-m/nofp/libc.a(lib_a-svfiprintf.o)
 .rodata.str1.4
                0x000000001000c720       0x2f /usr/lib/gcc/arm-none-eabi/9.2.1/../../../arm-none-eabi/lib/thumb/v6-m/nofp/libc.a(lib_a-svfiprintf.o)
 .rodata.str1.4
                0x000000001000c720        0xa /usr/lib/gcc/arm-none-eabi/9.2.1/../../../arm-none-eabi/lib/thumb/v6-m/nofp/libc.a(lib_a-locale.o)
                                         0x12 (size before relaxing)
 *fill*         0x000000001000c72a        0x2 
 .rodata        0x000000001000c72c      0x101 /usr/lib/gcc/arm-none-eabi/9.2.1/../../../arm-none-eabi/lib/thumb/v6-m/nofp/libc.a(lib_a-ctype_.o)
                0x000000001000c72c                _ctype_
                0x000000001000c830                . = ALIGN (0x4)
 *fill*         0x000000001000c82d        0x3 
 *(SORT_BY_ALIGNMENT(SORT_BY_NAME(.flashdata*)))
                0x000000001000c830                . = ALIGN (0x4)

.ARM.extab
 *(.ARM.extab* .gnu.linkonce.armextab.*)
                0x000000001000c830                __exidx_start = .

.ARM.exidx
 *(.ARM.exidx* .gnu.linkonce.armexidx.*)
                0x000000001000c830                __exidx_end = .
                0x000000001000c830                . = ALIGN (0x4)
                0x000000001000c830                __binary_info_start = .

.binary_info    0x000000001000c830       0x30
 *(.binary_info.keep.*)
 .binary_info.keep.__bi_ptr22
                0x000000001000c830        0x4 CMakeFiles/test.dir/home/sebin/RP/pico/pico-sdk/src/rp2_common/pico_standard_link/binary_info.c.obj
 .binary_info.keep.__bi_ptr30
                0x000000001000c834        0x4 CMakeFiles/test.dir/home/sebin/RP/pico/pico-sdk/src/rp2_common/pico_standard_link/binary_info.c.obj
 .binary_info.keep.__bi_ptr38
                0x000000001000c838        0x4 CMakeFiles/test.dir/home/sebin/RP/pico/pico-sdk/src/rp2_common/pico_standard_link/binary_info.c.obj
 .binary_info.keep.__bi_ptr44
                0x000000001000c83c        0x4 CMakeFiles/test.dir/home/sebin/RP/pico/pico-sdk/src/rp2_common/pico_standard_link/binary_info.c.obj
 .binary_info.keep.__bi_ptr50
                0x000000001000c840        0x4 CMakeFiles/test.dir/home/sebin/RP/pico/pico-sdk/src/rp2_common/pico_standard_link/binary_info.c.obj
 .binary_info.keep.__bi_ptr75
                0x000000001000c844        0x4 CMakeFiles/test.dir/home/sebin/RP/pico/pico-sdk/src/rp2_common/pico_standard_link/binary_info.c.obj
 .binary_info.keep.__bi_ptr81
                0x000000001000c848        0x4 CMakeFiles/test.dir/home/sebin/RP/pico/pico-sdk/src/rp2_common/pico_standard_link/binary_info.c.obj
 .binary_info.keep.__bi_ptr14
                0x000000001000c84c        0x4 max/libmax30102.a(max30102.c.obj)
 .binary_info.keep.__bi_ptr43
                0x000000001000c850        0x4 mlx90614/libmlx90614.a(mlx90614.c.obj)
 *(.binary_info.*)
 .binary_info.__bi_ptr33
                0x000000001000c854        0x4 CMakeFiles/test.dir/home/sebin/RP/pico/pico-sdk/src/rp2_common/pico_stdio_uart/stdio_uart.c.obj
 .binary_info.__bi_ptr34
                0x000000001000c858        0x4 CMakeFiles/test.dir/home/sebin/RP/pico/pico-sdk/src/rp2_common/pico_stdio_uart/stdio_uart.c.obj
 .binary_info.__bi_ptr182
                0x000000001000c85c        0x4 CMakeFiles/test.dir/home/sebin/RP/pico/pico-sdk/src/rp2_common/pico_stdio_usb/stdio_usb.c.obj
                0x000000001000c860                __binary_info_end = .

.rel.dyn        0x000000001000c860        0x0
 .rel.iplt      0x000000001000c860        0x0 /usr/lib/gcc/arm-none-eabi/9.2.1/thumb/v6-m/nofp/crtbegin.o
                0x000000001000c860                . = ALIGN (0x4)

.ram_vector_table
                0x0000000020000000       0xc0
 *(.ram_vector_table)
 .ram_vector_table
                0x0000000020000000       0xc0 CMakeFiles/test.dir/home/sebin/RP/pico/pico-sdk/src/rp2_common/pico_runtime/runtime.c.obj
                0x0000000020000000                ram_vector_table

.data           0x00000000200000c0     0x1a54 load address 0x000000001000c860
                0x00000000200000c0                __data_start__ = .
 *(vtable)
 *(.time_critical*)
 .time_critical.mutex_try_enter
                0x00000000200000c0       0x48 CMakeFiles/test.dir/home/sebin/RP/pico/pico-sdk/src/common/pico_sync/mutex.c.obj
                0x00000000200000c0                mutex_try_enter
 .time_critical.mutex_try_enter_block_until
                0x0000000020000108       0xb0 CMakeFiles/test.dir/home/sebin/RP/pico/pico-sdk/src/common/pico_sync/mutex.c.obj
                0x0000000020000108                mutex_try_enter_block_until
 .time_critical.mutex_enter_timeout_ms
                0x00000000200001b8       0x90 CMakeFiles/test.dir/home/sebin/RP/pico/pico-sdk/src/common/pico_sync/mutex.c.obj
                0x00000000200001b8                mutex_enter_timeout_ms
 .time_critical.mutex_exit
                0x0000000020000248       0x28 CMakeFiles/test.dir/home/sebin/RP/pico/pico-sdk/src/common/pico_sync/mutex.c.obj
                0x0000000020000248                mutex_exit
 .time_critical.flash_init_boot2_copyout
                0x0000000020000270       0x30 CMakeFiles/test.dir/home/sebin/RP/pico/pico-sdk/src/rp2_common/hardware_flash/flash.c.obj
 .time_critical.flash_enable_xip_via_boot2
                0x00000000200002a0       0x10 CMakeFiles/test.dir/home/sebin/RP/pico/pico-sdk/src/rp2_common/hardware_flash/flash.c.obj
 .time_critical.flash_cs_force
                0x00000000200002b0       0x38 CMakeFiles/test.dir/home/sebin/RP/pico/pico-sdk/src/rp2_common/hardware_flash/flash.c.obj
 .time_critical.flash_do_cmd
                0x00000000200002e8       0xc4 CMakeFiles/test.dir/home/sebin/RP/pico/pico-sdk/src/rp2_common/hardware_flash/flash.c.obj
                0x00000000200002e8                flash_do_cmd
 .time_critical.reset_non_control_endpoints
                0x00000000200003ac       0xbc CMakeFiles/test.dir/home/sebin/RP/pico/pico-sdk/lib/tinyusb/src/portable/raspberrypi/rp2040/dcd_rp2040.c.obj
 .time_critical.hw_handle_buff_status
                0x0000000020000468       0xb4 CMakeFiles/test.dir/home/sebin/RP/pico/pico-sdk/lib/tinyusb/src/portable/raspberrypi/rp2040/dcd_rp2040.c.obj
 .time_critical.dcd_rp2040_irq
                0x000000002000051c      0x4f4 CMakeFiles/test.dir/home/sebin/RP/pico/pico-sdk/lib/tinyusb/src/portable/raspberrypi/rp2040/dcd_rp2040.c.obj
 .time_critical.prepare_ep_buffer
                0x0000000020000a10       0x70 CMakeFiles/test.dir/home/sebin/RP/pico/pico-sdk/lib/tinyusb/src/portable/raspberrypi/rp2040/rp2040_usb.c.obj
 .time_critical.sync_ep_buffer
                0x0000000020000a80       0x4c CMakeFiles/test.dir/home/sebin/RP/pico/pico-sdk/lib/tinyusb/src/portable/raspberrypi/rp2040/rp2040_usb.c.obj
 .time_critical._hw_endpoint_xfer_sync
                0x0000000020000acc       0x28 CMakeFiles/test.dir/home/sebin/RP/pico/pico-sdk/lib/tinyusb/src/portable/raspberrypi/rp2040/rp2040_usb.c.obj
 .time_critical.e15_is_bulkin_ep
                0x0000000020000af4       0x28 CMakeFiles/test.dir/home/sebin/RP/pico/pico-sdk/lib/tinyusb/src/portable/raspberrypi/rp2040/rp2040_usb.c.obj
 .time_critical.e15_is_critical_frame_period
                0x0000000020000b1c       0x38 CMakeFiles/test.dir/home/sebin/RP/pico/pico-sdk/lib/tinyusb/src/portable/raspberrypi/rp2040/rp2040_usb.c.obj
 .time_critical.hw_endpoint_reset_transfer
                0x0000000020000b54        0xc CMakeFiles/test.dir/home/sebin/RP/pico/pico-sdk/lib/tinyusb/src/portable/raspberrypi/rp2040/rp2040_usb.c.obj
                0x0000000020000b54                hw_endpoint_reset_transfer
 .time_critical._hw_endpoint_buffer_control_update32
                0x0000000020000b60       0x58 CMakeFiles/test.dir/home/sebin/RP/pico/pico-sdk/lib/tinyusb/src/portable/raspberrypi/rp2040/rp2040_usb.c.obj
                0x0000000020000b60                _hw_endpoint_buffer_control_update32
 .time_critical.hw_endpoint_start_next_buffer
                0x0000000020000bb8       0x6c CMakeFiles/test.dir/home/sebin/RP/pico/pico-sdk/lib/tinyusb/src/portable/raspberrypi/rp2040/rp2040_usb.c.obj
                0x0000000020000bb8                hw_endpoint_start_next_buffer
 .time_critical.hw_endpoint_xfer_continue
                0x0000000020000c24       0x50 CMakeFiles/test.dir/home/sebin/RP/pico/pico-sdk/lib/tinyusb/src/portable/raspberrypi/rp2040/rp2040_usb.c.obj
                0x0000000020000c24                hw_endpoint_xfer_continue
 .time_critical.tinyusb
                0x0000000020000c74      0x170 CMakeFiles/test.dir/home/sebin/RP/pico/pico-sdk/lib/tinyusb/src/device/usbd.c.obj
                0x0000000020000c74                dcd_event_handler
 .time_critical.spi_write_blocking
                0x0000000020000de4       0x4c CMakeFiles/test.dir/home/sebin/RP/pico/pico-sdk/src/rp2_common/hardware_spi/spi.c.obj
                0x0000000020000de4                spi_write_blocking
 .time_critical.spi_write16_blocking
                0x0000000020000e30       0x50 CMakeFiles/test.dir/home/sebin/RP/pico/pico-sdk/src/rp2_common/hardware_spi/spi.c.obj
                0x0000000020000e30                spi_write16_blocking
 *(.text*)
 .text          0x0000000020000e80        0x4 /usr/lib/gcc/arm-none-eabi/9.2.1/thumb/v6-m/nofp/libgcc.a(_dvmd_tls.o)
                0x0000000020000e80                __aeabi_ldiv0
                0x0000000020000e80                __aeabi_idiv0
 .text          0x0000000020000e84       0xbc /usr/lib/gcc/arm-none-eabi/9.2.1/../../../arm-none-eabi/lib/thumb/v6-m/nofp/libc.a(lib_a-memmove.o)
                0x0000000020000e84                memmove
 .text          0x0000000020000f40       0x80 /usr/lib/gcc/arm-none-eabi/9.2.1/../../../arm-none-eabi/lib/thumb/v6-m/nofp/libc.a(lib_a-memchr-stub.o)
                0x0000000020000f40                memchr
 .text.__stub   0x0000000020000fc0       0x70 linker stubs
                0x0000000020001030                . = ALIGN (0x4)
 *(.rodata*)
                0x0000000020001030                . = ALIGN (0x4)
 *(.data*)
 .data.striped_spin_lock_num
                0x0000000020001030        0x1 CMakeFiles/test.dir/home/sebin/RP/pico/pico-sdk/src/rp2_common/hardware_sync/sync.c.obj
 *fill*         0x0000000020001031        0x3 
 .data          0x0000000020001034       0x48 CMakeFiles/test.dir/home/sebin/RP/pico/pico-sdk/src/rp2_common/hardware_irq/irq_handler_chain.S.obj
                0x0000000020001034                irq_handler_chain_slots
                0x0000000020001064                irq_handler_chain_first_slot
                0x000000002000106e                irq_handler_chain_remove_tail
 .data.default_alarm_pool
                0x000000002000107c       0x18 CMakeFiles/test.dir/home/sebin/RP/pico/pico-sdk/src/common/pico_time/time.c.obj
 .data.default_alarm_pool_heap
                0x0000000020001094       0x10 CMakeFiles/test.dir/home/sebin/RP/pico/pico-sdk/src/common/pico_time/time.c.obj
 *fill*         0x00000000200010a4        0xc 
 .data.aeabi_bits_funcs
                0x00000000200010b0       0x10 CMakeFiles/test.dir/home/sebin/RP/pico/pico-sdk/src/rp2_common/pico_bit_ops/bit_ops_aeabi.S.obj
                0x00000000200010b0                aeabi_bits_funcs
                0x00000000200010c0                aeabi_bits_funcs_end
 .data.aeabi_mem_funcs
                0x00000000200010c0       0x10 CMakeFiles/test.dir/home/sebin/RP/pico/pico-sdk/src/rp2_common/pico_mem_ops/mem_ops_aeabi.S.obj
                0x00000000200010c0                aeabi_mem_funcs
                0x00000000200010d0                aeabi_mem_funcs_end
 .data.stdio_uart
                0x00000000200010d0       0x18 CMakeFiles/test.dir/home/sebin/RP/pico/pico-sdk/src/rp2_common/pico_stdio_uart/stdio_uart.c.obj
                0x00000000200010d0                stdio_uart
 .data.stdio_usb
                0x00000000200010e8       0x18 CMakeFiles/test.dir/home/sebin/RP/pico/pico-sdk/src/rp2_common/pico_stdio_usb/stdio_usb.c.obj
                0x00000000200010e8                stdio_usb
 .data.ep_dir_string
                0x0000000020001100        0x8 CMakeFiles/test.dir/home/sebin/RP/pico/pico-sdk/lib/tinyusb/src/portable/raspberrypi/rp2040/rp2040_usb.c.obj
                0x0000000020001100                ep_dir_string
 .data._usbd_qdef
                0x0000000020001108       0x1c CMakeFiles/test.dir/home/sebin/RP/pico/pico-sdk/lib/tinyusb/src/device/usbd.c.obj
                0x0000000020001108                _usbd_qdef
 .data._usbd_rhport
                0x0000000020001124        0x1 CMakeFiles/test.dir/home/sebin/RP/pico/pico-sdk/lib/tinyusb/src/device/usbd.c.obj
 *fill*         0x0000000020001125        0x3 
 .data.i2c0_inst
                0x0000000020001128        0x8 CMakeFiles/test.dir/home/sebin/RP/pico/pico-sdk/src/rp2_common/hardware_i2c/i2c.c.obj
                0x0000000020001128                i2c0_inst
 .data.ili9341_pinCS
                0x0000000020001130        0x2 lib/ili9341/libili9341.a(ili9341.c.obj)
                0x0000000020001130                ili9341_pinCS
 .data.ili9341_pinDC
                0x0000000020001132        0x2 lib/ili9341/libili9341.a(ili9341.c.obj)
                0x0000000020001132                ili9341_pinDC
 .data.ili9341_pinRST
                0x0000000020001134        0x2 lib/ili9341/libili9341.a(ili9341.c.obj)
                0x0000000020001134                ili9341_pinRST
 .data.ili9341_pinSCK
                0x0000000020001136        0x2 lib/ili9341/libili9341.a(ili9341.c.obj)
                0x0000000020001136                ili9341_pinSCK
 .data.ili9341_pinTX
                0x0000000020001138        0x2 lib/ili9341/libili9341.a(ili9341.c.obj)
                0x0000000020001138                ili9341_pinTX
 *fill*         0x000000002000113a        0x2 
 .data.ili9341_spi
                0x000000002000113c        0x4 lib/ili9341/libili9341.a(ili9341.c.obj)
                0x000000002000113c                ili9341_spi
 .data.textcolor
                0x0000000020001140        0x2 lib/gfx/libgfx.a(gfx.c.obj)
                0x0000000020001140                textcolor
 .data.textsize_x
                0x0000000020001142        0x1 lib/gfx/libgfx.a(gfx.c.obj)
                0x0000000020001142                textsize_x
 .data.textsize_y
                0x0000000020001143        0x1 lib/gfx/libgfx.a(gfx.c.obj)
                0x0000000020001143                textsize_y
 .data.wrap     0x0000000020001144        0x1 lib/gfx/libgfx.a(gfx.c.obj)
                0x0000000020001144                wrap
 *fill*         0x0000000020001145        0x3 
 .data          0x0000000020001148      0x430 /usr/lib/gcc/arm-none-eabi/9.2.1/../../../arm-none-eabi/lib/thumb/v6-m/nofp/libc.a(lib_a-impure.o)
                0x0000000020001148                _impure_ptr
 .data          0x0000000020001578      0x410 /usr/lib/gcc/arm-none-eabi/9.2.1/../../../arm-none-eabi/lib/thumb/v6-m/nofp/libc.a(lib_a-mallocr.o)
                0x0000000020001578                __malloc_sbrk_base
                0x000000002000157c                __malloc_trim_threshold
                0x0000000020001580                __malloc_av_
 .data          0x0000000020001988      0x16c /usr/lib/gcc/arm-none-eabi/9.2.1/../../../arm-none-eabi/lib/thumb/v6-m/nofp/libc.a(lib_a-locale.o)
                0x0000000020001988                __global_locale
                0x0000000020001af4                . = ALIGN (0x4)
 *(.after_data.*)
                0x0000000020001af4                . = ALIGN (0x4)
                0x0000000020001af4                PROVIDE (__mutex_array_start = .)
 *(SORT_BY_NAME(.mutex_array.*))
 *(.mutex_array)
 .mutex_array   0x0000000020001af4        0x8 CMakeFiles/test.dir/home/sebin/RP/pico/pico-sdk/src/rp2_common/pico_stdio/stdio.c.obj
                0x0000000020001afc                PROVIDE (__mutex_array_end = .)
                0x0000000020001afc                . = ALIGN (0x4)
                0x0000000020001afc                PROVIDE (__preinit_array_start = .)
 *(SORT_BY_NAME(.preinit_array.*))
 .preinit_array.00001
                0x0000000020001afc        0x4 CMakeFiles/test.dir/home/sebin/RP/pico/pico-sdk/src/rp2_common/pico_mem_ops/mem_ops_aeabi.S.obj
 .preinit_array.00010
                0x0000000020001b00        0x4 CMakeFiles/test.dir/home/sebin/RP/pico/pico-sdk/src/rp2_common/pico_bit_ops/bit_ops_aeabi.S.obj
 .preinit_array.00020
                0x0000000020001b04        0x4 CMakeFiles/test.dir/home/sebin/RP/pico/pico-sdk/src/rp2_common/pico_double/double_aeabi.S.obj
 .preinit_array.00020
                0x0000000020001b08        0x4 CMakeFiles/test.dir/home/sebin/RP/pico/pico-sdk/src/rp2_common/pico_float/float_aeabi.S.obj
 *(.preinit_array)
                0x0000000020001b0c                PROVIDE (__preinit_array_end = .)
                0x0000000020001b0c                . = ALIGN (0x4)
                0x0000000020001b0c                PROVIDE (__init_array_start = .)
 *(SORT_BY_NAME(.init_array.*))
 *(.init_array)
 .init_array    0x0000000020001b0c        0x4 /usr/lib/gcc/arm-none-eabi/9.2.1/thumb/v6-m/nofp/crtbegin.o
 .init_array    0x0000000020001b10        0x4 CMakeFiles/test.dir/home/sebin/RP/pico/pico-sdk/src/rp2_common/pico_unique_id/unique_id.c.obj
                0x0000000020001b14                PROVIDE (__init_array_end = .)
                0x0000000020001b14                . = ALIGN (0x4)
                0x0000000020001b14                PROVIDE (__fini_array_start = .)
 *(SORT_BY_NAME(.fini_array.*))
 *(.fini_array)
                0x0000000020001b14                PROVIDE (__fini_array_end = .)
 *(.jcr)
                0x0000000020001b14                . = ALIGN (0x4)
                0x0000000020001b14                __data_end__ = .
                0x000000001000c860                __etext = LOADADDR (.data)

.tm_clone_table
                0x0000000020001b14        0x0 load address 0x000000001000e2b4
 .tm_clone_table
                0x0000000020001b14        0x0 /usr/lib/gcc/arm-none-eabi/9.2.1/thumb/v6-m/nofp/crtbegin.o
 .tm_clone_table
                0x0000000020001b14        0x0 /usr/lib/gcc/arm-none-eabi/9.2.1/thumb/v6-m/nofp/crtend.o

.igot.plt       0x0000000020001b14        0x0 load address 0x000000001000e2b4
 .igot.plt      0x0000000020001b14        0x0 /usr/lib/gcc/arm-none-eabi/9.2.1/thumb/v6-m/nofp/crtbegin.o

.uninitialized_data
                0x0000000020001b14        0x0 load address 0x000000001000e2b4
                0x0000000020001b14                . = ALIGN (0x4)
 *(.uninitialized_data*)

.scratch_x      0x0000000020040000        0x0 load address 0x000000001000e2b4
                0x0000000020040000                __scratch_x_start__ = .
 *(.scratch_x.*)
                0x0000000020040000                . = ALIGN (0x4)
                0x0000000020040000                __scratch_x_end__ = .
                0x000000001000e2b4                __scratch_x_source__ = LOADADDR (.scratch_x)

.scratch_y      0x0000000020041000        0x0 load address 0x000000001000e2b4
                0x0000000020041000                __scratch_y_start__ = .
 *(.scratch_y.*)
                0x0000000020041000                . = ALIGN (0x4)
                0x0000000020041000                __scratch_y_end__ = .
                0x000000001000e2b4                __scratch_y_source__ = LOADADDR (.scratch_y)

.bss            0x0000000020001b18      0xf68
                0x0000000020001b18                . = ALIGN (0x4)
                0x0000000020001b18                __bss_start__ = .
 *(SORT_BY_ALIGNMENT(SORT_BY_NAME(.bss*)))
 .bss.default_alarm_pool_entries
                0x0000000020001b18      0x100 CMakeFiles/test.dir/home/sebin/RP/pico/pico-sdk/src/common/pico_time/time.c.obj
 .bss.last_avail_time.7631
                0x0000000020001c18        0x8 CMakeFiles/test.dir/home/sebin/RP/pico/pico-sdk/src/rp2_common/pico_stdio_usb/stdio_usb.c.obj
 .bss           0x0000000020001c20       0x1c /usr/lib/gcc/arm-none-eabi/9.2.1/thumb/v6-m/nofp/crtbegin.o
 .bss           0x0000000020001c3c       0x34 /usr/lib/gcc/arm-none-eabi/9.2.1/../../../arm-none-eabi/lib/thumb/v6-m/nofp/libc.a(lib_a-mallocr.o)
                0x0000000020001c3c                __malloc_top_pad
                0x0000000020001c40                __malloc_current_mallinfo
                0x0000000020001c68                __malloc_max_sbrked_mem
                0x0000000020001c6c                __malloc_max_total_mem
 .bss._app_driver
                0x0000000020001c70        0x4 CMakeFiles/test.dir/home/sebin/RP/pico/pico-sdk/lib/tinyusb/src/device/usbd.c.obj
 .bss._cdcd_itf
                0x0000000020001c74      0x2c8 CMakeFiles/test.dir/home/sebin/RP/pico/pico-sdk/lib/tinyusb/src/class/cdc/cdc_device.c.obj
 .bss._ctrl_xfer
                0x0000000020001f3c       0x14 CMakeFiles/test.dir/home/sebin/RP/pico/pico-sdk/lib/tinyusb/src/device/usbd_control.c.obj
 .bss._ubsd_mutexdef
                0x0000000020001f50        0x8 CMakeFiles/test.dir/home/sebin/RP/pico/pico-sdk/lib/tinyusb/src/device/usbd.c.obj
 .bss._usbd_ctrl_buf
                0x0000000020001f58       0x40 CMakeFiles/test.dir/home/sebin/RP/pico/pico-sdk/lib/tinyusb/src/device/usbd_control.c.obj
 .bss._usbd_dev
                0x0000000020001f98       0x53 CMakeFiles/test.dir/home/sebin/RP/pico/pico-sdk/lib/tinyusb/src/device/usbd.c.obj
 *fill*         0x0000000020001feb        0x1 
 .bss._usbd_mutex
                0x0000000020001fec        0x4 CMakeFiles/test.dir/home/sebin/RP/pico/pico-sdk/lib/tinyusb/src/device/usbd.c.obj
 .bss._usbd_q   0x0000000020001ff0        0x4 CMakeFiles/test.dir/home/sebin/RP/pico/pico-sdk/lib/tinyusb/src/device/usbd.c.obj
 .bss.alarm_callbacks
                0x0000000020001ff4       0x10 CMakeFiles/test.dir/home/sebin/RP/pico/pico-sdk/src/rp2_common/hardware_timer/timer.c.obj
 .bss.boot2_copyout
                0x0000000020002004      0x100 CMakeFiles/test.dir/home/sebin/RP/pico/pico-sdk/src/rp2_common/hardware_flash/flash.c.obj
 .bss.chars_available_callback
                0x0000000020002104        0x4 CMakeFiles/test.dir/home/sebin/RP/pico/pico-sdk/src/rp2_common/pico_stdio_uart/stdio_uart.c.obj
 .bss.chars_available_callback
                0x0000000020002108        0x4 CMakeFiles/test.dir/home/sebin/RP/pico/pico-sdk/src/rp2_common/pico_stdio_usb/stdio_usb.c.obj
 .bss.chars_available_param
                0x000000002000210c        0x4 CMakeFiles/test.dir/home/sebin/RP/pico/pico-sdk/src/rp2_common/pico_stdio_uart/stdio_uart.c.obj
 .bss.chars_available_param
                0x0000000020002110        0x4 CMakeFiles/test.dir/home/sebin/RP/pico/pico-sdk/src/rp2_common/pico_stdio_usb/stdio_usb.c.obj
 .bss.claimed   0x0000000020002114        0x4 CMakeFiles/test.dir/home/sebin/RP/pico/pico-sdk/src/rp2_common/hardware_sync/sync.c.obj
 .bss.configured_freq
                0x0000000020002118       0x28 CMakeFiles/test.dir/home/sebin/RP/pico/pico-sdk/src/rp2_common/hardware_clocks/clocks.c.obj
 .bss.default_alarm_pool_entry_ids_high
                0x0000000020002140       0x10 CMakeFiles/test.dir/home/sebin/RP/pico/pico-sdk/src/common/pico_time/time.c.obj
 .bss.default_alarm_pool_heap_nodes
                0x0000000020002150       0x30 CMakeFiles/test.dir/home/sebin/RP/pico/pico-sdk/src/common/pico_time/time.c.obj
 .bss.desc_str.7423
                0x0000000020002180       0x28 CMakeFiles/test.dir/home/sebin/RP/pico/pico-sdk/src/rp2_common/pico_stdio_usb/stdio_usb_descriptors.c.obj
 .bss.drivers   0x00000000200021a8        0x4 CMakeFiles/test.dir/home/sebin/RP/pico/pico-sdk/src/rp2_common/pico_stdio/stdio.c.obj
 .bss.e15_last_sof
                0x00000000200021ac        0x4 CMakeFiles/test.dir/home/sebin/RP/pico/pico-sdk/lib/tinyusb/src/portable/raspberrypi/rp2040/rp2040_usb.c.obj
                0x00000000200021ac                e15_last_sof
 .bss.filter    0x00000000200021b0        0x4 CMakeFiles/test.dir/home/sebin/RP/pico/pico-sdk/src/rp2_common/pico_stdio/stdio.c.obj
 .bss.gfxFont   0x00000000200021b4        0x4 lib/gfx/libgfx.a(gfx.c.obj)
                0x00000000200021b4                gfxFont
 .bss.gfxFramebuffer
                0x00000000200021b8        0x4 lib/gfx/libgfx.a(gfx.c.obj)
                0x00000000200021b8                gfxFramebuffer
 .bss.heap_end.6417
                0x00000000200021bc        0x4 CMakeFiles/test.dir/home/sebin/RP/pico/pico-sdk/src/rp2_common/pico_runtime/runtime.c.obj
 .bss.hw_endpoints
                0x00000000200021c0      0x400 CMakeFiles/test.dir/home/sebin/RP/pico/pico-sdk/lib/tinyusb/src/portable/raspberrypi/rp2040/dcd_rp2040.c.obj
 .bss.lazy_vsnprintf
                0x00000000200025c0        0x4 CMakeFiles/test.dir/home/sebin/RP/pico/pico-sdk/src/rp2_common/pico_printf/printf.c.obj
 .bss.load_value
                0x00000000200025c4        0x4 CMakeFiles/test.dir/home/sebin/RP/pico/pico-sdk/src/rp2_common/hardware_watchdog/watchdog.c.obj
 .bss.next_buffer_ptr
                0x00000000200025c8        0x4 CMakeFiles/test.dir/home/sebin/RP/pico/pico-sdk/lib/tinyusb/src/portable/raspberrypi/rp2040/dcd_rp2040.c.obj
 .bss.one_shot_timer_crit_sec
                0x00000000200025cc        0x8 CMakeFiles/test.dir/home/sebin/RP/pico/pico-sdk/src/rp2_common/pico_stdio_usb/stdio_usb.c.obj
 .bss.pools     0x00000000200025d4       0x10 CMakeFiles/test.dir/home/sebin/RP/pico/pico-sdk/src/common/pico_time/time.c.obj
 .bss.retrieved_id
                0x00000000200025e4        0x8 CMakeFiles/test.dir/home/sebin/RP/pico/pico-sdk/src/rp2_common/pico_unique_id/unique_id.c.obj
 .bss.sf_clz_func
                0x00000000200025ec        0x4 CMakeFiles/test.dir/home/sebin/RP/pico/pico-sdk/src/rp2_common/pico_double/double_init_rom.c.obj
                0x00000000200025ec                sf_clz_func
 .bss.sleep_notifier
                0x00000000200025f0        0x4 CMakeFiles/test.dir/home/sebin/RP/pico/pico-sdk/src/common/pico_time/time.c.obj
 .bss.stdio_usb_mutex
                0x00000000200025f4        0x8 CMakeFiles/test.dir/home/sebin/RP/pico/pico-sdk/src/rp2_common/pico_stdio_usb/stdio_usb.c.obj
 .bss.target_hi
                0x00000000200025fc       0x10 CMakeFiles/test.dir/home/sebin/RP/pico/pico-sdk/src/rp2_common/hardware_timer/timer.c.obj
 .bss.uart_instance
                0x000000002000260c        0x4 CMakeFiles/test.dir/home/sebin/RP/pico/pico-sdk/src/rp2_common/pico_stdio_uart/stdio_uart.c.obj
 .bss.usbd_serial_str
                0x0000000020002610       0x11 CMakeFiles/test.dir/home/sebin/RP/pico/pico-sdk/src/rp2_common/pico_stdio_usb/stdio_usb_descriptors.c.obj
 *fill*         0x0000000020002621        0x1 
 .bss.clearColour
                0x0000000020002622        0x2 lib/gfx/libgfx.a(gfx.c.obj)
                0x0000000020002622                clearColour
 .bss.cursor_x  0x0000000020002624        0x2 lib/gfx/libgfx.a(gfx.c.obj)
                0x0000000020002624                cursor_x
 .bss.cursor_y  0x0000000020002626        0x2 lib/gfx/libgfx.a(gfx.c.obj)
 .bss.textbgcolor
                0x0000000020002628        0x2 lib/gfx/libgfx.a(gfx.c.obj)
                0x0000000020002628                textbgcolor
 .bss._app_driver_count
                0x000000002000262a        0x1 CMakeFiles/test.dir/home/sebin/RP/pico/pico-sdk/lib/tinyusb/src/device/usbd.c.obj
 .bss._sof_enable
                0x000000002000262b        0x1 CMakeFiles/test.dir/home/sebin/RP/pico/pico-sdk/lib/tinyusb/src/portable/raspberrypi/rp2040/dcd_rp2040.c.obj
 .bss.boot2_copyout_valid
                0x000000002000262c        0x1 CMakeFiles/test.dir/home/sebin/RP/pico/pico-sdk/src/rp2_common/hardware_flash/flash.c.obj
 .bss.claimed   0x000000002000262d        0x1 CMakeFiles/test.dir/home/sebin/RP/pico/pico-sdk/src/rp2_common/hardware_timer/timer.c.obj
 .bss.gfxFbUpdated
                0x000000002000262e        0x1 lib/gfx/libgfx.a(gfx.c.obj)
 .bss.irq_hander_chain_free_slot_head
                0x000000002000262f        0x1 CMakeFiles/test.dir/home/sebin/RP/pico/pico-sdk/src/rp2_common/hardware_irq/irq.c.obj
 .bss.itf_num   0x0000000020002630        0x1 CMakeFiles/test.dir/home/sebin/RP/pico/pico-sdk/src/rp2_common/pico_stdio_usb/reset_interface.c.obj
 .bss.low_priority_irq_num
                0x0000000020002631        0x1 CMakeFiles/test.dir/home/sebin/RP/pico/pico-sdk/src/rp2_common/pico_stdio_usb/stdio_usb.c.obj
 .bss.one_shot_timer_pending
                0x0000000020002632        0x1 CMakeFiles/test.dir/home/sebin/RP/pico/pico-sdk/src/rp2_common/pico_stdio_usb/stdio_usb.c.obj
 .bss.timer_callbacks_pending
                0x0000000020002633        0x1 CMakeFiles/test.dir/home/sebin/RP/pico/pico-sdk/src/rp2_common/hardware_timer/timer.c.obj
 .bss.user_irq_claimed
                0x0000000020002634        0x1 CMakeFiles/test.dir/home/sebin/RP/pico/pico-sdk/src/rp2_common/hardware_irq/irq.c.obj
 *(COMMON)
 *fill*         0x0000000020002635        0x3 
 COMMON         0x0000000020002638      0x114 CMakeFiles/test.dir/main.c.obj
                0x0000000020002638                _activeLEDs
                0x000000002000263a                _rawObject2
                0x000000002000263c                senseBuf
                0x0000000020002730                _deviceAddress
                0x0000000020002732                _rawObject
                0x0000000020002734                _rawMax
                0x0000000020002738                id
                0x0000000020002740                _defaultUnit